[    0.000000] kernel: Linux version 5.15.0-78-generic (buildd@lcy02-amd64-008) (gcc (Ubuntu 11.3.0-1ubuntu1~22.04.1) 11.3.0, GNU ld (GNU Binutils for Ubuntu) 2.38) #85-Ubuntu SMP Fri Jul 7 15:25:09 UTC 2023 (Ubuntu 5.15.0-78.85-generic 5.15.99)
[    0.000000] kernel: Command line: BOOT_IMAGE=/casper/vmlinuz ---
[    0.000000] kernel: KERNEL supported cpus:
[    0.000000] kernel:   Intel GenuineIntel
[    0.000000] kernel:   AMD AuthenticAMD
[    0.000000] kernel:   Hygon HygonGenuine
[    0.000000] kernel:   Centaur CentaurHauls
[    0.000000] kernel:   zhaoxin   Shanghai  
[    0.000000] kernel: x86/fpu: Supporting XSAVE feature 0x001: 'x87 floating point registers'
[    0.000000] kernel: x86/fpu: Supporting XSAVE feature 0x002: 'SSE registers'
[    0.000000] kernel: x86/fpu: Supporting XSAVE feature 0x004: 'AVX registers'
[    0.000000] kernel: x86/fpu: Supporting XSAVE feature 0x200: 'Protection Keys User registers'
[    0.000000] kernel: x86/fpu: xstate_offset[2]:  576, xstate_sizes[2]:  256
[    0.000000] kernel: x86/fpu: xstate_offset[9]:  832, xstate_sizes[9]:    8
[    0.000000] kernel: x86/fpu: Enabled xstate features 0x207, context size is 840 bytes, using 'compacted' format.
[    0.000000] kernel: signal: max sigframe size: 3376
[    0.000000] kernel: BIOS-provided physical RAM map:
[    0.000000] kernel: BIOS-e820: [mem 0x0000000000000000-0x000000000009ffff] usable
[    0.000000] kernel: BIOS-e820: [mem 0x00000000000a0000-0x00000000000fffff] reserved
[    0.000000] kernel: BIOS-e820: [mem 0x0000000000100000-0x0000000009bfefff] usable
[    0.000000] kernel: BIOS-e820: [mem 0x0000000009bff000-0x0000000009ffffff] reserved
[    0.000000] kernel: BIOS-e820: [mem 0x000000000a000000-0x000000000a1fffff] usable
[    0.000000] kernel: BIOS-e820: [mem 0x000000000a200000-0x000000000a20dfff] ACPI NVS
[    0.000000] kernel: BIOS-e820: [mem 0x000000000a20e000-0x000000000affffff] usable
[    0.000000] kernel: BIOS-e820: [mem 0x000000000b000000-0x000000000b01ffff] reserved
[    0.000000] kernel: BIOS-e820: [mem 0x000000000b020000-0x00000000bb628fff] usable
[    0.000000] kernel: BIOS-e820: [mem 0x00000000bb629000-0x00000000bcd69fff] reserved
[    0.000000] kernel: BIOS-e820: [mem 0x00000000bcd6a000-0x00000000bcda3fff] ACPI data
[    0.000000] kernel: BIOS-e820: [mem 0x00000000bcda4000-0x00000000bd47efff] ACPI NVS
[    0.000000] kernel: BIOS-e820: [mem 0x00000000bd47f000-0x00000000bdffefff] reserved
[    0.000000] kernel: BIOS-e820: [mem 0x00000000bdfff000-0x00000000beffffff] usable
[    0.000000] kernel: BIOS-e820: [mem 0x00000000bf000000-0x00000000bfffffff] reserved
[    0.000000] kernel: BIOS-e820: [mem 0x00000000f0000000-0x00000000f7ffffff] reserved
[    0.000000] kernel: BIOS-e820: [mem 0x00000000fd200000-0x00000000fd2fffff] reserved
[    0.000000] kernel: BIOS-e820: [mem 0x00000000fd600000-0x00000000fd7fffff] reserved
[    0.000000] kernel: BIOS-e820: [mem 0x00000000fea00000-0x00000000fea0ffff] reserved
[    0.000000] kernel: BIOS-e820: [mem 0x00000000feb80000-0x00000000fec01fff] reserved
[    0.000000] kernel: BIOS-e820: [mem 0x00000000fec10000-0x00000000fec10fff] reserved
[    0.000000] kernel: BIOS-e820: [mem 0x00000000fec30000-0x00000000fec30fff] reserved
[    0.000000] kernel: BIOS-e820: [mem 0x00000000fed00000-0x00000000fed00fff] reserved
[    0.000000] kernel: BIOS-e820: [mem 0x00000000fed40000-0x00000000fed44fff] reserved
[    0.000000] kernel: BIOS-e820: [mem 0x00000000fed80000-0x00000000fed8ffff] reserved
[    0.000000] kernel: BIOS-e820: [mem 0x00000000fedc2000-0x00000000fedcffff] reserved
[    0.000000] kernel: BIOS-e820: [mem 0x00000000fedd4000-0x00000000fedd5fff] reserved
[    0.000000] kernel: BIOS-e820: [mem 0x00000000ff000000-0x00000000ffffffff] reserved
[    0.000000] kernel: BIOS-e820: [mem 0x0000000100000000-0x000000083f37ffff] usable
[    0.000000] kernel: BIOS-e820: [mem 0x000000083f380000-0x000000083fffffff] reserved
[    0.000000] kernel: NX (Execute Disable) protection: active
[    0.000000] kernel: e820: update [mem 0xb6d4c018-0xb6e0e057] usable ==> usable
[    0.000000] kernel: e820: update [mem 0xb6d4c018-0xb6e0e057] usable ==> usable
[    0.000000] kernel: extended physical RAM map:
[    0.000000] kernel: reserve setup_data: [mem 0x0000000000000000-0x000000000009ffff] usable
[    0.000000] kernel: reserve setup_data: [mem 0x00000000000a0000-0x00000000000fffff] reserved
[    0.000000] kernel: reserve setup_data: [mem 0x0000000000100000-0x0000000009bfefff] usable
[    0.000000] kernel: reserve setup_data: [mem 0x0000000009bff000-0x0000000009ffffff] reserved
[    0.000000] kernel: reserve setup_data: [mem 0x000000000a000000-0x000000000a1fffff] usable
[    0.000000] kernel: reserve setup_data: [mem 0x000000000a200000-0x000000000a20dfff] ACPI NVS
[    0.000000] kernel: reserve setup_data: [mem 0x000000000a20e000-0x000000000affffff] usable
[    0.000000] kernel: reserve setup_data: [mem 0x000000000b000000-0x000000000b01ffff] reserved
[    0.000000] kernel: reserve setup_data: [mem 0x000000000b020000-0x00000000b6d4c017] usable
[    0.000000] kernel: reserve setup_data: [mem 0x00000000b6d4c018-0x00000000b6e0e057] usable
[    0.000000] kernel: reserve setup_data: [mem 0x00000000b6e0e058-0x00000000bb628fff] usable
[    0.000000] kernel: reserve setup_data: [mem 0x00000000bb629000-0x00000000bcd69fff] reserved
[    0.000000] kernel: reserve setup_data: [mem 0x00000000bcd6a000-0x00000000bcda3fff] ACPI data
[    0.000000] kernel: reserve setup_data: [mem 0x00000000bcda4000-0x00000000bd47efff] ACPI NVS
[    0.000000] kernel: reserve setup_data: [mem 0x00000000bd47f000-0x00000000bdffefff] reserved
[    0.000000] kernel: reserve setup_data: [mem 0x00000000bdfff000-0x00000000beffffff] usable
[    0.000000] kernel: reserve setup_data: [mem 0x00000000bf000000-0x00000000bfffffff] reserved
[    0.000000] kernel: reserve setup_data: [mem 0x00000000f0000000-0x00000000f7ffffff] reserved
[    0.000000] kernel: reserve setup_data: [mem 0x00000000fd200000-0x00000000fd2fffff] reserved
[    0.000000] kernel: reserve setup_data: [mem 0x00000000fd600000-0x00000000fd7fffff] reserved
[    0.000000] kernel: reserve setup_data: [mem 0x00000000fea00000-0x00000000fea0ffff] reserved
[    0.000000] kernel: reserve setup_data: [mem 0x00000000feb80000-0x00000000fec01fff] reserved
[    0.000000] kernel: reserve setup_data: [mem 0x00000000fec10000-0x00000000fec10fff] reserved
[    0.000000] kernel: reserve setup_data: [mem 0x00000000fec30000-0x00000000fec30fff] reserved
[    0.000000] kernel: reserve setup_data: [mem 0x00000000fed00000-0x00000000fed00fff] reserved
[    0.000000] kernel: reserve setup_data: [mem 0x00000000fed40000-0x00000000fed44fff] reserved
[    0.000000] kernel: reserve setup_data: [mem 0x00000000fed80000-0x00000000fed8ffff] reserved
[    0.000000] kernel: reserve setup_data: [mem 0x00000000fedc2000-0x00000000fedcffff] reserved
[    0.000000] kernel: reserve setup_data: [mem 0x00000000fedd4000-0x00000000fedd5fff] reserved
[    0.000000] kernel: reserve setup_data: [mem 0x00000000ff000000-0x00000000ffffffff] reserved
[    0.000000] kernel: reserve setup_data: [mem 0x0000000100000000-0x000000083f37ffff] usable
[    0.000000] kernel: reserve setup_data: [mem 0x000000083f380000-0x000000083fffffff] reserved
[    0.000000] kernel: efi: EFI v2.70 by American Megatrends
[    0.000000] kernel: efi: ACPI=0xbd468000 ACPI 2.0=0xbd468014 TPMFinalLog=0xbd432000 SMBIOS=0xbde22000 SMBIOS 3.0=0xbde21000 MEMATTR=0xb995f018 ESRT=0xb6f8aa98 MOKvar=0xbde6e000 RNG=0xbcd74018 TPMEventLog=0xb6ee6018 
[    0.000000] kernel: random: crng init done
[    0.000000] kernel: secureboot: Secure boot disabled
[    0.000000] kernel: SMBIOS 3.3.0 present.
[    0.000000] kernel: DMI: To Be Filled By O.E.M. B550 Phantom Gaming 4/B550 Phantom Gaming 4, BIOS P3.40 01/18/2024
[    0.000000] kernel: tsc: Fast TSC calibration using PIT
[    0.000000] kernel: tsc: Detected 3493.553 MHz processor
[    0.000385] kernel: e820: update [mem 0x00000000-0x00000fff] usable ==> reserved
[    0.000387] kernel: e820: remove [mem 0x000a0000-0x000fffff] usable
[    0.000393] kernel: last_pfn = 0x83f380 max_arch_pfn = 0x400000000
[    0.001091] kernel: x86/PAT: Configuration [0-7]: WB  WC  UC- UC  WB  WP  UC- WT  
[    0.001449] kernel: total RAM covered: 3071M
[    0.001526] kernel: Found optimal setting for mtrr clean up
[    0.001527] kernel:  gran_size: 64K         chunk_size: 64M         num_reg: 3          lose cover RAM: 0G
[    0.001622] kernel: e820: update [mem 0xbcf10000-0xbcf1ffff] usable ==> reserved
[    0.001627] kernel: e820: update [mem 0xc0000000-0xffffffff] usable ==> reserved
[    0.001630] kernel: last_pfn = 0xbf000 max_arch_pfn = 0x400000000
[    0.004426] kernel: esrt: Reserving ESRT space from 0x00000000b6f8aa98 to 0x00000000b6f8aad0.
[    0.004433] kernel: e820: update [mem 0xb6f8a000-0xb6f8afff] usable ==> reserved
[    0.004482] kernel: Using GB pages for direct mapping
[    0.004733] kernel: secureboot: Secure boot disabled
[    0.004734] kernel: RAMDISK: [mem 0xad68c000-0xb4215fff]
[    0.004738] kernel: ACPI: Early table checksum verification disabled
[    0.004741] kernel: ACPI: RSDP 0x00000000BD468014 000024 (v02 ALASKA)
[    0.004744] kernel: ACPI: XSDT 0x00000000BD467728 0000D4 (v01 ALASKA A M I    01072009 AMI  01000013)
[    0.004748] kernel: ACPI: FACP 0x00000000BCD95000 000114 (v06 ALASKA A M I    01072009 AMI  00010013)
[    0.004752] kernel: ACPI: DSDT 0x00000000BCD8E000 0067DE (v02 ALASKA A M I    01072009 INTL 20120913)
[    0.004754] kernel: ACPI: FACS 0x00000000BD462000 000040
[    0.004756] kernel: ACPI: SSDT 0x00000000BCD9B000 008CE9 (v02 AMD    AmdTable 00000002 MSFT 04000000)
[    0.004758] kernel: ACPI: SSDT 0x00000000BCD97000 003B45 (v02 AMD    AMD AOD  00000001 INTL 20120913)
[    0.004760] kernel: ACPI: SSDT 0x00000000BCD96000 0001AD (v02 ALASKA CPUSSDT  01072009 AMI  01072009)
[    0.004762] kernel: ACPI: FIDT 0x00000000BCD8D000 00009C (v01 ALASKA A M I    01072009 AMI  00010013)
[    0.004764] kernel: ACPI: MCFG 0x00000000BCD8C000 00003C (v01 ALASKA A M I    01072009 MSFT 00010013)
[    0.004766] kernel: ACPI: AAFT 0x00000000BCD8B000 000115 (v01 ALASKA OEMAAFT  01072009 MSFT 00000097)
[    0.004767] kernel: ACPI: HPET 0x00000000BCD8A000 000038 (v01 ALASKA A M I    01072009 AMI  00000005)
[    0.004769] kernel: ACPI: TPM2 0x00000000BCD88000 00004C (v04 ALASKA A M I    00000001 AMI  00000000)
[    0.004771] kernel: ACPI: PCCT 0x00000000BCD87000 00006E (v02 AMD    AmdTable 00000001 AMD  00000001)
[    0.004773] kernel: ACPI: SSDT 0x00000000BCD83000 0030FB (v02 AMD    AmdTable 00000001 AMD  00000001)
[    0.004775] kernel: ACPI: CRAT 0x00000000BCD82000 000B90 (v01 AMD    AmdTable 00000001 AMD  00000001)
[    0.004777] kernel: ACPI: CDIT 0x00000000BCD81000 000029 (v01 AMD    AmdTable 00000001 AMD  00000001)
[    0.004779] kernel: ACPI: BGRT 0x00000000BCD89000 000038 (v01 ALASKA A M I    01072009 AMI  00010013)
[    0.004780] kernel: ACPI: SSDT 0x00000000BCD80000 00052C (v02 AMD    ArticNOI 00000001 INTL 20120913)
[    0.004782] kernel: ACPI: SSDT 0x00000000BCD7C000 0037C4 (v02 AMD    ArticN   00000001 INTL 20120913)
[    0.004784] kernel: ACPI: WSMT 0x00000000BCD7B000 000028 (v01 ALASKA A M I    01072009 AMI  00010013)
[    0.004786] kernel: ACPI: APIC 0x00000000BCD7A000 00015E (v04 ALASKA A M I    01072009 AMI  00010013)
[    0.004788] kernel: ACPI: SSDT 0x00000000BCD79000 00007D (v02 AMD    ArticDIS 00000001 INTL 20120913)
[    0.004790] kernel: ACPI: SSDT 0x00000000BCD77000 0010AF (v02 AMD    ArticC   00000001 INTL 20120913)
[    0.004792] kernel: ACPI: SSDT 0x00000000BCD76000 0000BF (v01 AMD    AmdTable 00001000 INTL 20120913)
[    0.004793] kernel: ACPI: FPDT 0x00000000BCD75000 000044 (v01 ALASKA A M I    01072009 AMI  01000013)
[    0.004795] kernel: ACPI: Reserving FACP table memory at [mem 0xbcd95000-0xbcd95113]
[    0.004796] kernel: ACPI: Reserving DSDT table memory at [mem 0xbcd8e000-0xbcd947dd]
[    0.004797] kernel: ACPI: Reserving FACS table memory at [mem 0xbd462000-0xbd46203f]
[    0.004798] kernel: ACPI: Reserving SSDT table memory at [mem 0xbcd9b000-0xbcda3ce8]
[    0.004799] kernel: ACPI: Reserving SSDT table memory at [mem 0xbcd97000-0xbcd9ab44]
[    0.004799] kernel: ACPI: Reserving SSDT table memory at [mem 0xbcd96000-0xbcd961ac]
[    0.004800] kernel: ACPI: Reserving FIDT table memory at [mem 0xbcd8d000-0xbcd8d09b]
[    0.004801] kernel: ACPI: Reserving MCFG table memory at [mem 0xbcd8c000-0xbcd8c03b]
[    0.004801] kernel: ACPI: Reserving AAFT table memory at [mem 0xbcd8b000-0xbcd8b114]
[    0.004802] kernel: ACPI: Reserving HPET table memory at [mem 0xbcd8a000-0xbcd8a037]
[    0.004803] kernel: ACPI: Reserving TPM2 table memory at [mem 0xbcd88000-0xbcd8804b]
[    0.004804] kernel: ACPI: Reserving PCCT table memory at [mem 0xbcd87000-0xbcd8706d]
[    0.004804] kernel: ACPI: Reserving SSDT table memory at [mem 0xbcd83000-0xbcd860fa]
[    0.004805] kernel: ACPI: Reserving CRAT table memory at [mem 0xbcd82000-0xbcd82b8f]
[    0.004806] kernel: ACPI: Reserving CDIT table memory at [mem 0xbcd81000-0xbcd81028]
[    0.004806] kernel: ACPI: Reserving BGRT table memory at [mem 0xbcd89000-0xbcd89037]
[    0.004807] kernel: ACPI: Reserving SSDT table memory at [mem 0xbcd80000-0xbcd8052b]
[    0.004808] kernel: ACPI: Reserving SSDT table memory at [mem 0xbcd7c000-0xbcd7f7c3]
[    0.004809] kernel: ACPI: Reserving WSMT table memory at [mem 0xbcd7b000-0xbcd7b027]
[    0.004809] kernel: ACPI: Reserving APIC table memory at [mem 0xbcd7a000-0xbcd7a15d]
[    0.004810] kernel: ACPI: Reserving SSDT table memory at [mem 0xbcd79000-0xbcd7907c]
[    0.004811] kernel: ACPI: Reserving SSDT table memory at [mem 0xbcd77000-0xbcd780ae]
[    0.004812] kernel: ACPI: Reserving SSDT table memory at [mem 0xbcd76000-0xbcd760be]
[    0.004812] kernel: ACPI: Reserving FPDT table memory at [mem 0xbcd75000-0xbcd75043]
[    0.004901] kernel: No NUMA configuration found
[    0.004902] kernel: Faking a node at [mem 0x0000000000000000-0x000000083f37ffff]
[    0.004907] kernel: NODE_DATA(0) allocated [mem 0x83f356000-0x83f37ffff]
[    0.005119] kernel: Zone ranges:
[    0.005119] kernel:   DMA      [mem 0x0000000000001000-0x0000000000ffffff]
[    0.005121] kernel:   DMA32    [mem 0x0000000001000000-0x00000000ffffffff]
[    0.005122] kernel:   Normal   [mem 0x0000000100000000-0x000000083f37ffff]
[    0.005123] kernel:   Device   empty
[    0.005123] kernel: Movable zone start for each node
[    0.005125] kernel: Early memory node ranges
[    0.005125] kernel:   node   0: [mem 0x0000000000001000-0x000000000009ffff]
[    0.005126] kernel:   node   0: [mem 0x0000000000100000-0x0000000009bfefff]
[    0.005127] kernel:   node   0: [mem 0x000000000a000000-0x000000000a1fffff]
[    0.005128] kernel:   node   0: [mem 0x000000000a20e000-0x000000000affffff]
[    0.005128] kernel:   node   0: [mem 0x000000000b020000-0x00000000bb628fff]
[    0.005129] kernel:   node   0: [mem 0x00000000bdfff000-0x00000000beffffff]
[    0.005130] kernel:   node   0: [mem 0x0000000100000000-0x000000083f37ffff]
[    0.005132] kernel: Initmem setup node 0 [mem 0x0000000000001000-0x000000083f37ffff]
[    0.005135] kernel: On node 0, zone DMA: 1 pages in unavailable ranges
[    0.005151] kernel: On node 0, zone DMA: 96 pages in unavailable ranges
[    0.005289] kernel: On node 0, zone DMA32: 1025 pages in unavailable ranges
[    0.005303] kernel: On node 0, zone DMA32: 14 pages in unavailable ranges
[    0.008086] kernel: On node 0, zone DMA32: 32 pages in unavailable ranges
[    0.008170] kernel: On node 0, zone DMA32: 10710 pages in unavailable ranges
[    0.041519] kernel: On node 0, zone Normal: 4096 pages in unavailable ranges
[    0.041542] kernel: On node 0, zone Normal: 3200 pages in unavailable ranges
[    0.042015] kernel: ACPI: PM-Timer IO Port: 0x808
[    0.042023] kernel: ACPI: LAPIC_NMI (acpi_id[0xff] high edge lint[0x1])
[    0.042034] kernel: IOAPIC[0]: apic_id 13, version 33, address 0xfec00000, GSI 0-23
[    0.042039] kernel: IOAPIC[1]: apic_id 14, version 33, address 0xfec01000, GSI 24-55
[    0.042041] kernel: ACPI: INT_SRC_OVR (bus 0 bus_irq 0 global_irq 2 dfl dfl)
[    0.042042] kernel: ACPI: INT_SRC_OVR (bus 0 bus_irq 9 global_irq 9 low level)
[    0.042045] kernel: ACPI: Using ACPI (MADT) for SMP configuration information
[    0.042046] kernel: ACPI: HPET id: 0x10228201 base: 0xfed00000
[    0.042055] kernel: e820: update [mem 0xb74f9000-0xb7539fff] usable ==> reserved
[    0.042066] kernel: smpboot: Allowing 32 CPUs, 20 hotplug CPUs
[    0.042088] kernel: PM: hibernation: Registered nosave memory: [mem 0x00000000-0x00000fff]
[    0.042089] kernel: PM: hibernation: Registered nosave memory: [mem 0x000a0000-0x000fffff]
[    0.042091] kernel: PM: hibernation: Registered nosave memory: [mem 0x09bff000-0x09ffffff]
[    0.042092] kernel: PM: hibernation: Registered nosave memory: [mem 0x0a200000-0x0a20dfff]
[    0.042093] kernel: PM: hibernation: Registered nosave memory: [mem 0x0b000000-0x0b01ffff]
[    0.042094] kernel: PM: hibernation: Registered nosave memory: [mem 0xb6d4c000-0xb6d4cfff]
[    0.042096] kernel: PM: hibernation: Registered nosave memory: [mem 0xb6e0e000-0xb6e0efff]
[    0.042097] kernel: PM: hibernation: Registered nosave memory: [mem 0xb6f8a000-0xb6f8afff]
[    0.042098] kernel: PM: hibernation: Registered nosave memory: [mem 0xb74f9000-0xb7539fff]
[    0.042099] kernel: PM: hibernation: Registered nosave memory: [mem 0xbb629000-0xbcd69fff]
[    0.042100] kernel: PM: hibernation: Registered nosave memory: [mem 0xbcd6a000-0xbcda3fff]
[    0.042101] kernel: PM: hibernation: Registered nosave memory: [mem 0xbcda4000-0xbd47efff]
[    0.042101] kernel: PM: hibernation: Registered nosave memory: [mem 0xbd47f000-0xbdffefff]
[    0.042102] kernel: PM: hibernation: Registered nosave memory: [mem 0xbf000000-0xbfffffff]
[    0.042103] kernel: PM: hibernation: Registered nosave memory: [mem 0xc0000000-0xefffffff]
[    0.042104] kernel: PM: hibernation: Registered nosave memory: [mem 0xf0000000-0xf7ffffff]
[    0.042104] kernel: PM: hibernation: Registered nosave memory: [mem 0xf8000000-0xfd1fffff]
[    0.042105] kernel: PM: hibernation: Registered nosave memory: [mem 0xfd200000-0xfd2fffff]
[    0.042105] kernel: PM: hibernation: Registered nosave memory: [mem 0xfd300000-0xfd5fffff]
[    0.042106] kernel: PM: hibernation: Registered nosave memory: [mem 0xfd600000-0xfd7fffff]
[    0.042106] kernel: PM: hibernation: Registered nosave memory: [mem 0xfd800000-0xfe9fffff]
[    0.042107] kernel: PM: hibernation: Registered nosave memory: [mem 0xfea00000-0xfea0ffff]
[    0.042107] kernel: PM: hibernation: Registered nosave memory: [mem 0xfea10000-0xfeb7ffff]
[    0.042108] kernel: PM: hibernation: Registered nosave memory: [mem 0xfeb80000-0xfec01fff]
[    0.042109] kernel: PM: hibernation: Registered nosave memory: [mem 0xfec02000-0xfec0ffff]
[    0.042109] kernel: PM: hibernation: Registered nosave memory: [mem 0xfec10000-0xfec10fff]
[    0.042110] kernel: PM: hibernation: Registered nosave memory: [mem 0xfec11000-0xfec2ffff]
[    0.042110] kernel: PM: hibernation: Registered nosave memory: [mem 0xfec30000-0xfec30fff]
[    0.042111] kernel: PM: hibernation: Registered nosave memory: [mem 0xfec31000-0xfecfffff]
[    0.042111] kernel: PM: hibernation: Registered nosave memory: [mem 0xfed00000-0xfed00fff]
[    0.042112] kernel: PM: hibernation: Registered nosave memory: [mem 0xfed01000-0xfed3ffff]
[    0.042112] kernel: PM: hibernation: Registered nosave memory: [mem 0xfed40000-0xfed44fff]
[    0.042113] kernel: PM: hibernation: Registered nosave memory: [mem 0xfed45000-0xfed7ffff]
[    0.042114] kernel: PM: hibernation: Registered nosave memory: [mem 0xfed80000-0xfed8ffff]
[    0.042114] kernel: PM: hibernation: Registered nosave memory: [mem 0xfed90000-0xfedc1fff]
[    0.042115] kernel: PM: hibernation: Registered nosave memory: [mem 0xfedc2000-0xfedcffff]
[    0.042115] kernel: PM: hibernation: Registered nosave memory: [mem 0xfedd0000-0xfedd3fff]
[    0.042116] kernel: PM: hibernation: Registered nosave memory: [mem 0xfedd4000-0xfedd5fff]
[    0.042116] kernel: PM: hibernation: Registered nosave memory: [mem 0xfedd6000-0xfeffffff]
[    0.042117] kernel: PM: hibernation: Registered nosave memory: [mem 0xff000000-0xffffffff]
[    0.042118] kernel: [mem 0xc0000000-0xefffffff] available for PCI devices
[    0.042119] kernel: Booting paravirtualized kernel on bare hardware
[    0.042121] kernel: clocksource: refined-jiffies: mask: 0xffffffff max_cycles: 0xffffffff, max_idle_ns: 7645519600211568 ns
[    0.042127] kernel: setup_percpu: NR_CPUS:8192 nr_cpumask_bits:32 nr_cpu_ids:32 nr_node_ids:1
[    0.042906] kernel: percpu: Embedded 60 pages/cpu s208896 r8192 d28672 u262144
[    0.042914] kernel: pcpu-alloc: s208896 r8192 d28672 u262144 alloc=1*2097152
[    0.042916] kernel: pcpu-alloc: [0] 00 01 02 03 04 05 06 07 [0] 08 09 10 11 12 13 14 15 
[    0.042921] kernel: pcpu-alloc: [0] 16 17 18 19 20 21 22 23 [0] 24 25 26 27 28 29 30 31 
[    0.042951] kernel: Built 1 zonelists, mobility grouping on.  Total pages: 8238501
[    0.042952] kernel: Policy zone: Normal
[    0.042954] kernel: Kernel command line: BOOT_IMAGE=/casper/vmlinuz ---
[    0.042981] kernel: Unknown kernel command line parameters "--- BOOT_IMAGE=/casper/vmlinuz", will be passed to user space.
[    0.044302] kernel: Dentry cache hash table entries: 4194304 (order: 13, 33554432 bytes, linear)
[    0.044964] kernel: Inode-cache hash table entries: 2097152 (order: 12, 16777216 bytes, linear)
[    0.045046] kernel: mem auto-init: stack:off, heap alloc:on, heap free:off
[    0.088969] kernel: Memory: 32570196K/33477736K available (16393K kernel code, 4383K rwdata, 10844K rodata, 3248K init, 18832K bss, 907280K reserved, 0K cma-reserved)
[    0.089057] kernel: SLUB: HWalign=64, Order=0-3, MinObjects=0, CPUs=32, Nodes=1
[    0.089066] kernel: ftrace: allocating 50600 entries in 198 pages
[    0.104556] kernel: ftrace: allocated 198 pages with 4 groups
[    0.104654] kernel: rcu: Hierarchical RCU implementation.
[    0.104655] kernel: rcu:         RCU restricting CPUs from NR_CPUS=8192 to nr_cpu_ids=32.
[    0.104657] kernel:         Rude variant of Tasks RCU enabled.
[    0.104657] kernel:         Tracing variant of Tasks RCU enabled.
[    0.104658] kernel: rcu: RCU calculated value of scheduler-enlistment delay is 25 jiffies.
[    0.104658] kernel: rcu: Adjusting geometry for rcu_fanout_leaf=16, nr_cpu_ids=32
[    0.106806] kernel: NR_IRQS: 524544, nr_irqs: 1224, preallocated irqs: 16
[    0.107023] kernel: Console: colour dummy device 80x25
[    0.107209] kernel: printk: console [tty0] enabled
[    0.107225] kernel: ACPI: Core revision 20210730
[    0.107313] kernel: clocksource: hpet: mask: 0xffffffff max_cycles: 0xffffffff, max_idle_ns: 133484873504 ns
[    0.107329] kernel: APIC: Switch to symmetric I/O mode setup
[    0.107462] kernel: x2apic: IRQ remapping doesn't support X2APIC mode
[    0.107523] kernel: Switched APIC routing to physical flat.
[    0.108121] kernel: ..TIMER: vector=0x30 apic1=0 pin1=2 apic2=-1 pin2=-1
[    0.127330] kernel: clocksource: tsc-early: mask: 0xffffffffffffffff max_cycles: 0x325b8733c12, max_idle_ns: 440795380517 ns
[    0.127335] kernel: Calibrating delay loop (skipped), value calculated using timer frequency.. 6987.10 BogoMIPS (lpj=13974212)
[    0.127337] kernel: pid_max: default: 32768 minimum: 301
[    0.129190] kernel: LSM: Security Framework initializing
[    0.129199] kernel: landlock: Up and running.
[    0.129200] kernel: Yama: becoming mindful.
[    0.129212] kernel: AppArmor: AppArmor initialized
[    0.129261] kernel: Mount-cache hash table entries: 65536 (order: 7, 524288 bytes, linear)
[    0.129298] kernel: Mountpoint-cache hash table entries: 65536 (order: 7, 524288 bytes, linear)
[    0.129443] kernel: x86/cpu: User Mode Instruction Prevention (UMIP) activated
[    0.129477] kernel: LVT offset 1 assigned for vector 0xf9
[    0.129594] kernel: LVT offset 2 assigned for vector 0xf4
[    0.129628] kernel: Last level iTLB entries: 4KB 512, 2MB 512, 4MB 256
[    0.129630] kernel: Last level dTLB entries: 4KB 2048, 2MB 2048, 4MB 1024, 1GB 0
[    0.129632] kernel: Spectre V1 : Mitigation: usercopy/swapgs barriers and __user pointer sanitization
[    0.129634] kernel: Spectre V2 : Mitigation: Retpolines
[    0.129635] kernel: Spectre V2 : Spectre v2 / SpectreRSB mitigation: Filling RSB on context switch
[    0.129637] kernel: Spectre V2 : Spectre v2 / SpectreRSB : Filling RSB on VMEXIT
[    0.129638] kernel: Spectre V2 : Enabling Restricted Speculation for firmware calls
[    0.129639] kernel: Spectre V2 : mitigation: Enabling conditional Indirect Branch Prediction Barrier
[    0.129641] kernel: Spectre V2 : User space: Mitigation: STIBP always-on protection
[    0.129642] kernel: Speculative Store Bypass: Mitigation: Speculative Store Bypass disabled via prctl and seccomp
[    0.142957] kernel: Freeing SMP alternatives memory: 44K
[    0.252305] kernel: smpboot: CPU0: AMD Ryzen 5 5600 6-Core Processor (family: 0x19, model: 0x21, stepping: 0x2)
[    0.252376] kernel: Performance Events: Fam17h+ core perfctr, AMD PMU driver.
[    0.252379] kernel: ... version:                0
[    0.252380] kernel: ... bit width:              48
[    0.252381] kernel: ... generic registers:      6
[    0.252382] kernel: ... value mask:             0000ffffffffffff
[    0.252383] kernel: ... max period:             00007fffffffffff
[    0.252384] kernel: ... fixed-purpose events:   0
[    0.252385] kernel: ... event mask:             000000000000003f
[    0.252418] kernel: rcu: Hierarchical SRCU implementation.
[    0.252659] kernel: NMI watchdog: Enabled. Permanently consumes one hw-PMU counter.
[    0.252782] kernel: smp: Bringing up secondary CPUs ...
[    0.252829] kernel: x86: Booting SMP configuration:
[    0.252830] kernel: .... node  #0, CPUs:        #1  #2  #3  #4  #5  #6
[    0.265504] kernel: Spectre V2 : Update user space SMT mitigation: STIBP always-on
[    0.265504] kernel:   #7  #8  #9 #10 #11
[    0.275547] kernel: smp: Brought up 1 node, 12 CPUs
[    0.275552] kernel: smpboot: Max logical packages: 3
[    0.275554] kernel: smpboot: Total of 12 processors activated (83845.27 BogoMIPS)
[    0.276749] kernel: devtmpfs: initialized
[    0.276749] kernel: x86/mm: Memory block size: 128MB
[    0.276749] kernel: ACPI: PM: Registering ACPI NVS region [mem 0x0a200000-0x0a20dfff] (57344 bytes)
[    0.276749] kernel: ACPI: PM: Registering ACPI NVS region [mem 0xbcda4000-0xbd47efff] (7188480 bytes)
[    0.279399] kernel: clocksource: jiffies: mask: 0xffffffff max_cycles: 0xffffffff, max_idle_ns: 7645041785100000 ns
[    0.279420] kernel: futex hash table entries: 8192 (order: 7, 524288 bytes, linear)
[    0.279470] kernel: pinctrl core: initialized pinctrl subsystem
[    0.279538] kernel: PM: RTC time: 22:48:21, date: 2024-02-08
[    0.279630] kernel: NET: Registered PF_NETLINK/PF_ROUTE protocol family
[    0.279807] kernel: DMA: preallocated 4096 KiB GFP_KERNEL pool for atomic allocations
[    0.279948] kernel: DMA: preallocated 4096 KiB GFP_KERNEL|GFP_DMA pool for atomic allocations
[    0.280088] kernel: DMA: preallocated 4096 KiB GFP_KERNEL|GFP_DMA32 pool for atomic allocations
[    0.280092] kernel: audit: initializing netlink subsys (disabled)
[    0.280097] kernel: audit: type=2000 audit(1707432501.172:1): state=initialized audit_enabled=0 res=1
[    0.280097] kernel: thermal_sys: Registered thermal governor 'fair_share'
[    0.280097] kernel: thermal_sys: Registered thermal governor 'bang_bang'
[    0.280097] kernel: thermal_sys: Registered thermal governor 'step_wise'
[    0.280097] kernel: thermal_sys: Registered thermal governor 'user_space'
[    0.280097] kernel: thermal_sys: Registered thermal governor 'power_allocator'
[    0.280097] kernel: EISA bus registered
[    0.280097] kernel: cpuidle: using governor ladder
[    0.280097] kernel: cpuidle: using governor menu
[    0.280097] kernel: Detected 1 PCC Subspaces
[    0.280097] kernel: Registering PCC driver as Mailbox controller
[    0.280097] kernel: ACPI: bus type PCI registered
[    0.280097] kernel: acpiphp: ACPI Hot Plug PCI Controller Driver version: 0.5
[    0.280097] kernel: PCI: MMCONFIG for domain 0000 [bus 00-7f] at [mem 0xf0000000-0xf7ffffff] (base 0xf0000000)
[    0.280097] kernel: PCI: MMCONFIG at [mem 0xf0000000-0xf7ffffff] reserved in E820
[    0.280097] kernel: PCI: Using configuration type 1 for base access
[    0.280283] kernel: kprobes: kprobe jump-optimization is enabled. All kprobes are optimized if possible.
[    0.280288] kernel: HugeTLB registered 1.00 GiB page size, pre-allocated 0 pages
[    0.280288] kernel: HugeTLB registered 2.00 MiB page size, pre-allocated 0 pages
[    0.280288] kernel: fbcon: Taking over console
[    0.280288] kernel: ACPI: Added _OSI(Module Device)
[    0.280288] kernel: ACPI: Added _OSI(Processor Device)
[    0.280288] kernel: ACPI: Added _OSI(3.0 _SCP Extensions)
[    0.280288] kernel: ACPI: Added _OSI(Processor Aggregator Device)
[    0.280288] kernel: ACPI: Added _OSI(Linux-Dell-Video)
[    0.280288] kernel: ACPI: Added _OSI(Linux-Lenovo-NV-HDMI-Audio)
[    0.280288] kernel: ACPI: Added _OSI(Linux-HPI-Hybrid-Graphics)
[    0.289901] kernel: ACPI: 10 ACPI AML tables successfully acquired and loaded
[    0.290788] kernel: ACPI: [Firmware Bug]: BIOS _OSI(Linux) query ignored
[    0.293268] kernel: ACPI: Interpreter enabled
[    0.293279] kernel: ACPI: PM: (supports S0 S3 S4 S5)
[    0.293280] kernel: ACPI: Using IOAPIC for interrupt routing
[    0.293477] kernel: PCI: Using host bridge windows from ACPI; if necessary, use "pci=nocrs" and report a bug
[    0.293479] kernel: PCI: Using E820 reservations for host bridge windows
[    0.293713] kernel: ACPI: Enabled 8 GPEs in block 00 to 1F
[    0.298937] kernel: ACPI: PCI Root Bridge [PCI0] (domain 0000 [bus 00-ff])
[    0.298942] kernel: acpi PNP0A08:00: _OSC: OS supports [ExtendedConfig ASPM ClockPM Segments MSI EDR HPX-Type3]
[    0.299038] kernel: acpi PNP0A08:00: _OSC: platform does not support [SHPCHotplug LTR DPC]
[    0.299126] kernel: acpi PNP0A08:00: _OSC: OS now controls [PCIeHotplug PME AER PCIeCapability]
[    0.299134] kernel: acpi PNP0A08:00: [Firmware Info]: MMCONFIG for domain 0000 [bus 00-7f] only partially covers this bridge
[    0.299341] kernel: PCI host bridge to bus 0000:00
[    0.299343] kernel: pci_bus 0000:00: root bus resource [bus 00-ff]
[    0.299345] kernel: pci_bus 0000:00: root bus resource [io  0x0000-0x0cf7 window]
[    0.299346] kernel: pci_bus 0000:00: root bus resource [io  0x0d00-0xffff window]
[    0.299348] kernel: pci_bus 0000:00: root bus resource [mem 0x000a0000-0x000dffff window]
[    0.299349] kernel: pci_bus 0000:00: root bus resource [mem 0xc0000000-0xfec2ffff window]
[    0.299351] kernel: pci_bus 0000:00: root bus resource [mem 0xfee00000-0xffffffff window]
[    0.299390] kernel: pci 0000:00:00.0: [1022:1480] type 00 class 0x060000
[    0.299476] kernel: pci 0000:00:01.0: [1022:1482] type 00 class 0x060000
[    0.299572] kernel: pci 0000:00:01.1: [1022:1483] type 01 class 0x060400
[    0.299602] kernel: pci 0000:00:01.1: enabling Extended Tags
[    0.299652] kernel: pci 0000:00:01.1: PME# supported from D0 D3hot D3cold
[    0.299772] kernel: pci 0000:00:01.2: [1022:1483] type 01 class 0x060400
[    0.299802] kernel: pci 0000:00:01.2: enabling Extended Tags
[    0.299852] kernel: pci 0000:00:01.2: PME# supported from D0 D3hot D3cold
[    0.299951] kernel: pci 0000:00:02.0: [1022:1482] type 00 class 0x060000
[    0.300030] kernel: pci 0000:00:03.0: [1022:1482] type 00 class 0x060000
[    0.300121] kernel: pci 0000:00:03.1: [1022:1483] type 01 class 0x060400
[    0.300147] kernel: pci 0000:00:03.1: enabling Extended Tags
[    0.300190] kernel: pci 0000:00:03.1: PME# supported from D0 D3hot D3cold
[    0.300279] kernel: pci 0000:00:04.0: [1022:1482] type 00 class 0x060000
[    0.300357] kernel: pci 0000:00:05.0: [1022:1482] type 00 class 0x060000
[    0.300434] kernel: pci 0000:00:07.0: [1022:1482] type 00 class 0x060000
[    0.300525] kernel: pci 0000:00:07.1: [1022:1484] type 01 class 0x060400
[    0.300549] kernel: pci 0000:00:07.1: enabling Extended Tags
[    0.300587] kernel: pci 0000:00:07.1: PME# supported from D0 D3hot D3cold
[    0.300668] kernel: pci 0000:00:08.0: [1022:1482] type 00 class 0x060000
[    0.300759] kernel: pci 0000:00:08.1: [1022:1484] type 01 class 0x060400
[    0.300785] kernel: pci 0000:00:08.1: enabling Extended Tags
[    0.300826] kernel: pci 0000:00:08.1: PME# supported from D0 D3hot D3cold
[    0.300939] kernel: pci 0000:00:14.0: [1022:790b] type 00 class 0x0c0500
[    0.301062] kernel: pci 0000:00:14.3: [1022:790e] type 00 class 0x060100
[    0.301176] kernel: pci 0000:00:18.0: [1022:1440] type 00 class 0x060000
[    0.301226] kernel: pci 0000:00:18.1: [1022:1441] type 00 class 0x060000
[    0.301276] kernel: pci 0000:00:18.2: [1022:1442] type 00 class 0x060000
[    0.301325] kernel: pci 0000:00:18.3: [1022:1443] type 00 class 0x060000
[    0.301376] kernel: pci 0000:00:18.4: [1022:1444] type 00 class 0x060000
[    0.301425] kernel: pci 0000:00:18.5: [1022:1445] type 00 class 0x060000
[    0.301474] kernel: pci 0000:00:18.6: [1022:1446] type 00 class 0x060000
[    0.301524] kernel: pci 0000:00:18.7: [1022:1447] type 00 class 0x060000
[    0.301613] kernel: pci 0000:01:00.0: [144d:a809] type 00 class 0x010802
[    0.301634] kernel: pci 0000:01:00.0: reg 0x10: [mem 0xfca00000-0xfca03fff 64bit]
[    0.301838] kernel: pci 0000:00:01.1: PCI bridge to [bus 01]
[    0.301843] kernel: pci 0000:00:01.1:   bridge window [mem 0xfca00000-0xfcafffff]
[    0.301904] kernel: pci 0000:02:00.0: [1022:43ee] type 00 class 0x0c0330
[    0.301925] kernel: pci 0000:02:00.0: reg 0x10: [mem 0xfc9a0000-0xfc9a7fff 64bit]
[    0.301969] kernel: pci 0000:02:00.0: enabling Extended Tags
[    0.302028] kernel: pci 0000:02:00.0: PME# supported from D3hot D3cold
[    0.302118] kernel: pci 0000:02:00.1: [1022:43eb] type 00 class 0x010601
[    0.302171] kernel: pci 0000:02:00.1: reg 0x24: [mem 0xfc980000-0xfc99ffff]
[    0.302180] kernel: pci 0000:02:00.1: reg 0x30: [mem 0xfc900000-0xfc97ffff pref]
[    0.302187] kernel: pci 0000:02:00.1: enabling Extended Tags
[    0.302231] kernel: pci 0000:02:00.1: PME# supported from D3hot D3cold
[    0.302297] kernel: pci 0000:02:00.2: [1022:43e9] type 01 class 0x060400
[    0.302347] kernel: pci 0000:02:00.2: enabling Extended Tags
[    0.302397] kernel: pci 0000:02:00.2: PME# supported from D3hot D3cold
[    0.302475] kernel: pci 0000:00:01.2: PCI bridge to [bus 02-04]
[    0.302479] kernel: pci 0000:00:01.2:   bridge window [io  0xf000-0xffff]
[    0.302481] kernel: pci 0000:00:01.2:   bridge window [mem 0xfc800000-0xfc9fffff]
[    0.302586] kernel: pci 0000:03:08.0: [1022:43ea] type 01 class 0x060400
[    0.302639] kernel: pci 0000:03:08.0: enabling Extended Tags
[    0.302696] kernel: pci 0000:03:08.0: PME# supported from D3hot D3cold
[    0.302783] kernel: pci 0000:02:00.2: PCI bridge to [bus 03-04]
[    0.302788] kernel: pci 0000:02:00.2:   bridge window [io  0xf000-0xffff]
[    0.302792] kernel: pci 0000:02:00.2:   bridge window [mem 0xfc800000-0xfc8fffff]
[    0.302894] kernel: pci 0000:04:00.0: [10ec:8168] type 00 class 0x020000
[    0.302926] kernel: pci 0000:04:00.0: reg 0x10: [io  0xf000-0xf0ff]
[    0.302968] kernel: pci 0000:04:00.0: reg 0x18: [mem 0xfc804000-0xfc804fff 64bit]
[    0.302993] kernel: pci 0000:04:00.0: reg 0x20: [mem 0xfc800000-0xfc803fff 64bit]
[    0.303157] kernel: pci 0000:04:00.0: supports D1 D2
[    0.303158] kernel: pci 0000:04:00.0: PME# supported from D0 D1 D2 D3hot D3cold
[    0.303346] kernel: pci 0000:03:08.0: PCI bridge to [bus 04]
[    0.303352] kernel: pci 0000:03:08.0:   bridge window [io  0xf000-0xffff]
[    0.303355] kernel: pci 0000:03:08.0:   bridge window [mem 0xfc800000-0xfc8fffff]
[    0.303423] kernel: pci 0000:05:00.0: [8086:4fa1] type 01 class 0x060400
[    0.303441] kernel: pci 0000:05:00.0: reg 0x10: [mem 0xe0000000-0xe07fffff 64bit pref]
[    0.303462] kernel: pci 0000:05:00.0: enabling Extended Tags
[    0.303534] kernel: pci 0000:05:00.0: PME# supported from D0 D3hot D3cold
[    0.303638] kernel: pci 0000:00:03.1: PCI bridge to [bus 05-08]
[    0.303642] kernel: pci 0000:00:03.1:   bridge window [mem 0xfb000000-0xfc3fffff]
[    0.303646] kernel: pci 0000:00:03.1:   bridge window [mem 0xd0000000-0xe07fffff 64bit pref]
[    0.303685] kernel: pci 0000:06:01.0: [8086:4fa4] type 01 class 0x060400
[    0.303784] kernel: pci 0000:06:01.0: PME# supported from D0 D3hot D3cold
[    0.303852] kernel: pci 0000:06:04.0: [8086:4fa4] type 01 class 0x060400
[    0.303975] kernel: pci 0000:06:04.0: PME# supported from D0 D3hot D3cold
[    0.304061] kernel: pci 0000:05:00.0: PCI bridge to [bus 06-08]
[    0.304068] kernel: pci 0000:05:00.0:   bridge window [mem 0xfb000000-0xfc3fffff]
[    0.304073] kernel: pci 0000:05:00.0:   bridge window [mem 0xd0000000-0xdfffffff 64bit pref]
[    0.304118] kernel: pci 0000:07:00.0: [8086:56a5] type 00 class 0x030000
[    0.304139] kernel: pci 0000:07:00.0: reg 0x10: [mem 0xfb000000-0xfbffffff 64bit]
[    0.304153] kernel: pci 0000:07:00.0: reg 0x18: [mem 0xd0000000-0xdfffffff 64bit pref]
[    0.304179] kernel: pci 0000:07:00.0: reg 0x30: [mem 0xfc000000-0xfc1fffff pref]
[    0.304187] kernel: pci 0000:07:00.0: enabling Extended Tags
[    0.304202] kernel: pci 0000:07:00.0: BAR 2: assigned to efifb
[    0.304209] kernel: pci 0000:07:00.0: Video device with shadowed ROM at [mem 0x000c0000-0x000dffff]
[    0.304265] kernel: pci 0000:07:00.0: PME# supported from D0 D3hot
[    0.304357] kernel: pci 0000:06:01.0: PCI bridge to [bus 07]
[    0.304362] kernel: pci 0000:06:01.0:   bridge window [mem 0xfb000000-0xfc1fffff]
[    0.304368] kernel: pci 0000:06:01.0:   bridge window [mem 0xd0000000-0xdfffffff 64bit pref]
[    0.304427] kernel: pci 0000:08:00.0: [8086:4f92] type 00 class 0x040300
[    0.304455] kernel: pci 0000:08:00.0: reg 0x10: [mem 0xfc300000-0xfc303fff 64bit]
[    0.304577] kernel: pci 0000:08:00.0: PME# supported from D3hot D3cold
[    0.304667] kernel: pci 0000:06:04.0: PCI bridge to [bus 08]
[    0.304674] kernel: pci 0000:06:04.0:   bridge window [mem 0xfc300000-0xfc3fffff]
[    0.304734] kernel: pci 0000:09:00.0: [1022:148a] type 00 class 0x130000
[    0.304762] kernel: pci 0000:09:00.0: enabling Extended Tags
[    0.304865] kernel: pci 0000:00:07.1: PCI bridge to [bus 09]
[    0.304917] kernel: pci 0000:0a:00.0: [1022:1485] type 00 class 0x130000
[    0.304951] kernel: pci 0000:0a:00.0: enabling Extended Tags
[    0.305067] kernel: pci 0000:0a:00.1: [1022:1486] type 00 class 0x108000
[    0.305084] kernel: pci 0000:0a:00.1: reg 0x18: [mem 0xfc600000-0xfc6fffff]
[    0.305095] kernel: pci 0000:0a:00.1: reg 0x24: [mem 0xfc708000-0xfc709fff]
[    0.305104] kernel: pci 0000:0a:00.1: enabling Extended Tags
[    0.305207] kernel: pci 0000:0a:00.3: [1022:149c] type 00 class 0x0c0330
[    0.305221] kernel: pci 0000:0a:00.3: reg 0x10: [mem 0xfc500000-0xfc5fffff 64bit]
[    0.305251] kernel: pci 0000:0a:00.3: enabling Extended Tags
[    0.305296] kernel: pci 0000:0a:00.3: PME# supported from D0 D3hot D3cold
[    0.305367] kernel: pci 0000:0a:00.4: [1022:1487] type 00 class 0x040300
[    0.305377] kernel: pci 0000:0a:00.4: reg 0x10: [mem 0xfc700000-0xfc707fff]
[    0.305403] kernel: pci 0000:0a:00.4: enabling Extended Tags
[    0.305445] kernel: pci 0000:0a:00.4: PME# supported from D0 D3hot D3cold
[    0.305515] kernel: pci 0000:00:08.1: PCI bridge to [bus 0a]
[    0.305519] kernel: pci 0000:00:08.1:   bridge window [mem 0xfc500000-0xfc7fffff]
[    0.305765] kernel: ACPI: PCI: Interrupt link LNKA configured for IRQ 0
[    0.305799] kernel: ACPI: PCI: Interrupt link LNKB configured for IRQ 0
[    0.305827] kernel: ACPI: PCI: Interrupt link LNKC configured for IRQ 0
[    0.305862] kernel: ACPI: PCI: Interrupt link LNKD configured for IRQ 0
[    0.305896] kernel: ACPI: PCI: Interrupt link LNKE configured for IRQ 0
[    0.305923] kernel: ACPI: PCI: Interrupt link LNKF configured for IRQ 0
[    0.305949] kernel: ACPI: PCI: Interrupt link LNKG configured for IRQ 0
[    0.305975] kernel: ACPI: PCI: Interrupt link LNKH configured for IRQ 0
[    0.306434] kernel: iommu: Default domain type: Translated 
[    0.306434] kernel: iommu: DMA domain TLB invalidation policy: lazy mode 
[    0.306434] kernel: SCSI subsystem initialized
[    0.306434] kernel: libata version 3.00 loaded.
[    0.306434] kernel: pci 0000:07:00.0: vgaarb: setting as boot VGA device
[    0.306434] kernel: pci 0000:07:00.0: vgaarb: VGA device added: decodes=io+mem,owns=io+mem,locks=none
[    0.306434] kernel: pci 0000:07:00.0: vgaarb: bridge control possible
[    0.306434] kernel: vgaarb: loaded
[    0.306434] kernel: ACPI: bus type USB registered
[    0.306434] kernel: usbcore: registered new interface driver usbfs
[    0.306434] kernel: usbcore: registered new interface driver hub
[    0.306434] kernel: usbcore: registered new device driver usb
[    0.306434] kernel: pps_core: LinuxPPS API ver. 1 registered
[    0.306434] kernel: pps_core: Software ver. 5.3.6 - Copyright 2005-2007 Rodolfo Giometti <giometti@linux.it>
[    0.306434] kernel: PTP clock support registered
[    0.306434] kernel: EDAC MC: Ver: 3.0.0
[    0.306434] kernel: Registered efivars operations
[    0.306434] kernel: NetLabel: Initializing
[    0.306434] kernel: NetLabel:  domain hash size = 128
[    0.306434] kernel: NetLabel:  protocols = UNLABELED CIPSOv4 CALIPSO
[    0.306434] kernel: NetLabel:  unlabeled traffic allowed by default
[    0.306434] kernel: PCI: Using ACPI for IRQ routing
[    0.310731] kernel: PCI: pci_cache_line_size set to 64 bytes
[    0.310793] kernel: e820: reserve RAM buffer [mem 0x09bff000-0x0bffffff]
[    0.310794] kernel: e820: reserve RAM buffer [mem 0x0a200000-0x0bffffff]
[    0.310795] kernel: e820: reserve RAM buffer [mem 0x0b000000-0x0bffffff]
[    0.310795] kernel: e820: reserve RAM buffer [mem 0xb6d4c018-0xb7ffffff]
[    0.310796] kernel: e820: reserve RAM buffer [mem 0xb6f8a000-0xb7ffffff]
[    0.310796] kernel: e820: reserve RAM buffer [mem 0xb74f9000-0xb7ffffff]
[    0.310797] kernel: e820: reserve RAM buffer [mem 0xbb629000-0xbbffffff]
[    0.310797] kernel: e820: reserve RAM buffer [mem 0xbf000000-0xbfffffff]
[    0.310798] kernel: e820: reserve RAM buffer [mem 0x83f380000-0x83fffffff]
[    0.310800] kernel: hpet0: at MMIO 0xfed00000, IRQs 2, 8, 0
[    0.310800] kernel: hpet0: 3 comparators, 32-bit 14.318180 MHz counter
[    0.312371] kernel: clocksource: Switched to clocksource tsc-early
[    0.316450] kernel: VFS: Disk quotas dquot_6.6.0
[    0.316461] kernel: VFS: Dquot-cache hash table entries: 512 (order 0, 4096 bytes)
[    0.316523] kernel: AppArmor: AppArmor Filesystem Enabled
[    0.316541] kernel: pnp: PnP ACPI init
[    0.316590] kernel: system 00:00: [mem 0xf0000000-0xf7ffffff] has been reserved
[    0.316608] kernel: system 00:01: [mem 0xfeb80000-0xfebfffff] has been reserved
[    0.316639] kernel: system 00:02: [mem 0xfd200000-0xfd2fffff] has been reserved
[    0.316772] kernel: system 00:04: [io  0x0280-0x028f] has been reserved
[    0.316774] kernel: system 00:04: [io  0x0290-0x029f] has been reserved
[    0.316775] kernel: system 00:04: [io  0x02a0-0x02af] has been reserved
[    0.316776] kernel: system 00:04: [io  0x02b0-0x02bf] has been reserved
[    0.316939] kernel: pnp 00:05: [dma 0 disabled]
[    0.317087] kernel: system 00:06: [io  0x04d0-0x04d1] has been reserved
[    0.317089] kernel: system 00:06: [io  0x040b] has been reserved
[    0.317090] kernel: system 00:06: [io  0x04d6] has been reserved
[    0.317091] kernel: system 00:06: [io  0x0c00-0x0c01] has been reserved
[    0.317093] kernel: system 00:06: [io  0x0c14] has been reserved
[    0.317094] kernel: system 00:06: [io  0x0c50-0x0c51] has been reserved
[    0.317095] kernel: system 00:06: [io  0x0c52] has been reserved
[    0.317096] kernel: system 00:06: [io  0x0c6c] has been reserved
[    0.317097] kernel: system 00:06: [io  0x0c6f] has been reserved
[    0.317099] kernel: system 00:06: [io  0x0cd8-0x0cdf] has been reserved
[    0.317100] kernel: system 00:06: [io  0x0800-0x089f] has been reserved
[    0.317101] kernel: system 00:06: [io  0x0b00-0x0b0f] has been reserved
[    0.317102] kernel: system 00:06: [io  0x0b20-0x0b3f] has been reserved
[    0.317104] kernel: system 00:06: [io  0x0900-0x090f] has been reserved
[    0.317105] kernel: system 00:06: [io  0x0910-0x091f] has been reserved
[    0.317106] kernel: system 00:06: [mem 0xfec00000-0xfec00fff] could not be reserved
[    0.317108] kernel: system 00:06: [mem 0xfec01000-0xfec01fff] could not be reserved
[    0.317109] kernel: system 00:06: [mem 0xfedc0000-0xfedc0fff] has been reserved
[    0.317111] kernel: system 00:06: [mem 0xfee00000-0xfee00fff] has been reserved
[    0.317112] kernel: system 00:06: [mem 0xfed80000-0xfed8ffff] could not be reserved
[    0.317114] kernel: system 00:06: [mem 0xfec10000-0xfec10fff] has been reserved
[    0.317115] kernel: system 00:06: [mem 0xff000000-0xffffffff] has been reserved
[    0.317445] kernel: pnp: PnP ACPI: found 7 devices
[    0.322601] kernel: clocksource: acpi_pm: mask: 0xffffff max_cycles: 0xffffff, max_idle_ns: 2085701024 ns
[    0.322640] kernel: NET: Registered PF_INET protocol family
[    0.322781] kernel: IP idents hash table entries: 262144 (order: 9, 2097152 bytes, linear)
[    0.323671] kernel: tcp_listen_portaddr_hash hash table entries: 16384 (order: 6, 262144 bytes, linear)
[    0.323702] kernel: Table-perturb hash table entries: 65536 (order: 6, 262144 bytes, linear)
[    0.323835] kernel: TCP established hash table entries: 262144 (order: 9, 2097152 bytes, linear)
[    0.324008] kernel: TCP bind hash table entries: 65536 (order: 8, 1048576 bytes, linear)
[    0.324056] kernel: TCP: Hash tables configured (established 262144 bind 65536)
[    0.324158] kernel: MPTCP token hash table entries: 32768 (order: 7, 786432 bytes, linear)
[    0.324206] kernel: UDP hash table entries: 16384 (order: 7, 524288 bytes, linear)
[    0.324264] kernel: UDP-Lite hash table entries: 16384 (order: 7, 524288 bytes, linear)
[    0.324323] kernel: NET: Registered PF_UNIX/PF_LOCAL protocol family
[    0.324326] kernel: NET: Registered PF_XDP protocol family
[    0.324335] kernel: pci 0000:00:01.1: PCI bridge to [bus 01]
[    0.324339] kernel: pci 0000:00:01.1:   bridge window [mem 0xfca00000-0xfcafffff]
[    0.324345] kernel: pci 0000:03:08.0: PCI bridge to [bus 04]
[    0.324347] kernel: pci 0000:03:08.0:   bridge window [io  0xf000-0xffff]
[    0.324352] kernel: pci 0000:03:08.0:   bridge window [mem 0xfc800000-0xfc8fffff]
[    0.324360] kernel: pci 0000:02:00.2: PCI bridge to [bus 03-04]
[    0.324362] kernel: pci 0000:02:00.2:   bridge window [io  0xf000-0xffff]
[    0.324366] kernel: pci 0000:02:00.2:   bridge window [mem 0xfc800000-0xfc8fffff]
[    0.324374] kernel: pci 0000:00:01.2: PCI bridge to [bus 02-04]
[    0.324375] kernel: pci 0000:00:01.2:   bridge window [io  0xf000-0xffff]
[    0.324378] kernel: pci 0000:00:01.2:   bridge window [mem 0xfc800000-0xfc9fffff]
[    0.324384] kernel: pci 0000:06:01.0: PCI bridge to [bus 07]
[    0.324389] kernel: pci 0000:06:01.0:   bridge window [mem 0xfb000000-0xfc1fffff]
[    0.324392] kernel: pci 0000:06:01.0:   bridge window [mem 0xd0000000-0xdfffffff 64bit pref]
[    0.324398] kernel: pci 0000:06:04.0: PCI bridge to [bus 08]
[    0.324404] kernel: pci 0000:06:04.0:   bridge window [mem 0xfc300000-0xfc3fffff]
[    0.324413] kernel: pci 0000:05:00.0: PCI bridge to [bus 06-08]
[    0.324417] kernel: pci 0000:05:00.0:   bridge window [mem 0xfb000000-0xfc3fffff]
[    0.324420] kernel: pci 0000:05:00.0:   bridge window [mem 0xd0000000-0xdfffffff 64bit pref]
[    0.324425] kernel: pci 0000:00:03.1: PCI bridge to [bus 05-08]
[    0.324428] kernel: pci 0000:00:03.1:   bridge window [mem 0xfb000000-0xfc3fffff]
[    0.324430] kernel: pci 0000:00:03.1:   bridge window [mem 0xd0000000-0xe07fffff 64bit pref]
[    0.324435] kernel: pci 0000:00:07.1: PCI bridge to [bus 09]
[    0.324441] kernel: pci 0000:00:08.1: PCI bridge to [bus 0a]
[    0.324444] kernel: pci 0000:00:08.1:   bridge window [mem 0xfc500000-0xfc7fffff]
[    0.324449] kernel: pci_bus 0000:00: resource 4 [io  0x0000-0x0cf7 window]
[    0.324450] kernel: pci_bus 0000:00: resource 5 [io  0x0d00-0xffff window]
[    0.324452] kernel: pci_bus 0000:00: resource 6 [mem 0x000a0000-0x000dffff window]
[    0.324453] kernel: pci_bus 0000:00: resource 7 [mem 0xc0000000-0xfec2ffff window]
[    0.324454] kernel: pci_bus 0000:00: resource 8 [mem 0xfee00000-0xffffffff window]
[    0.324455] kernel: pci_bus 0000:01: resource 1 [mem 0xfca00000-0xfcafffff]
[    0.324457] kernel: pci_bus 0000:02: resource 0 [io  0xf000-0xffff]
[    0.324458] kernel: pci_bus 0000:02: resource 1 [mem 0xfc800000-0xfc9fffff]
[    0.324459] kernel: pci_bus 0000:03: resource 0 [io  0xf000-0xffff]
[    0.324460] kernel: pci_bus 0000:03: resource 1 [mem 0xfc800000-0xfc8fffff]
[    0.324461] kernel: pci_bus 0000:04: resource 0 [io  0xf000-0xffff]
[    0.324463] kernel: pci_bus 0000:04: resource 1 [mem 0xfc800000-0xfc8fffff]
[    0.324464] kernel: pci_bus 0000:05: resource 1 [mem 0xfb000000-0xfc3fffff]
[    0.324465] kernel: pci_bus 0000:05: resource 2 [mem 0xd0000000-0xe07fffff 64bit pref]
[    0.324466] kernel: pci_bus 0000:06: resource 1 [mem 0xfb000000-0xfc3fffff]
[    0.324468] kernel: pci_bus 0000:06: resource 2 [mem 0xd0000000-0xdfffffff 64bit pref]
[    0.324469] kernel: pci_bus 0000:07: resource 1 [mem 0xfb000000-0xfc1fffff]
[    0.324470] kernel: pci_bus 0000:07: resource 2 [mem 0xd0000000-0xdfffffff 64bit pref]
[    0.324472] kernel: pci_bus 0000:08: resource 1 [mem 0xfc300000-0xfc3fffff]
[    0.324473] kernel: pci_bus 0000:0a: resource 1 [mem 0xfc500000-0xfc7fffff]
[    0.324663] kernel: PCI: CLS 64 bytes, default 64
[    0.324668] kernel: PCI-DMA: Using software bounce buffering for IO (SWIOTLB)
[    0.324669] kernel: software IO TLB: mapped [mem 0x00000000a968c000-0x00000000ad68c000] (64MB)
[    0.324677] kernel: LVT offset 0 assigned for vector 0x400
[    0.324703] kernel: Trying to unpack rootfs image as initramfs...
[    0.334707] kernel: perf: AMD IBS detected (0x000003ff)
[    0.335027] kernel: Initialise system trusted keyrings
[    0.335034] kernel: Key type blacklist registered
[    0.335055] kernel: workingset: timestamp_bits=36 max_order=23 bucket_order=0
[    0.335630] kernel: zbud: loaded
[    0.335746] kernel: squashfs: version 4.0 (2009/01/31) Phillip Lougher
[    0.335806] kernel: fuse: init (API version 7.34)
[    0.335882] kernel: integrity: Platform Keyring initialized
[    0.338284] kernel: Key type asymmetric registered
[    0.338286] kernel: Asymmetric key parser 'x509' registered
[    0.338293] kernel: Block layer SCSI generic (bsg) driver version 0.4 loaded (major 243)
[    0.338317] kernel: io scheduler mq-deadline registered
[    0.339250] kernel: pcieport 0000:00:01.1: PME: Signaling with IRQ 26
[    0.339294] kernel: pcieport 0000:00:01.1: AER: enabled with IRQ 26
[    0.339383] kernel: pcieport 0000:00:01.2: PME: Signaling with IRQ 27
[    0.339422] kernel: pcieport 0000:00:01.2: AER: enabled with IRQ 27
[    0.339507] kernel: pcieport 0000:00:03.1: PME: Signaling with IRQ 28
[    0.339547] kernel: pcieport 0000:00:03.1: AER: enabled with IRQ 28
[    0.339653] kernel: pcieport 0000:00:07.1: PME: Signaling with IRQ 30
[    0.339691] kernel: pcieport 0000:00:07.1: AER: enabled with IRQ 30
[    0.339764] kernel: pcieport 0000:00:08.1: PME: Signaling with IRQ 31
[    0.339805] kernel: pcieport 0000:00:08.1: AER: enabled with IRQ 31
[    0.340226] kernel: shpchp: Standard Hot Plug PCI Controller Driver version: 0.4
[    0.340297] kernel: input: Power Button as /devices/LNXSYSTM:00/LNXSYBUS:00/PNP0C0C:00/input/input0
[    0.340307] kernel: ACPI: button: Power Button [PWRB]
[    0.340323] kernel: input: Power Button as /devices/LNXSYSTM:00/LNXPWRBN:00/input/input1
[    0.340341] kernel: ACPI: button: Power Button [PWRF]
[    0.340363] kernel: Monitor-Mwait will be used to enter C-1 state
[    0.340365] kernel: ACPI: \_SB_.PLTF.C000: Found 2 idle states
[    0.340410] kernel: ACPI: \_SB_.PLTF.C002: Found 2 idle states
[    0.340464] kernel: ACPI: \_SB_.PLTF.C004: Found 2 idle states
[    0.340515] kernel: ACPI: \_SB_.PLTF.C006: Found 2 idle states
[    0.340563] kernel: ACPI: \_SB_.PLTF.C008: Found 2 idle states
[    0.340596] kernel: ACPI: \_SB_.PLTF.C00A: Found 2 idle states
[    0.340644] kernel: ACPI: \_SB_.PLTF.C001: Found 2 idle states
[    0.340696] kernel: ACPI: \_SB_.PLTF.C003: Found 2 idle states
[    0.340749] kernel: ACPI: \_SB_.PLTF.C005: Found 2 idle states
[    0.340795] kernel: ACPI: \_SB_.PLTF.C007: Found 2 idle states
[    0.340842] kernel: ACPI: \_SB_.PLTF.C009: Found 2 idle states
[    0.340887] kernel: ACPI: \_SB_.PLTF.C00B: Found 2 idle states
[    0.341002] kernel: Serial: 8250/16550 driver, 32 ports, IRQ sharing enabled
[    0.361537] kernel: 00:05: ttyS0 at I/O 0x3f8 (irq = 4, base_baud = 115200) is a 16550A
[    0.362955] kernel: Linux agpgart interface v0.103
[    0.435719] kernel: loop: module loaded
[    0.435872] kernel: tun: Universal TUN/TAP device driver, 1.6
[    0.435887] kernel: PPP generic driver version 2.4.2
[    0.435910] kernel: VFIO - User Level meta-driver version: 0.3
[    0.435958] kernel: ehci_hcd: USB 2.0 'Enhanced' Host Controller (EHCI) Driver
[    0.435960] kernel: ehci-pci: EHCI PCI platform driver
[    0.435966] kernel: ehci-platform: EHCI generic platform driver
[    0.435970] kernel: ohci_hcd: USB 1.1 'Open' Host Controller (OHCI) Driver
[    0.435972] kernel: ohci-pci: OHCI PCI platform driver
[    0.435976] kernel: ohci-platform: OHCI generic platform driver
[    0.435979] kernel: uhci_hcd: USB Universal Host Controller Interface driver
[    0.436005] kernel: i8042: PNP: No PS/2 controller found.
[    0.436027] kernel: mousedev: PS/2 mouse device common for all mice
[    0.436070] kernel: rtc_cmos 00:03: RTC can wake from S4
[    0.436231] kernel: rtc_cmos 00:03: registered as rtc0
[    0.436259] kernel: rtc_cmos 00:03: setting system clock to 2024-02-08T22:48:21 UTC (1707432501)
[    0.436279] kernel: rtc_cmos 00:03: alarms up to one month, y3k, 114 bytes nvram, hpet irqs
[    0.436284] kernel: i2c_dev: i2c /dev entries driver
[    0.436294] kernel: device-mapper: core: CONFIG_IMA_DISABLE_HTABLE is disabled. Duplicate IMA measurements will not be recorded in the IMA log.
[    0.436313] kernel: device-mapper: uevent: version 1.0.3
[    0.436334] kernel: device-mapper: ioctl: 4.45.0-ioctl (2021-03-22) initialised: dm-devel@redhat.com
[    0.436343] kernel: platform eisa.0: Probing EISA bus 0
[    0.436345] kernel: platform eisa.0: EISA: Cannot allocate resource for mainboard
[    0.436346] kernel: platform eisa.0: Cannot allocate resource for EISA slot 1
[    0.436347] kernel: platform eisa.0: Cannot allocate resource for EISA slot 2
[    0.436349] kernel: platform eisa.0: Cannot allocate resource for EISA slot 3
[    0.436350] kernel: platform eisa.0: Cannot allocate resource for EISA slot 4
[    0.436351] kernel: platform eisa.0: Cannot allocate resource for EISA slot 5
[    0.436352] kernel: platform eisa.0: Cannot allocate resource for EISA slot 6
[    0.436353] kernel: platform eisa.0: Cannot allocate resource for EISA slot 7
[    0.436354] kernel: platform eisa.0: Cannot allocate resource for EISA slot 8
[    0.436355] kernel: platform eisa.0: EISA: Detected 0 cards
[    0.436447] kernel: ledtrig-cpu: registered to indicate activity on CPUs
[    0.436457] kernel: efifb: probing for efifb
[    0.436465] kernel: efifb: framebuffer at 0xdc000000, using 8100k, total 8100k
[    0.436466] kernel: efifb: mode is 1920x1080x32, linelength=7680, pages=1
[    0.436468] kernel: efifb: scrolling: redraw
[    0.436468] kernel: efifb: Truecolor: size=8:8:8:8, shift=24:16:8:0
[    0.436511] kernel: Console: switching to colour frame buffer device 240x67
[    0.438459] kernel: fb0: EFI VGA frame buffer device
[    0.438468] kernel: EFI Variables Facility v0.08 2004-May-17
[    0.439234] kernel: drop_monitor: Initializing network drop monitor service
[    0.439317] kernel: NET: Registered PF_INET6 protocol family
[    0.654426] kernel: Freeing initrd memory: 110120K
[    0.656914] kernel: Segment Routing with IPv6
[    0.656931] kernel: In-situ OAM (IOAM) with IPv6
[    0.656958] kernel: NET: Registered PF_PACKET protocol family
[    0.656990] kernel: Key type dns_resolver registered
[    0.657469] kernel: microcode: CPU0: patch_level=0x0a20120e
[    0.657481] kernel: microcode: CPU1: patch_level=0x0a20120e
[    0.657495] kernel: microcode: CPU2: patch_level=0x0a20120e
[    0.657511] kernel: microcode: CPU3: patch_level=0x0a20120e
[    0.657527] kernel: microcode: CPU4: patch_level=0x0a20120e
[    0.657542] kernel: microcode: CPU5: patch_level=0x0a20120e
[    0.657556] kernel: microcode: CPU6: patch_level=0x0a20120e
[    0.657570] kernel: microcode: CPU7: patch_level=0x0a20120e
[    0.657583] kernel: microcode: CPU8: patch_level=0x0a20120e
[    0.657596] kernel: microcode: CPU9: patch_level=0x0a20120e
[    0.657609] kernel: microcode: CPU10: patch_level=0x0a20120e
[    0.657622] kernel: microcode: CPU11: patch_level=0x0a20120e
[    0.657634] kernel: microcode: Microcode Update Driver: v2.2.
[    0.657698] kernel: resctrl: L3 allocation detected
[    0.657714] kernel: resctrl: MB allocation detected
[    0.657721] kernel: resctrl: L3 monitoring detected
[    0.657730] kernel: IPI shorthand broadcast: enabled
[    0.657750] kernel: sched_clock: Marking stable (657345257, 344956)->(676191445, -18501232)
[    0.657925] kernel: registered taskstats version 1
[    0.657990] kernel: Loading compiled-in X.509 certificates
[    0.658324] kernel: Loaded X.509 cert 'Build time autogenerated kernel key: 9d82e5e7ad5edec3b7fd52847c6ba9a5bea7ed9c'
[    0.658605] kernel: Loaded X.509 cert 'Canonical Ltd. Live Patch Signing: 14df34d1a87cf37625abec039ef2bf521249b969'
[    0.658892] kernel: Loaded X.509 cert 'Canonical Ltd. Kernel Module Signing: 88f752e560a1e0737e31163a466ad7b70a850c19'
[    0.658910] kernel: blacklist: Loading compiled-in revocation X.509 certificates
[    0.658929] kernel: Loaded X.509 cert 'Canonical Ltd. Secure Boot Signing: 61482aa2830d0ab2ad5af10b7250da9033ddcef0'
[    0.658952] kernel: Loaded X.509 cert 'Canonical Ltd. Secure Boot Signing (2017): 242ade75ac4a15e50d50c84b0d45ff3eae707a03'
[    0.658976] kernel: Loaded X.509 cert 'Canonical Ltd. Secure Boot Signing (ESM 2018): 365188c1d374d6b07c3c8f240f8ef722433d6a8b'
[    0.658999] kernel: Loaded X.509 cert 'Canonical Ltd. Secure Boot Signing (2019): c0746fd6c5da3ae827864651ad66ae47fe24b3e8'
[    0.659023] kernel: Loaded X.509 cert 'Canonical Ltd. Secure Boot Signing (2021 v1): a8d54bbb3825cfb94fa13c9f8a594a195c107b8d'
[    0.659046] kernel: Loaded X.509 cert 'Canonical Ltd. Secure Boot Signing (2021 v2): 4cf046892d6fd3c9a5b03f98d845f90851dc6a8c'
[    0.659069] kernel: Loaded X.509 cert 'Canonical Ltd. Secure Boot Signing (2021 v3): 100437bb6de6e469b581e61cd66bce3ef4ed53af'
[    0.659093] kernel: Loaded X.509 cert 'Canonical Ltd. Secure Boot Signing (Ubuntu Core 2019): c1d57b8f6b743f23ee41f4f7ee292f06eecadfb9'
[    0.659736] kernel: zswap: loaded using pool lzo/zbud
[    0.660401] kernel: Key type .fscrypt registered
[    0.660775] kernel: Key type fscrypt-provisioning registered
[    0.661205] kernel: Key type trusted registered
[    0.662583] kernel: Key type encrypted registered
[    0.662955] kernel: AppArmor: AppArmor sha1 policy hashing enabled
[    0.663365] kernel: integrity: Loading X.509 certificate: UEFI:MokListRT (MOKvar table)
[    0.663844] kernel: integrity: Loaded X.509 cert 'Canonical Ltd. Master Certificate Authority: ad91990bc22ab1f517048c23b6655a268e345a63'
[    0.664222] kernel: Loading compiled-in module X.509 certificates
[    0.664872] kernel: Loaded X.509 cert 'Build time autogenerated kernel key: 9d82e5e7ad5edec3b7fd52847c6ba9a5bea7ed9c'
[    0.665261] kernel: ima: Allocated hash algorithm: sha1
[    0.773384] kernel: ima: No architecture policies found
[    0.773878] kernel: evm: Initialising EVM extended attributes:
[    0.774375] kernel: evm: security.selinux
[    0.774790] kernel: evm: security.SMACK64
[    0.775194] kernel: evm: security.SMACK64EXEC
[    0.775600] kernel: evm: security.SMACK64TRANSMUTE
[    0.776008] kernel: evm: security.SMACK64MMAP
[    0.776412] kernel: evm: security.apparmor
[    0.776810] kernel: evm: security.ima
[    0.777203] kernel: evm: security.capability
[    0.777594] kernel: evm: HMAC attrs: 0x1
[    0.778139] kernel: PM:   Magic number: 12:697:855
[    0.779192] kernel: RAS: Correctable Errors collector initialized.
[    0.780317] kernel: Freeing unused decrypted memory: 2036K
[    0.781233] kernel: Freeing unused kernel image (initmem) memory: 3248K
[    0.793791] kernel: Write protecting the kernel read-only data: 30720k
[    0.794713] kernel: Freeing unused kernel image (text/rodata gap) memory: 2036K
[    0.795491] kernel: Freeing unused kernel image (rodata/data gap) memory: 1444K
[    0.833338] kernel: x86/mm: Checked W+X mappings: passed, no W+X pages found.
[    0.833947] kernel: Run /init as init process
[    0.834552] kernel:   with arguments:
[    0.834553] kernel:     /init
[    0.834553] kernel:     ---
[    0.834554] kernel:   with environment:
[    0.834554] kernel:     HOME=/
[    0.834555] kernel:     TERM=linux
[    0.834556] kernel:     BOOT_IMAGE=/casper/vmlinuz
[    0.903460] kernel: xhci_hcd 0000:02:00.0: xHCI Host Controller
[    0.904089] kernel: xhci_hcd 0000:02:00.0: new USB bus registered, assigned bus number 1
[    0.904343] kernel: piix4_smbus 0000:00:14.0: SMBus Host Controller at 0xb00, revision 0
[    0.905225] kernel: piix4_smbus 0000:00:14.0: Using register 0x02 for SMBus port selection
[    0.906372] kernel: cryptd: max_cpu_qlen set to 1000
[    0.906973] kernel: piix4_smbus 0000:00:14.0: Auxiliary SMBus Host Controller at 0xb20
[    0.908434] kernel: ahci 0000:02:00.1: version 3.0
[    0.908442] kernel: nvme nvme0: pci function 0000:01:00.0
[    0.916439] kernel: AVX2 version of gcm_enc/dec engaged.
[    0.916520] kernel: ahci 0000:02:00.1: SSS flag set, parallel bus scan disabled
[    0.917837] kernel: AES CTR mode by8 optimization enabled
[    0.917862] kernel: ahci 0000:02:00.1: AHCI 0001.0301 32 slots 6 ports 6 Gbps 0x3f impl SATA mode
[    0.918945] kernel: ahci 0000:02:00.1: flags: 64bit ncq sntf stag pm led clo only pmp pio slum part sxs deso sadm sds apst 
[    0.920120] kernel: scsi host0: ahci
[    0.920735] kernel: scsi host1: ahci
[    0.921268] kernel: scsi host2: ahci
[    0.921791] kernel: scsi host3: ahci
[    0.921934] kernel: r8169 0000:04:00.0 eth0: RTL8168h/8111h, 9c:6b:00:1e:6b:48, XID 541, IRQ 42
[    0.922302] kernel: scsi host4: ahci
[    0.922841] kernel: r8169 0000:04:00.0 eth0: jumbo features [frames: 9194 bytes, tx checksumming: ko]
[    0.923806] kernel: scsi host5: ahci
[    0.925193] kernel: ata1: SATA max UDMA/133 abar m131072@0xfc980000 port 0xfc980100 irq 40
[    0.925933] kernel: ata2: SATA max UDMA/133 abar m131072@0xfc980000 port 0xfc980180 irq 40
[    0.926596] kernel: ata3: SATA max UDMA/133 abar m131072@0xfc980000 port 0xfc980200 irq 40
[    0.927323] kernel: ata4: SATA max UDMA/133 abar m131072@0xfc980000 port 0xfc980280 irq 40
[    0.928008] kernel: ata5: SATA max UDMA/133 abar m131072@0xfc980000 port 0xfc980300 irq 40
[    0.928709] kernel: ata6: SATA max UDMA/133 abar m131072@0xfc980000 port 0xfc980380 irq 40
[    0.943787] kernel: nvme nvme0: Shutdown timeout set to 8 seconds
[    0.960240] kernel: xhci_hcd 0000:02:00.0: hcc params 0x0200ef81 hci version 0x110 quirks 0x0000000000000410
[    0.961072] kernel: xhci_hcd 0000:02:00.0: xHCI Host Controller
[    0.961516] kernel: xhci_hcd 0000:02:00.0: new USB bus registered, assigned bus number 2
[    0.961963] kernel: xhci_hcd 0000:02:00.0: Host supports USB 3.1 Enhanced SuperSpeed
[    0.962449] kernel: usb usb1: New USB device found, idVendor=1d6b, idProduct=0002, bcdDevice= 5.15
[    0.962900] kernel: usb usb1: New USB device strings: Mfr=3, Product=2, SerialNumber=1
[    0.963351] kernel: usb usb1: Product: xHCI Host Controller
[    0.963790] kernel: usb usb1: Manufacturer: Linux 5.15.0-78-generic xhci-hcd
[    0.964232] kernel: usb usb1: SerialNumber: 0000:02:00.0
[    0.964735] kernel: hub 1-0:1.0: USB hub found
[    0.965186] kernel: hub 1-0:1.0: 10 ports detected
[    0.965792] kernel: usb usb2: We don't know the algorithms for LPM for this host, disabling LPM.
[    0.966250] kernel: usb usb2: New USB device found, idVendor=1d6b, idProduct=0003, bcdDevice= 5.15
[    0.966700] kernel: usb usb2: New USB device strings: Mfr=3, Product=2, SerialNumber=1
[    0.967145] kernel: usb usb2: Product: xHCI Host Controller
[    0.967578] kernel: usb usb2: Manufacturer: Linux 5.15.0-78-generic xhci-hcd
[    0.968007] kernel: usb usb2: SerialNumber: 0000:02:00.0
[    0.968462] kernel: hub 2-0:1.0: USB hub found
[    0.968885] kernel: hub 2-0:1.0: 4 ports detected
[    0.969429] kernel: xhci_hcd 0000:0a:00.3: xHCI Host Controller
[    0.969922] kernel: xhci_hcd 0000:0a:00.3: new USB bus registered, assigned bus number 3
[    0.970432] kernel: xhci_hcd 0000:0a:00.3: hcc params 0x0278ffe5 hci version 0x110 quirks 0x0000000000000410
[    0.971009] kernel: xhci_hcd 0000:0a:00.3: xHCI Host Controller
[    0.971446] kernel: xhci_hcd 0000:0a:00.3: new USB bus registered, assigned bus number 4
[    0.971889] kernel: xhci_hcd 0000:0a:00.3: Host supports USB 3.1 Enhanced SuperSpeed
[    0.972354] kernel: usb usb3: New USB device found, idVendor=1d6b, idProduct=0002, bcdDevice= 5.15
[    0.972810] kernel: usb usb3: New USB device strings: Mfr=3, Product=2, SerialNumber=1
[    0.973270] kernel: usb usb3: Product: xHCI Host Controller
[    0.973732] kernel: usb usb3: Manufacturer: Linux 5.15.0-78-generic xhci-hcd
[    0.974197] kernel: usb usb3: SerialNumber: 0000:0a:00.3
[    0.974702] kernel: hub 3-0:1.0: USB hub found
[    0.975171] kernel: hub 3-0:1.0: 4 ports detected
[    0.975715] kernel: usb usb4: We don't know the algorithms for LPM for this host, disabling LPM.
[    0.976189] kernel: usb usb4: New USB device found, idVendor=1d6b, idProduct=0003, bcdDevice= 5.15
[    0.976656] kernel: usb usb4: New USB device strings: Mfr=3, Product=2, SerialNumber=1
[    0.977126] kernel: usb usb4: Product: xHCI Host Controller
[    0.977591] kernel: usb usb4: Manufacturer: Linux 5.15.0-78-generic xhci-hcd
[    0.978074] kernel: usb usb4: SerialNumber: 0000:0a:00.3
[    0.979704] kernel: hub 4-0:1.0: USB hub found
[    0.980189] kernel: hub 4-0:1.0: 4 ports detected
[    0.982092] kernel: nvme nvme0: allocated 64 MiB host memory buffer.
[    1.029991] kernel: nvme nvme0: 12/0/0 default/read/poll queues
[    1.040659] kernel:  nvme0n1: p1 p2 p3
[    1.231353] kernel: ata1: SATA link down (SStatus 0 SControl 330)
[    1.283353] kernel: usb 1-10: new full-speed USB device number 2 using xhci_hcd
[    1.299352] kernel: usb 3-1: new full-speed USB device number 2 using xhci_hcd
[    1.351339] kernel: tsc: Refined TSC clocksource calibration: 3493.437 MHz
[    1.351914] kernel: clocksource: tsc: mask: 0xffffffffffffffff max_cycles: 0x325b1901053, max_idle_ns: 440795306184 ns
[    1.352526] kernel: clocksource: Switched to clocksource tsc
[    1.470372] kernel: usb 3-1: New USB device found, idVendor=046d, idProduct=c318, bcdDevice=55.03
[    1.471314] kernel: usb 3-1: New USB device strings: Mfr=1, Product=2, SerialNumber=0
[    1.472247] kernel: usb 3-1: Product: Logitech Illuminated Keyboard
[    1.473160] kernel: usb 3-1: Manufacturer: Logitech
[    1.544738] kernel: usb 1-10: New USB device found, idVendor=26ce, idProduct=01a2, bcdDevice= 0.00
[    1.545642] kernel: ata2: SATA link down (SStatus 0 SControl 330)
[    1.545693] kernel: usb 1-10: New USB device strings: Mfr=1, Product=2, SerialNumber=3
[    1.547644] kernel: usb 1-10: Product: LED Controller
[    1.548592] kernel: usb 1-10: Manufacturer: ASRock
[    1.549525] kernel: usb 1-10: SerialNumber: A02019100900
[    1.575510] kernel: usb 4-2: new SuperSpeed USB device number 2 using xhci_hcd
[    1.596186] kernel: usb 4-2: New USB device found, idVendor=0781, idProduct=5581, bcdDevice= 1.00
[    1.597142] kernel: usb 4-2: New USB device strings: Mfr=1, Product=2, SerialNumber=3
[    1.598098] kernel: usb 4-2: Product: Ultra
[    1.599055] kernel: usb 4-2: Manufacturer: SanDisk
[    1.600022] kernel: usb 4-2: SerialNumber: 4C530001130112115502
[    1.861887] kernel: ata3: SATA link down (SStatus 0 SControl 300)
[    2.177926] kernel: ata4: SATA link down (SStatus 0 SControl 300)
[    2.493768] kernel: ata5: SATA link down (SStatus 0 SControl 330)
[    2.809495] kernel: ata6: SATA link down (SStatus 0 SControl 330)
[    2.814318] kernel: r8169 0000:04:00.0 enp4s0: renamed from eth0
[    2.818701] kernel: hid: raw HID events driver (C) Jiri Kosina
[    2.819737] kernel: usb-storage 4-2:1.0: USB Mass Storage device detected
[    2.820739] kernel: scsi host6: usb-storage 4-2:1.0
[    2.821709] kernel: usbcore: registered new interface driver usb-storage
[    2.823679] kernel: usbcore: registered new interface driver uas
[    2.843411] kernel: usbcore: registered new interface driver usbhid
[    2.844113] kernel: usbhid: USB HID core driver
[    2.846163] kernel: input: Logitech Logitech Illuminated Keyboard as /devices/pci0000:00/0000:00:08.1/0000:0a:00.3/usb3/3-1/3-1:1.0/0003:046D:C318.0001/input/input2
[    2.903618] kernel: hid-generic 0003:046D:C318.0001: input,hidraw0: USB HID v1.11 Keyboard [Logitech Logitech Illuminated Keyboard] on usb-0000:0a:00.3-1/input0
[    2.904302] kernel: input: Logitech Logitech Illuminated Keyboard Consumer Control as /devices/pci0000:00/0000:00:08.1/0000:0a:00.3/usb3/3-1/3-1:1.1/0003:046D:C318.0002/input/input3
[    2.967628] kernel: hid-generic 0003:046D:C318.0002: input,hiddev0,hidraw1: USB HID v1.11 Device [Logitech Logitech Illuminated Keyboard] on usb-0000:0a:00.3-1/input1
[    2.968322] kernel: input: ASRock LED Controller as /devices/pci0000:00/0000:00:01.2/0000:02:00.0/usb1/1-10/1-10:1.0/0003:26CE:01A2.0003/input/input5
[    3.027389] kernel: hid-generic 0003:26CE:01A2.0003: input,hidraw2: USB HID v1.10 Device [ASRock LED Controller] on usb-0000:02:00.0-10/input0
[    3.848585] kernel: scsi 6:0:0:0: Direct-Access     SanDisk  Ultra            1.00 PQ: 0 ANSI: 6
[    3.849649] kernel: sd 6:0:0:0: Attached scsi generic sg0 type 0
[    3.850789] kernel: sd 6:0:0:0: [sda] 60062500 512-byte logical blocks: (30.8 GB/28.6 GiB)
[    3.853611] kernel: sd 6:0:0:0: [sda] Write Protect is off
[    3.854698] kernel: sd 6:0:0:0: [sda] Mode Sense: 43 00 00 00
[    3.855039] kernel: sd 6:0:0:0: [sda] Write cache: disabled, read cache: enabled, doesn't support DPO or FUA
[    3.871408] kernel: GPT:Primary header thinks Alt. header is not at the end of the disk.
[    3.872088] kernel: GPT:4166779 != 60062499
[    3.872669] kernel: GPT:Alternate GPT header not at the end of the disk.
[    3.873217] kernel: GPT:4166779 != 60062499
[    3.873756] kernel: GPT: Use GNU Parted to correct GPT errors.
[    3.874299] kernel:  sda: sda1 sda2 sda3
[    3.876279] kernel: sd 6:0:0:0: [sda] Attached SCSI removable disk
[    4.315334] kernel: raid6: avx2x4   gen() 28977 MB/s
[    4.383334] kernel: raid6: avx2x4   xor()  6510 MB/s
[    4.451334] kernel: raid6: avx2x2   gen() 37585 MB/s
[    4.519334] kernel: raid6: avx2x2   xor() 42335 MB/s
[    4.587334] kernel: raid6: avx2x1   gen() 29133 MB/s
[    4.655334] kernel: raid6: avx2x1   xor() 38429 MB/s
[    4.723334] kernel: raid6: sse2x4   gen() 27636 MB/s
[    4.791335] kernel: raid6: sse2x4   xor()  3363 MB/s
[    4.859337] kernel: raid6: sse2x2   gen() 21255 MB/s
[    4.927333] kernel: raid6: sse2x2   xor() 21822 MB/s
[    4.995348] kernel: raid6: sse2x1   gen()  1363 MB/s
[    5.063334] kernel: raid6: sse2x1   xor() 19466 MB/s
[    5.063841] kernel: raid6: using algorithm avx2x2 gen() 37585 MB/s
[    5.064350] kernel: raid6: .... xor() 42335 MB/s, rmw enabled
[    5.064855] kernel: raid6: using avx2x2 recovery algorithm
[    5.065851] kernel: xor: automatically using best checksumming function   avx       
[    5.066768] kernel: async_tx: api initialized (async)
[    5.108805] kernel: EXT4-fs (dm-1): mounted filesystem with ordered data mode. Opts: (null). Quota mode: none.
[    5.194653] kernel: ISO 9660 Extensions: Microsoft Joliet Level 3
[    5.196122] kernel: ISO 9660 Extensions: RRIP_1991A
[    5.695819] kernel:  sda: sda1 sda2 sda3 sda4
[    5.715674] kernel:  sda: sda1 sda2 sda3 sda4
[    8.580955] kernel: ISO 9660 Extensions: Microsoft Joliet Level 3
[    8.582432] kernel: ISO 9660 Extensions: RRIP_1991A
[    8.608348] kernel: loop0: detected capacity change from 0 to 296016
[    8.668189] kernel: loop1: detected capacity change from 0 to 666496
[    8.732343] kernel: loop2: detected capacity change from 0 to 967960
[    8.796424] kernel: loop3: detected capacity change from 0 to 274448
[    8.804723] kernel: overlayfs: null uuid detected in lower fs '/', falling back to xino=off,index=off,nfs_export=off.
[    8.831870] kernel: EXT4-fs (sda4): mounted filesystem with ordered data mode. Opts: (null). Quota mode: none.
[   10.811853] kernel: loop4: detected capacity change from 0 to 296016
[   10.831924] kernel: loop5: detected capacity change from 0 to 666496
[   10.864259] kernel: overlayfs: "xino" feature enabled using 32 upper inode bits.
[   11.139067] systemd[1]: Inserted module 'autofs4'
[   11.179027] systemd[1]: systemd 249.11-0ubuntu3.9 running in system mode (+PAM +AUDIT +SELINUX +APPARMOR +IMA +SMACK +SECCOMP +GCRYPT +GNUTLS +OPENSSL +ACL +BLKID +CURL +ELFUTILS +FIDO2 +IDN2 -IDN +IPTC +KMOD +LIBCRYPTSETUP +LIBFDISK +PCRE2 -PWQUALITY -P11KIT -QRENCODE +BZIP2 +LZ4 +XZ +ZLIB +ZSTD -XKBCOMMON +UTMP +SYSVINIT default-hierarchy=unified)
[   11.199366] systemd[1]: Detected architecture x86-64.
[   11.213171] systemd[1]: Initializing machine ID from random generator.
[   11.823933] systemd[1]: Queued start job for default target Graphical Interface.
[   11.824950] systemd[1]: Created slice Slice /system/modprobe.
[   11.826188] systemd[1]: Created slice User and Session Slice.
[   11.827321] systemd[1]: Started Forward Password Requests to Wall Directory Watch.
[   11.828542] systemd[1]: Set up automount Arbitrary Executable File Formats File System Automount Point.
[   11.829751] systemd[1]: Reached target Slice Units.
[   11.830934] systemd[1]: Reached target Mounting snaps.
[   11.832126] systemd[1]: Reached target Swaps.
[   11.833311] systemd[1]: Reached target Local Verity Protected Volumes.
[   11.834528] systemd[1]: Listening on Device-mapper event daemon FIFOs.
[   11.836573] systemd[1]: Listening on LVM2 poll daemon socket.
[   11.837826] systemd[1]: Listening on multipathd control socket.
[   11.839206] systemd[1]: Listening on Syslog Socket.
[   11.840440] systemd[1]: Listening on initctl Compatibility Named Pipe.
[   11.841943] systemd[1]: Listening on Journal Audit Socket.
[   11.843185] systemd[1]: Listening on Journal Socket (/dev/log).
[   11.844437] systemd[1]: Listening on Journal Socket.
[   11.845706] systemd[1]: Listening on Network Service Netlink Socket.
[   11.847859] systemd[1]: Listening on udev Control Socket.
[   11.849131] systemd[1]: Listening on udev Kernel Socket.
[   11.850820] systemd[1]: Mounting Huge Pages File System...
[   11.852338] systemd[1]: Mounting POSIX Message Queue File System...
[   11.853845] systemd[1]: Mounting Kernel Debug File System...
[   11.855379] systemd[1]: Mounting Kernel Trace File System...
[   11.857241] systemd[1]: Starting Journal Service...
[   11.858914] systemd[1]: Starting Set the console keyboard layout...
[   11.860909] systemd[1]: Starting Create List of Static Device Nodes...
[   11.862476] systemd[1]: Starting Monitoring of LVM2 mirrors, snapshots etc. using dmeventd or progress polling...
[   11.863799] systemd[1]: Condition check resulted in LXD - agent being skipped.
[   11.864748] systemd[1]: Starting Load Kernel Module chromeos_pstore...
[   11.866359] systemd[1]: Starting Load Kernel Module configfs...
[   11.867998] systemd[1]: Starting Load Kernel Module drm...
[   11.870114] systemd[1]: Starting Load Kernel Module efi_pstore...
[   11.872044] systemd[1]: Starting Load Kernel Module fuse...
[   11.873597] systemd[1]: Starting Load Kernel Module pstore_blk...
[   11.875170] systemd[1]: Starting Load Kernel Module pstore_zone...
[   11.876740] systemd[1]: Starting Load Kernel Module ramoops...
[   11.882691] systemd[1]: Condition check resulted in OpenVSwitch configuration for cleanup being skipped.
[   11.885723] systemd[1]: Starting Load Kernel Modules...
[   11.887268] systemd[1]: Starting Remount Root and Kernel File Systems...
[   11.888930] systemd[1]: Starting Coldplug All udev Devices...
[   11.891090] systemd[1]: Mounted Huge Pages File System.
[   11.892353] systemd[1]: Mounted POSIX Message Queue File System.
[   11.893603] systemd[1]: Mounted Kernel Debug File System.
[   11.894842] systemd[1]: Started Journal Service.
[   11.939956] kernel: pstore: Using crash dump compression: deflate
[   11.940505] kernel: pstore: Registered efi as persistent store backend
[   11.991584] kernel: alua: device handler registered
[   11.995877] kernel: emc: device handler registered
[   11.996484] kernel: rdac: device handler registered
[   13.034639] kernel: RAPL PMU: API unit is 2^-32 Joules, 1 fixed counters, 163840 ms ovfl timer
[   13.034641] kernel: RAPL PMU: hw unit of domain package 2^-16 Joules
[   13.217510] kernel: ccp 0000:0a:00.1: enabling device (0000 -> 0002)
[   13.217646] kernel: ccp 0000:0a:00.1: ccp: unable to access the device: you might be running a broken BIOS.
[   13.227815] kernel: kvm: Nested Virtualization enabled
[   13.227817] kernel: SVM: kvm: Nested Paging enabled
[   13.227826] kernel: SVM: Virtual VMLOAD VMSAVE supported
[   13.227827] kernel: SVM: Virtual GIF supported
[   13.236355] kernel: MCE: In-kernel MCE decoding enabled.
[   13.242307] kernel: EDAC amd64: MCT channel count: 2
[   13.242337] kernel: EDAC MC0: Giving out device to module amd64_edac controller F19h_M20h: DEV 0000:00:18.3 (INTERRUPT)
[   13.242339] kernel: EDAC amd64: F19h_M20h detected (node 0).
[   13.242342] kernel: EDAC MC: UMC0 chip selects:
[   13.242342] kernel: EDAC amd64: MC: 0:     0MB 1:     0MB
[   13.242344] kernel: EDAC amd64: MC: 2: 16384MB 3:     0MB
[   13.242347] kernel: EDAC MC: UMC1 chip selects:
[   13.242347] kernel: EDAC amd64: MC: 0:     0MB 1:     0MB
[   13.242348] kernel: EDAC amd64: MC: 2: 16384MB 3:     0MB
[   13.242349] kernel: EDAC amd64: using x16 syndromes.
[   13.242355] kernel: EDAC PCI0: Giving out device to module amd64_edac controller EDAC PCI controller: DEV 0000:00:18.0 (POLLED)
[   13.242357] kernel: AMD64 EDAC driver v3.5.0
[   13.455658] kernel: intel_rapl_common: Found RAPL domain package
[   13.455661] kernel: intel_rapl_common: Found RAPL domain core
[   13.471985] kernel: snd_hda_intel 0000:08:00.0: enabling device (0000 -> 0002)
[   13.472021] kernel: snd_hda_intel 0000:0a:00.4: enabling device (0000 -> 0002)
[   13.532099] kernel: snd_hda_codec_realtek hdaudioC1D0: ALCS1200A: SKU not ready 0x00000000
[   13.532432] kernel: snd_hda_codec_realtek hdaudioC1D0: autoconfig for ALCS1200A: line_outs=1 (0x14/0x0/0x0/0x0/0x0) type:line
[   13.532434] kernel: snd_hda_codec_realtek hdaudioC1D0:    speaker_outs=0 (0x0/0x0/0x0/0x0/0x0)
[   13.532435] kernel: snd_hda_codec_realtek hdaudioC1D0:    hp_outs=1 (0x1b/0x0/0x0/0x0/0x0)
[   13.532436] kernel: snd_hda_codec_realtek hdaudioC1D0:    mono: mono_out=0x0
[   13.532437] kernel: snd_hda_codec_realtek hdaudioC1D0:    inputs:
[   13.532437] kernel: snd_hda_codec_realtek hdaudioC1D0:      Front Mic=0x19
[   13.532438] kernel: snd_hda_codec_realtek hdaudioC1D0:      Rear Mic=0x18
[   13.532439] kernel: snd_hda_codec_realtek hdaudioC1D0:      Line=0x1a
[   13.542828] kernel: input: HD-Audio Generic Front Mic as /devices/pci0000:00/0000:00:08.1/0000:0a:00.4/sound/card1/input6
[   13.542870] kernel: input: HD-Audio Generic Rear Mic as /devices/pci0000:00/0000:00:08.1/0000:0a:00.4/sound/card1/input7
[   13.542892] kernel: input: HD-Audio Generic Line as /devices/pci0000:00/0000:00:08.1/0000:0a:00.4/sound/card1/input8
[   13.542919] kernel: input: HD-Audio Generic Line Out as /devices/pci0000:00/0000:00:08.1/0000:0a:00.4/sound/card1/input9
[   13.542944] kernel: input: HD-Audio Generic Front Headphone as /devices/pci0000:00/0000:00:08.1/0000:0a:00.4/sound/card1/input10
[   14.632245] kernel: loop6: detected capacity change from 0 to 38952
[   14.632338] kernel: loop7: detected capacity change from 0 to 129944
[   14.633192] kernel: loop8: detected capacity change from 0 to 109072
[   14.633192] kernel: loop9: detected capacity change from 0 to 229272
[   14.633237] kernel: loop10: detected capacity change from 0 to 151296
[   16.411326] kernel: audit: type=1400 audit(1707432517.468:2): apparmor="STATUS" operation="profile_load" profile="unconfined" name="snap-update-ns.lxd" pid=1520 comm="apparmor_parser"
[   16.412692] kernel: audit: type=1400 audit(1707432517.472:3): apparmor="STATUS" operation="profile_load" profile="unconfined" name="snap-update-ns.subiquity" pid=1521 comm="apparmor_parser"
[   16.530368] kernel: audit: type=1400 audit(1707432517.588:4): apparmor="STATUS" operation="profile_load" profile="unconfined" name="snap.lxd.hook.install" pid=1528 comm="apparmor_parser"
[   16.535780] kernel: audit: type=1400 audit(1707432517.596:5): apparmor="STATUS" operation="profile_load" profile="unconfined" name="snap.lxd.lxd" pid=1532 comm="apparmor_parser"
[   16.546138] kernel: audit: type=1400 audit(1707432517.604:6): apparmor="STATUS" operation="profile_load" profile="unconfined" name="snap.lxd.buginfo" pid=1524 comm="apparmor_parser"
[   16.548788] kernel: audit: type=1400 audit(1707432517.608:7): apparmor="STATUS" operation="profile_load" profile="unconfined" name="snap.lxd.benchmark" pid=1523 comm="apparmor_parser"
[   16.549833] kernel: audit: type=1400 audit(1707432517.608:8): apparmor="STATUS" operation="profile_load" profile="unconfined" name="snap.lxd.check-kernel" pid=1525 comm="apparmor_parser"
[   16.550831] kernel: audit: type=1400 audit(1707432517.608:9): apparmor="STATUS" operation="profile_load" profile="unconfined" name="snap.subiquity.hook.install" pid=1535 comm="apparmor_parser"
[   16.551717] kernel: audit: type=1400 audit(1707432517.612:10): apparmor="STATUS" operation="profile_load" profile="unconfined" name="snap.lxd.lxc" pid=1530 comm="apparmor_parser"
[   16.551903] kernel: audit: type=1400 audit(1707432517.612:11): apparmor="STATUS" operation="profile_load" profile="unconfined" name="snap.subiquity.hook.post-refresh" pid=1536 comm="apparmor_parser"
[   17.759345] kernel: Generic FE-GE Realtek PHY r8169-0-400:00: attached PHY driver (mii_bus:phy_addr=r8169-0-400:00, irq=MAC)
[   17.955524] kernel: r8169 0000:04:00.0 enp4s0: Link is Down
[   20.287454] kernel: r8169 0000:04:00.0 enp4s0: Link is Up - 1Gbps/Full - flow control rx/tx
[   20.287467] kernel: IPv6: ADDRCONF(NETDEV_CHANGE): enp4s0: link becomes ready
[   23.124139] kernel: loop11: detected capacity change from 0 to 8
[   23.371859] kernel: kauditd_printk_skb: 14 callbacks suppressed
[   23.371861] kernel: audit: type=1400 audit(1707432524.432:26): apparmor="STATUS" operation="profile_load" profile="unconfined" name="/usr/lib/snapd/snap-confine" pid=1747 comm="apparmor_parser"
[   23.372377] kernel: audit: type=1400 audit(1707432524.432:27): apparmor="STATUS" operation="profile_load" profile="unconfined" name="/usr/lib/snapd/snap-confine//mount-namespace-capture-helper" pid=1747 comm="apparmor_parser"
