Feb  8 22:48:39 ubuntu-server systemd[1]: Mounted Kernel Trace File System.
Feb  8 22:48:39 ubuntu-server systemd[1]: Finished Create List of Static Device Nodes.
Feb  8 22:48:39 ubuntu-server systemd[1]: modprobe@configfs.service: Deactivated successfully.
Feb  8 22:48:39 ubuntu-server systemd[1]: Finished Load Kernel Module configfs.
Feb  8 22:48:39 ubuntu-server systemd[1]: modprobe@fuse.service: Deactivated successfully.
Feb  8 22:48:39 ubuntu-server systemd[1]: Finished Load Kernel Module fuse.
Feb  8 22:48:39 ubuntu-server systemd[1]: Mounting FUSE Control File System...
Feb  8 22:48:39 ubuntu-server systemd[1]: Mounting Kernel Configuration File System...
Feb  8 22:48:39 ubuntu-server systemd[1]: Started Device-mapper event daemon.
Feb  8 22:48:39 ubuntu-server systemd[1]: Mounted FUSE Control File System.
Feb  8 22:48:39 ubuntu-server systemd[1]: Mounted Kernel Configuration File System.
Feb  8 22:48:39 ubuntu-server kernel: [    0.000000] Linux version 5.15.0-78-generic (buildd@lcy02-amd64-008) (gcc (Ubuntu 11.3.0-1ubuntu1~22.04.1) 11.3.0, GNU ld (GNU Binutils for Ubuntu) 2.38) #85-Ubuntu SMP Fri Jul 7 15:25:09 UTC 2023 (Ubuntu 5.15.0-78.85-generic 5.15.99)
Feb  8 22:48:39 ubuntu-server kernel: [    0.000000] Command line: BOOT_IMAGE=/casper/vmlinuz ---
Feb  8 22:48:39 ubuntu-server dmeventd[1309]: dmeventd ready for processing.
Feb  8 22:48:39 ubuntu-server kernel: [    0.000000] KERNEL supported cpus:
Feb  8 22:48:39 ubuntu-server kernel: [    0.000000]   Intel GenuineIntel
Feb  8 22:48:39 ubuntu-server kernel: [    0.000000]   AMD AuthenticAMD
Feb  8 22:48:39 ubuntu-server kernel: [    0.000000]   Hygon HygonGenuine
Feb  8 22:48:39 ubuntu-server kernel: [    0.000000]   Centaur CentaurHauls
Feb  8 22:48:39 ubuntu-server kernel: [    0.000000]   zhaoxin   Shanghai  
Feb  8 22:48:39 ubuntu-server kernel: [    0.000000] x86/fpu: Supporting XSAVE feature 0x001: 'x87 floating point registers'
Feb  8 22:48:39 ubuntu-server kernel: [    0.000000] x86/fpu: Supporting XSAVE feature 0x002: 'SSE registers'
Feb  8 22:48:39 ubuntu-server kernel: [    0.000000] x86/fpu: Supporting XSAVE feature 0x004: 'AVX registers'
Feb  8 22:48:39 ubuntu-server kernel: [    0.000000] x86/fpu: Supporting XSAVE feature 0x200: 'Protection Keys User registers'
Feb  8 22:48:39 ubuntu-server systemd[1]: modprobe@efi_pstore.service: Deactivated successfully.
Feb  8 22:48:39 ubuntu-server kernel: [    0.000000] x86/fpu: xstate_offset[2]:  576, xstate_sizes[2]:  256
Feb  8 22:48:39 ubuntu-server kernel: [    0.000000] x86/fpu: xstate_offset[9]:  832, xstate_sizes[9]:    8
Feb  8 22:48:39 ubuntu-server kernel: [    0.000000] x86/fpu: Enabled xstate features 0x207, context size is 840 bytes, using 'compacted' format.
Feb  8 22:48:39 ubuntu-server kernel: [    0.000000] signal: max sigframe size: 3376
Feb  8 22:48:39 ubuntu-server kernel: [    0.000000] BIOS-provided physical RAM map:
Feb  8 22:48:39 ubuntu-server kernel: [    0.000000] BIOS-e820: [mem 0x0000000000000000-0x000000000009ffff] usable
Feb  8 22:48:39 ubuntu-server kernel: [    0.000000] BIOS-e820: [mem 0x00000000000a0000-0x00000000000fffff] reserved
Feb  8 22:48:39 ubuntu-server kernel: [    0.000000] BIOS-e820: [mem 0x0000000000100000-0x0000000009bfefff] usable
Feb  8 22:48:39 ubuntu-server systemd[1]: Finished Load Kernel Module efi_pstore.
Feb  8 22:48:39 ubuntu-server kernel: [    0.000000] BIOS-e820: [mem 0x0000000009bff000-0x0000000009ffffff] reserved
Feb  8 22:48:39 ubuntu-server kernel: [    0.000000] BIOS-e820: [mem 0x000000000a000000-0x000000000a1fffff] usable
Feb  8 22:48:39 ubuntu-server kernel: [    0.000000] BIOS-e820: [mem 0x000000000a200000-0x000000000a20dfff] ACPI NVS
Feb  8 22:48:39 ubuntu-server kernel: [    0.000000] BIOS-e820: [mem 0x000000000a20e000-0x000000000affffff] usable
Feb  8 22:48:39 ubuntu-server kernel: [    0.000000] BIOS-e820: [mem 0x000000000b000000-0x000000000b01ffff] reserved
Feb  8 22:48:39 ubuntu-server kernel: [    0.000000] BIOS-e820: [mem 0x000000000b020000-0x00000000bb628fff] usable
Feb  8 22:48:39 ubuntu-server kernel: [    0.000000] BIOS-e820: [mem 0x00000000bb629000-0x00000000bcd69fff] reserved
Feb  8 22:48:39 ubuntu-server kernel: [    0.000000] BIOS-e820: [mem 0x00000000bcd6a000-0x00000000bcda3fff] ACPI data
Feb  8 22:48:39 ubuntu-server kernel: [    0.000000] BIOS-e820: [mem 0x00000000bcda4000-0x00000000bd47efff] ACPI NVS
Feb  8 22:48:39 ubuntu-server kernel: [    0.000000] BIOS-e820: [mem 0x00000000bd47f000-0x00000000bdffefff] reserved
Feb  8 22:48:39 ubuntu-server kernel: [    0.000000] BIOS-e820: [mem 0x00000000bdfff000-0x00000000beffffff] usable
Feb  8 22:48:39 ubuntu-server kernel: [    0.000000] BIOS-e820: [mem 0x00000000bf000000-0x00000000bfffffff] reserved
Feb  8 22:48:39 ubuntu-server systemd[1]: modprobe@pstore_zone.service: Deactivated successfully.
Feb  8 22:48:39 ubuntu-server kernel: [    0.000000] BIOS-e820: [mem 0x00000000f0000000-0x00000000f7ffffff] reserved
Feb  8 22:48:39 ubuntu-server kernel: [    0.000000] BIOS-e820: [mem 0x00000000fd200000-0x00000000fd2fffff] reserved
Feb  8 22:48:39 ubuntu-server kernel: [    0.000000] BIOS-e820: [mem 0x00000000fd600000-0x00000000fd7fffff] reserved
Feb  8 22:48:39 ubuntu-server kernel: [    0.000000] BIOS-e820: [mem 0x00000000fea00000-0x00000000fea0ffff] reserved
Feb  8 22:48:39 ubuntu-server kernel: [    0.000000] BIOS-e820: [mem 0x00000000feb80000-0x00000000fec01fff] reserved
Feb  8 22:48:39 ubuntu-server kernel: [    0.000000] BIOS-e820: [mem 0x00000000fec10000-0x00000000fec10fff] reserved
Feb  8 22:48:39 ubuntu-server kernel: [    0.000000] BIOS-e820: [mem 0x00000000fec30000-0x00000000fec30fff] reserved
Feb  8 22:48:39 ubuntu-server systemd[1]: Finished Load Kernel Module pstore_zone.
Feb  8 22:48:39 ubuntu-server kernel: [    0.000000] BIOS-e820: [mem 0x00000000fed00000-0x00000000fed00fff] reserved
Feb  8 22:48:39 ubuntu-server kernel: [    0.000000] BIOS-e820: [mem 0x00000000fed40000-0x00000000fed44fff] reserved
Feb  8 22:48:39 ubuntu-server kernel: [    0.000000] BIOS-e820: [mem 0x00000000fed80000-0x00000000fed8ffff] reserved
Feb  8 22:48:39 ubuntu-server kernel: [    0.000000] BIOS-e820: [mem 0x00000000fedc2000-0x00000000fedcffff] reserved
Feb  8 22:48:39 ubuntu-server kernel: [    0.000000] BIOS-e820: [mem 0x00000000fedd4000-0x00000000fedd5fff] reserved
Feb  8 22:48:39 ubuntu-server kernel: [    0.000000] BIOS-e820: [mem 0x00000000ff000000-0x00000000ffffffff] reserved
Feb  8 22:48:39 ubuntu-server kernel: [    0.000000] BIOS-e820: [mem 0x0000000100000000-0x000000083f37ffff] usable
Feb  8 22:48:39 ubuntu-server kernel: [    0.000000] BIOS-e820: [mem 0x000000083f380000-0x000000083fffffff] reserved
Feb  8 22:48:39 ubuntu-server systemd[1]: modprobe@pstore_blk.service: Deactivated successfully.
Feb  8 22:48:39 ubuntu-server kernel: [    0.000000] NX (Execute Disable) protection: active
Feb  8 22:48:39 ubuntu-server kernel: [    0.000000] e820: update [mem 0xb6d4c018-0xb6e0e057] usable ==> usable
Feb  8 22:48:39 ubuntu-server kernel: [    0.000000] e820: update [mem 0xb6d4c018-0xb6e0e057] usable ==> usable
Feb  8 22:48:39 ubuntu-server kernel: [    0.000000] extended physical RAM map:
Feb  8 22:48:39 ubuntu-server kernel: [    0.000000] reserve setup_data: [mem 0x0000000000000000-0x000000000009ffff] usable
Feb  8 22:48:39 ubuntu-server kernel: [    0.000000] reserve setup_data: [mem 0x00000000000a0000-0x00000000000fffff] reserved
Feb  8 22:48:39 ubuntu-server systemd[1]: Finished Load Kernel Module pstore_blk.
Feb  8 22:48:39 ubuntu-server kernel: [    0.000000] reserve setup_data: [mem 0x0000000000100000-0x0000000009bfefff] usable
Feb  8 22:48:39 ubuntu-server kernel: [    0.000000] reserve setup_data: [mem 0x0000000009bff000-0x0000000009ffffff] reserved
Feb  8 22:48:39 ubuntu-server kernel: [    0.000000] reserve setup_data: [mem 0x000000000a000000-0x000000000a1fffff] usable
Feb  8 22:48:39 ubuntu-server kernel: [    0.000000] reserve setup_data: [mem 0x000000000a200000-0x000000000a20dfff] ACPI NVS
Feb  8 22:48:39 ubuntu-server kernel: [    0.000000] reserve setup_data: [mem 0x000000000a20e000-0x000000000affffff] usable
Feb  8 22:48:39 ubuntu-server kernel: [    0.000000] reserve setup_data: [mem 0x000000000b000000-0x000000000b01ffff] reserved
Feb  8 22:48:39 ubuntu-server kernel: [    0.000000] reserve setup_data: [mem 0x000000000b020000-0x00000000b6d4c017] usable
Feb  8 22:48:39 ubuntu-server kernel: [    0.000000] reserve setup_data: [mem 0x00000000b6d4c018-0x00000000b6e0e057] usable
Feb  8 22:48:39 ubuntu-server systemd[1]: Finished Remount Root and Kernel File Systems.
Feb  8 22:48:39 ubuntu-server kernel: [    0.000000] reserve setup_data: [mem 0x00000000b6e0e058-0x00000000bb628fff] usable
Feb  8 22:48:39 ubuntu-server kernel: [    0.000000] reserve setup_data: [mem 0x00000000bb629000-0x00000000bcd69fff] reserved
Feb  8 22:48:39 ubuntu-server kernel: [    0.000000] reserve setup_data: [mem 0x00000000bcd6a000-0x00000000bcda3fff] ACPI data
Feb  8 22:48:39 ubuntu-server kernel: [    0.000000] reserve setup_data: [mem 0x00000000bcda4000-0x00000000bd47efff] ACPI NVS
Feb  8 22:48:39 ubuntu-server kernel: [    0.000000] reserve setup_data: [mem 0x00000000bd47f000-0x00000000bdffefff] reserved
Feb  8 22:48:39 ubuntu-server kernel: [    0.000000] reserve setup_data: [mem 0x00000000bdfff000-0x00000000beffffff] usable
Feb  8 22:48:39 ubuntu-server kernel: [    0.000000] reserve setup_data: [mem 0x00000000bf000000-0x00000000bfffffff] reserved
Feb  8 22:48:39 ubuntu-server systemd[1]: Starting Device-Mapper Multipath Device Controller...
Feb  8 22:48:39 ubuntu-server kernel: [    0.000000] reserve setup_data: [mem 0x00000000f0000000-0x00000000f7ffffff] reserved
Feb  8 22:48:39 ubuntu-server kernel: [    0.000000] reserve setup_data: [mem 0x00000000fd200000-0x00000000fd2fffff] reserved
Feb  8 22:48:39 ubuntu-server kernel: [    0.000000] reserve setup_data: [mem 0x00000000fd600000-0x00000000fd7fffff] reserved
Feb  8 22:48:39 ubuntu-server kernel: [    0.000000] reserve setup_data: [mem 0x00000000fea00000-0x00000000fea0ffff] reserved
Feb  8 22:48:39 ubuntu-server kernel: [    0.000000] reserve setup_data: [mem 0x00000000feb80000-0x00000000fec01fff] reserved
Feb  8 22:48:39 ubuntu-server kernel: [    0.000000] reserve setup_data: [mem 0x00000000fec10000-0x00000000fec10fff] reserved
Feb  8 22:48:39 ubuntu-server kernel: [    0.000000] reserve setup_data: [mem 0x00000000fec30000-0x00000000fec30fff] reserved
Feb  8 22:48:39 ubuntu-server kernel: [    0.000000] reserve setup_data: [mem 0x00000000fed00000-0x00000000fed00fff] reserved
Feb  8 22:48:39 ubuntu-server kernel: [    0.000000] reserve setup_data: [mem 0x00000000fed40000-0x00000000fed44fff] reserved
Feb  8 22:48:39 ubuntu-server systemd[1]: Starting Flush Journal to Persistent Storage...
Feb  8 22:48:39 ubuntu-server kernel: [    0.000000] reserve setup_data: [mem 0x00000000fed80000-0x00000000fed8ffff] reserved
Feb  8 22:48:39 ubuntu-server kernel: [    0.000000] reserve setup_data: [mem 0x00000000fedc2000-0x00000000fedcffff] reserved
Feb  8 22:48:39 ubuntu-server kernel: [    0.000000] reserve setup_data: [mem 0x00000000fedd4000-0x00000000fedd5fff] reserved
Feb  8 22:48:39 ubuntu-server kernel: [    0.000000] reserve setup_data: [mem 0x00000000ff000000-0x00000000ffffffff] reserved
Feb  8 22:48:39 ubuntu-server kernel: [    0.000000] reserve setup_data: [mem 0x0000000100000000-0x000000083f37ffff] usable
Feb  8 22:48:39 ubuntu-server kernel: [    0.000000] reserve setup_data: [mem 0x000000083f380000-0x000000083fffffff] reserved
Feb  8 22:48:39 ubuntu-server kernel: [    0.000000] efi: EFI v2.70 by American Megatrends
Feb  8 22:48:39 ubuntu-server kernel: [    0.000000] efi: ACPI=0xbd468000 ACPI 2.0=0xbd468014 TPMFinalLog=0xbd432000 SMBIOS=0xbde22000 SMBIOS 3.0=0xbde21000 MEMATTR=0xb995f018 ESRT=0xb6f8aa98 MOKvar=0xbde6e000 RNG=0xbcd74018 TPMEventLog=0xb6ee6018 
Feb  8 22:48:39 ubuntu-server kernel: [    0.000000] random: crng init done
Feb  8 22:48:39 ubuntu-server kernel: [    0.000000] secureboot: Secure boot disabled
Feb  8 22:48:39 ubuntu-server systemd[1]: Starting Load/Save Random Seed...
Feb  8 22:48:39 ubuntu-server kernel: [    0.000000] SMBIOS 3.3.0 present.
Feb  8 22:48:39 ubuntu-server kernel: [    0.000000] DMI: To Be Filled By O.E.M. B550 Phantom Gaming 4/B550 Phantom Gaming 4, BIOS P3.40 01/18/2024
Feb  8 22:48:39 ubuntu-server kernel: [    0.000000] tsc: Fast TSC calibration using PIT
Feb  8 22:48:39 ubuntu-server systemd[1]: Starting Create System Users...
Feb  8 22:48:39 ubuntu-server kernel: [    0.000000] tsc: Detected 3493.553 MHz processor
Feb  8 22:48:39 ubuntu-server kernel: [    0.000385] e820: update [mem 0x00000000-0x00000fff] usable ==> reserved
Feb  8 22:48:39 ubuntu-server kernel: [    0.000387] e820: remove [mem 0x000a0000-0x000fffff] usable
Feb  8 22:48:39 ubuntu-server kernel: [    0.000393] last_pfn = 0x83f380 max_arch_pfn = 0x400000000
Feb  8 22:48:39 ubuntu-server kernel: [    0.001091] x86/PAT: Configuration [0-7]: WB  WC  UC- UC  WB  WP  UC- WT  
Feb  8 22:48:39 ubuntu-server kernel: [    0.001449] total RAM covered: 3071M
Feb  8 22:48:39 ubuntu-server kernel: [    0.001526] Found optimal setting for mtrr clean up
Feb  8 22:48:39 ubuntu-server systemd[1]: Finished Flush Journal to Persistent Storage.
Feb  8 22:48:39 ubuntu-server kernel: [    0.001527]  gran_size: 64K 	chunk_size: 64M 	num_reg: 3  	lose cover RAM: 0G
Feb  8 22:48:39 ubuntu-server kernel: [    0.001622] e820: update [mem 0xbcf10000-0xbcf1ffff] usable ==> reserved
Feb  8 22:48:39 ubuntu-server kernel: [    0.001627] e820: update [mem 0xc0000000-0xffffffff] usable ==> reserved
Feb  8 22:48:39 ubuntu-server systemd[1]: Finished Load/Save Random Seed.
Feb  8 22:48:39 ubuntu-server systemd[1]: Condition check resulted in First Boot Complete being skipped.
Feb  8 22:48:39 ubuntu-server systemd[1]: modprobe@chromeos_pstore.service: Deactivated successfully.
Feb  8 22:48:39 ubuntu-server systemd[1]: Finished Load Kernel Module chromeos_pstore.
Feb  8 22:48:39 ubuntu-server systemd[1]: modprobe@drm.service: Deactivated successfully.
Feb  8 22:48:39 ubuntu-server systemd[1]: Finished Load Kernel Module drm.
Feb  8 22:48:39 ubuntu-server systemd[1]: modprobe@ramoops.service: Deactivated successfully.
Feb  8 22:48:39 ubuntu-server systemd[1]: Finished Load Kernel Module ramoops.
Feb  8 22:48:39 ubuntu-server systemd[1]: Condition check resulted in Platform Persistent Storage Archival being skipped.
Feb  8 22:48:39 ubuntu-server systemd-modules-load[1304]: Inserted module 'msr'
Feb  8 22:48:39 ubuntu-server kernel: [    0.001630] last_pfn = 0xbf000 max_arch_pfn = 0x400000000
Feb  8 22:48:39 ubuntu-server kernel: [    0.004426] esrt: Reserving ESRT space from 0x00000000b6f8aa98 to 0x00000000b6f8aad0.
Feb  8 22:48:39 ubuntu-server kernel: [    0.004433] e820: update [mem 0xb6f8a000-0xb6f8afff] usable ==> reserved
Feb  8 22:48:39 ubuntu-server kernel: [    0.004482] Using GB pages for direct mapping
Feb  8 22:48:39 ubuntu-server systemd[1]: Finished Load Kernel Modules.
Feb  8 22:48:39 ubuntu-server kernel: [    0.004733] secureboot: Secure boot disabled
Feb  8 22:48:39 ubuntu-server kernel: [    0.004734] RAMDISK: [mem 0xad68c000-0xb4215fff]
Feb  8 22:48:39 ubuntu-server kernel: [    0.004738] ACPI: Early table checksum verification disabled
Feb  8 22:48:39 ubuntu-server kernel: [    0.004741] ACPI: RSDP 0x00000000BD468014 000024 (v02 ALASKA)
Feb  8 22:48:39 ubuntu-server kernel: [    0.004744] ACPI: XSDT 0x00000000BD467728 0000D4 (v01 ALASKA A M I    01072009 AMI  01000013)
Feb  8 22:48:39 ubuntu-server kernel: [    0.004748] ACPI: FACP 0x00000000BCD95000 000114 (v06 ALASKA A M I    01072009 AMI  00010013)
Feb  8 22:48:39 ubuntu-server kernel: [    0.004752] ACPI: DSDT 0x00000000BCD8E000 0067DE (v02 ALASKA A M I    01072009 INTL 20120913)
Feb  8 22:48:39 ubuntu-server kernel: [    0.004754] ACPI: FACS 0x00000000BD462000 000040
Feb  8 22:48:39 ubuntu-server kernel: [    0.004756] ACPI: SSDT 0x00000000BCD9B000 008CE9 (v02 AMD    AmdTable 00000002 MSFT 04000000)
Feb  8 22:48:39 ubuntu-server kernel: [    0.004758] ACPI: SSDT 0x00000000BCD97000 003B45 (v02 AMD    AMD AOD  00000001 INTL 20120913)
Feb  8 22:48:39 ubuntu-server systemd[1]: Starting Apply Kernel Variables...
Feb  8 22:48:39 ubuntu-server kernel: [    0.004760] ACPI: SSDT 0x00000000BCD96000 0001AD (v02 ALASKA CPUSSDT  01072009 AMI  01072009)
Feb  8 22:48:39 ubuntu-server kernel: [    0.004762] ACPI: FIDT 0x00000000BCD8D000 00009C (v01 ALASKA A M I    01072009 AMI  00010013)
Feb  8 22:48:39 ubuntu-server kernel: [    0.004764] ACPI: MCFG 0x00000000BCD8C000 00003C (v01 ALASKA A M I    01072009 MSFT 00010013)
Feb  8 22:48:39 ubuntu-server kernel: [    0.004766] ACPI: AAFT 0x00000000BCD8B000 000115 (v01 ALASKA OEMAAFT  01072009 MSFT 00000097)
Feb  8 22:48:39 ubuntu-server systemd[1]: Finished Create System Users.
Feb  8 22:48:39 ubuntu-server kernel: [    0.004767] ACPI: HPET 0x00000000BCD8A000 000038 (v01 ALASKA A M I    01072009 AMI  00000005)
Feb  8 22:48:39 ubuntu-server kernel: [    0.004769] ACPI: TPM2 0x00000000BCD88000 00004C (v04 ALASKA A M I    00000001 AMI  00000000)
Feb  8 22:48:39 ubuntu-server kernel: [    0.004771] ACPI: PCCT 0x00000000BCD87000 00006E (v02 AMD    AmdTable 00000001 AMD  00000001)
Feb  8 22:48:39 ubuntu-server kernel: [    0.004773] ACPI: SSDT 0x00000000BCD83000 0030FB (v02 AMD    AmdTable 00000001 AMD  00000001)
Feb  8 22:48:39 ubuntu-server kernel: [    0.004775] ACPI: CRAT 0x00000000BCD82000 000B90 (v01 AMD    AmdTable 00000001 AMD  00000001)
Feb  8 22:48:39 ubuntu-server systemd[1]: Starting Create Static Device Nodes in /dev...
Feb  8 22:48:39 ubuntu-server kernel: [    0.004777] ACPI: CDIT 0x00000000BCD81000 000029 (v01 AMD    AmdTable 00000001 AMD  00000001)
Feb  8 22:48:39 ubuntu-server kernel: [    0.004779] ACPI: BGRT 0x00000000BCD89000 000038 (v01 ALASKA A M I    01072009 AMI  00010013)
Feb  8 22:48:39 ubuntu-server kernel: [    0.004780] ACPI: SSDT 0x00000000BCD80000 00052C (v02 AMD    ArticNOI 00000001 INTL 20120913)
Feb  8 22:48:39 ubuntu-server kernel: [    0.004782] ACPI: SSDT 0x00000000BCD7C000 0037C4 (v02 AMD    ArticN   00000001 INTL 20120913)
Feb  8 22:48:39 ubuntu-server kernel: [    0.004784] ACPI: WSMT 0x00000000BCD7B000 000028 (v01 ALASKA A M I    01072009 AMI  00010013)
Feb  8 22:48:39 ubuntu-server kernel: [    0.004786] ACPI: APIC 0x00000000BCD7A000 00015E (v04 ALASKA A M I    01072009 AMI  00010013)
Feb  8 22:48:39 ubuntu-server kernel: [    0.004788] ACPI: SSDT 0x00000000BCD79000 00007D (v02 AMD    ArticDIS 00000001 INTL 20120913)
Feb  8 22:48:39 ubuntu-server kernel: [    0.004790] ACPI: SSDT 0x00000000BCD77000 0010AF (v02 AMD    ArticC   00000001 INTL 20120913)
Feb  8 22:48:39 ubuntu-server systemd[1]: Finished Apply Kernel Variables.
Feb  8 22:48:39 ubuntu-server kernel: [    0.004792] ACPI: SSDT 0x00000000BCD76000 0000BF (v01 AMD    AmdTable 00001000 INTL 20120913)
Feb  8 22:48:39 ubuntu-server kernel: [    0.004793] ACPI: FPDT 0x00000000BCD75000 000044 (v01 ALASKA A M I    01072009 AMI  01000013)
Feb  8 22:48:39 ubuntu-server kernel: [    0.004795] ACPI: Reserving FACP table memory at [mem 0xbcd95000-0xbcd95113]
Feb  8 22:48:39 ubuntu-server kernel: [    0.004796] ACPI: Reserving DSDT table memory at [mem 0xbcd8e000-0xbcd947dd]
Feb  8 22:48:39 ubuntu-server kernel: [    0.004797] ACPI: Reserving FACS table memory at [mem 0xbd462000-0xbd46203f]
Feb  8 22:48:39 ubuntu-server kernel: [    0.004798] ACPI: Reserving SSDT table memory at [mem 0xbcd9b000-0xbcda3ce8]
Feb  8 22:48:39 ubuntu-server kernel: [    0.004799] ACPI: Reserving SSDT table memory at [mem 0xbcd97000-0xbcd9ab44]
Feb  8 22:48:39 ubuntu-server kernel: [    0.004799] ACPI: Reserving SSDT table memory at [mem 0xbcd96000-0xbcd961ac]
Feb  8 22:48:39 ubuntu-server kernel: [    0.004800] ACPI: Reserving FIDT table memory at [mem 0xbcd8d000-0xbcd8d09b]
Feb  8 22:48:39 ubuntu-server kernel: [    0.004801] ACPI: Reserving MCFG table memory at [mem 0xbcd8c000-0xbcd8c03b]
Feb  8 22:48:39 ubuntu-server systemd[1]: Finished Create Static Device Nodes in /dev.
Feb  8 22:48:39 ubuntu-server kernel: [    0.004801] ACPI: Reserving AAFT table memory at [mem 0xbcd8b000-0xbcd8b114]
Feb  8 22:48:39 ubuntu-server kernel: [    0.004802] ACPI: Reserving HPET table memory at [mem 0xbcd8a000-0xbcd8a037]
Feb  8 22:48:39 ubuntu-server kernel: [    0.004803] ACPI: Reserving TPM2 table memory at [mem 0xbcd88000-0xbcd8804b]
Feb  8 22:48:39 ubuntu-server kernel: [    0.004804] ACPI: Reserving PCCT table memory at [mem 0xbcd87000-0xbcd8706d]
Feb  8 22:48:39 ubuntu-server kernel: [    0.004804] ACPI: Reserving SSDT table memory at [mem 0xbcd83000-0xbcd860fa]
Feb  8 22:48:39 ubuntu-server kernel: [    0.004805] ACPI: Reserving CRAT table memory at [mem 0xbcd82000-0xbcd82b8f]
Feb  8 22:48:39 ubuntu-server systemd[1]: Starting Rule-based Manager for Device Events and Files...
Feb  8 22:48:39 ubuntu-server kernel: [    0.004806] ACPI: Reserving CDIT table memory at [mem 0xbcd81000-0xbcd81028]
Feb  8 22:48:39 ubuntu-server kernel: [    0.004806] ACPI: Reserving BGRT table memory at [mem 0xbcd89000-0xbcd89037]
Feb  8 22:48:39 ubuntu-server kernel: [    0.004807] ACPI: Reserving SSDT table memory at [mem 0xbcd80000-0xbcd8052b]
Feb  8 22:48:39 ubuntu-server kernel: [    0.004808] ACPI: Reserving SSDT table memory at [mem 0xbcd7c000-0xbcd7f7c3]
Feb  8 22:48:39 ubuntu-server kernel: [    0.004809] ACPI: Reserving WSMT table memory at [mem 0xbcd7b000-0xbcd7b027]
Feb  8 22:48:39 ubuntu-server kernel: [    0.004809] ACPI: Reserving APIC table memory at [mem 0xbcd7a000-0xbcd7a15d]
Feb  8 22:48:39 ubuntu-server kernel: [    0.004810] ACPI: Reserving SSDT table memory at [mem 0xbcd79000-0xbcd7907c]
Feb  8 22:48:39 ubuntu-server systemd[1]: Finished Set the console keyboard layout.
Feb  8 22:48:39 ubuntu-server kernel: [    0.004811] ACPI: Reserving SSDT table memory at [mem 0xbcd77000-0xbcd780ae]
Feb  8 22:48:39 ubuntu-server kernel: [    0.004812] ACPI: Reserving SSDT table memory at [mem 0xbcd76000-0xbcd760be]
Feb  8 22:48:39 ubuntu-server kernel: [    0.004812] ACPI: Reserving FPDT table memory at [mem 0xbcd75000-0xbcd75043]
Feb  8 22:48:39 ubuntu-server kernel: [    0.004901] No NUMA configuration found
Feb  8 22:48:39 ubuntu-server kernel: [    0.004902] Faking a node at [mem 0x0000000000000000-0x000000083f37ffff]
Feb  8 22:48:39 ubuntu-server kernel: [    0.004907] NODE_DATA(0) allocated [mem 0x83f356000-0x83f37ffff]
Feb  8 22:48:39 ubuntu-server systemd[1]: Finished Coldplug All udev Devices.
Feb  8 22:48:39 ubuntu-server kernel: [    0.005119] Zone ranges:
Feb  8 22:48:39 ubuntu-server kernel: [    0.005119]   DMA      [mem 0x0000000000001000-0x0000000000ffffff]
Feb  8 22:48:39 ubuntu-server kernel: [    0.005121]   DMA32    [mem 0x0000000001000000-0x00000000ffffffff]
Feb  8 22:48:39 ubuntu-server kernel: [    0.005122]   Normal   [mem 0x0000000100000000-0x000000083f37ffff]
Feb  8 22:48:39 ubuntu-server kernel: [    0.005123]   Device   empty
Feb  8 22:48:39 ubuntu-server kernel: [    0.005123] Movable zone start for each node
Feb  8 22:48:39 ubuntu-server kernel: [    0.005125] Early memory node ranges
Feb  8 22:48:39 ubuntu-server kernel: [    0.005125]   node   0: [mem 0x0000000000001000-0x000000000009ffff]
Feb  8 22:48:39 ubuntu-server systemd[1]: Started Rule-based Manager for Device Events and Files.
Feb  8 22:48:39 ubuntu-server kernel: [    0.005126]   node   0: [mem 0x0000000000100000-0x0000000009bfefff]
Feb  8 22:48:39 ubuntu-server kernel: [    0.005127]   node   0: [mem 0x000000000a000000-0x000000000a1fffff]
Feb  8 22:48:39 ubuntu-server kernel: [    0.005128]   node   0: [mem 0x000000000a20e000-0x000000000affffff]
Feb  8 22:48:39 ubuntu-server kernel: [    0.005128]   node   0: [mem 0x000000000b020000-0x00000000bb628fff]
Feb  8 22:48:39 ubuntu-server kernel: [    0.005129]   node   0: [mem 0x00000000bdfff000-0x00000000beffffff]
Feb  8 22:48:39 ubuntu-server kernel: [    0.005130]   node   0: [mem 0x0000000100000000-0x000000083f37ffff]
Feb  8 22:48:39 ubuntu-server kernel: [    0.005132] Initmem setup node 0 [mem 0x0000000000001000-0x000000083f37ffff]
Feb  8 22:48:39 ubuntu-server systemd[1]: Condition check resulted in Show Plymouth Boot Screen being skipped.
Feb  8 22:48:39 ubuntu-server kernel: [    0.005135] On node 0, zone DMA: 1 pages in unavailable ranges
Feb  8 22:48:39 ubuntu-server kernel: [    0.005151] On node 0, zone DMA: 96 pages in unavailable ranges
Feb  8 22:48:39 ubuntu-server kernel: [    0.005289] On node 0, zone DMA32: 1025 pages in unavailable ranges
Feb  8 22:48:39 ubuntu-server kernel: [    0.005303] On node 0, zone DMA32: 14 pages in unavailable ranges
Feb  8 22:48:39 ubuntu-server kernel: [    0.008086] On node 0, zone DMA32: 32 pages in unavailable ranges
Feb  8 22:48:39 ubuntu-server kernel: [    0.008170] On node 0, zone DMA32: 10710 pages in unavailable ranges
Feb  8 22:48:39 ubuntu-server kernel: [    0.041519] On node 0, zone Normal: 4096 pages in unavailable ranges
Feb  8 22:48:39 ubuntu-server kernel: [    0.041542] On node 0, zone Normal: 3200 pages in unavailable ranges
Feb  8 22:48:39 ubuntu-server kernel: [    0.042015] ACPI: PM-Timer IO Port: 0x808
Feb  8 22:48:39 ubuntu-server kernel: [    0.042023] ACPI: LAPIC_NMI (acpi_id[0xff] high edge lint[0x1])
Feb  8 22:48:39 ubuntu-server kernel: [    0.042034] IOAPIC[0]: apic_id 13, version 33, address 0xfec00000, GSI 0-23
Feb  8 22:48:39 ubuntu-server systemd[1]: Started Dispatch Password Requests to Console Directory Watch.
Feb  8 22:48:39 ubuntu-server kernel: [    0.042039] IOAPIC[1]: apic_id 14, version 33, address 0xfec01000, GSI 24-55
Feb  8 22:48:39 ubuntu-server kernel: [    0.042041] ACPI: INT_SRC_OVR (bus 0 bus_irq 0 global_irq 2 dfl dfl)
Feb  8 22:48:39 ubuntu-server kernel: [    0.042042] ACPI: INT_SRC_OVR (bus 0 bus_irq 9 global_irq 9 low level)
Feb  8 22:48:39 ubuntu-server kernel: [    0.042045] ACPI: Using ACPI (MADT) for SMP configuration information
Feb  8 22:48:39 ubuntu-server kernel: [    0.042046] ACPI: HPET id: 0x10228201 base: 0xfed00000
Feb  8 22:48:39 ubuntu-server kernel: [    0.042055] e820: update [mem 0xb74f9000-0xb7539fff] usable ==> reserved
Feb  8 22:48:39 ubuntu-server systemd[1]: Condition check resulted in Forward Password Requests to Plymouth Directory Watch being skipped.
Feb  8 22:48:39 ubuntu-server kernel: [    0.042066] smpboot: Allowing 32 CPUs, 20 hotplug CPUs
Feb  8 22:48:39 ubuntu-server kernel: [    0.042088] PM: hibernation: Registered nosave memory: [mem 0x00000000-0x00000fff]
Feb  8 22:48:39 ubuntu-server kernel: [    0.042089] PM: hibernation: Registered nosave memory: [mem 0x000a0000-0x000fffff]
Feb  8 22:48:39 ubuntu-server kernel: [    0.042091] PM: hibernation: Registered nosave memory: [mem 0x09bff000-0x09ffffff]
Feb  8 22:48:39 ubuntu-server kernel: [    0.042092] PM: hibernation: Registered nosave memory: [mem 0x0a200000-0x0a20dfff]
Feb  8 22:48:39 ubuntu-server kernel: [    0.042093] PM: hibernation: Registered nosave memory: [mem 0x0b000000-0x0b01ffff]
Feb  8 22:48:39 ubuntu-server systemd[1]: Reached target Local Encrypted Volumes.
Feb  8 22:48:39 ubuntu-server kernel: [    0.042094] PM: hibernation: Registered nosave memory: [mem 0xb6d4c000-0xb6d4cfff]
Feb  8 22:48:39 ubuntu-server kernel: [    0.042096] PM: hibernation: Registered nosave memory: [mem 0xb6e0e000-0xb6e0efff]
Feb  8 22:48:39 ubuntu-server systemd[1]: Listening on Load/Save RF Kill Switch Status /dev/rfkill Watch.
Feb  8 22:48:39 ubuntu-server systemd[1]: Reached target Sound Card.
Feb  8 22:48:39 ubuntu-server systemd-udevd[1348]: dm-5: Process '/usr/bin/unshare -m /usr/bin/snap auto-import --mount=/dev/dm-5' failed with exit code 1.
Feb  8 22:48:39 ubuntu-server systemd-udevd[1349]: dm-2: Process '/usr/bin/unshare -m /usr/bin/snap auto-import --mount=/dev/dm-2' failed with exit code 1.
Feb  8 22:48:39 ubuntu-server systemd-udevd[1331]: dm-3: Process '/usr/bin/unshare -m /usr/bin/snap auto-import --mount=/dev/dm-3' failed with exit code 1.
Feb  8 22:48:39 ubuntu-server systemd-udevd[1339]: dm-4: Process '/usr/bin/unshare -m /usr/bin/snap auto-import --mount=/dev/dm-4' failed with exit code 1.
Feb  8 22:48:39 ubuntu-server lvm[1309]: Monitoring thin pool pve-data-tpool.
Feb  8 22:48:39 ubuntu-server multipathd[1321]: --------start up--------
Feb  8 22:48:39 ubuntu-server multipathd[1321]: read /etc/multipath.conf
Feb  8 22:48:39 ubuntu-server multipathd[1321]: path checkers start up
Feb  8 22:48:39 ubuntu-server kernel: [    0.042097] PM: hibernation: Registered nosave memory: [mem 0xb6f8a000-0xb6f8afff]
Feb  8 22:48:39 ubuntu-server kernel: [    0.042098] PM: hibernation: Registered nosave memory: [mem 0xb74f9000-0xb7539fff]
Feb  8 22:48:39 ubuntu-server kernel: [    0.042099] PM: hibernation: Registered nosave memory: [mem 0xbb629000-0xbcd69fff]
Feb  8 22:48:39 ubuntu-server kernel: [    0.042100] PM: hibernation: Registered nosave memory: [mem 0xbcd6a000-0xbcda3fff]
Feb  8 22:48:39 ubuntu-server kernel: [    0.042101] PM: hibernation: Registered nosave memory: [mem 0xbcda4000-0xbd47efff]
Feb  8 22:48:39 ubuntu-server systemd[1]: Started Device-Mapper Multipath Device Controller.
Feb  8 22:48:39 ubuntu-server kernel: [    0.042101] PM: hibernation: Registered nosave memory: [mem 0xbd47f000-0xbdffefff]
Feb  8 22:48:39 ubuntu-server kernel: [    0.042102] PM: hibernation: Registered nosave memory: [mem 0xbf000000-0xbfffffff]
Feb  8 22:48:39 ubuntu-server kernel: [    0.042103] PM: hibernation: Registered nosave memory: [mem 0xc0000000-0xefffffff]
Feb  8 22:48:39 ubuntu-server kernel: [    0.042104] PM: hibernation: Registered nosave memory: [mem 0xf0000000-0xf7ffffff]
Feb  8 22:48:39 ubuntu-server kernel: [    0.042104] PM: hibernation: Registered nosave memory: [mem 0xf8000000-0xfd1fffff]
Feb  8 22:48:39 ubuntu-server kernel: [    0.042105] PM: hibernation: Registered nosave memory: [mem 0xfd200000-0xfd2fffff]
Feb  8 22:48:39 ubuntu-server lvm[1293]:   5 logical volume(s) in volume group "pve" monitored
Feb  8 22:48:39 ubuntu-server kernel: [    0.042105] PM: hibernation: Registered nosave memory: [mem 0xfd300000-0xfd5fffff]
Feb  8 22:48:39 ubuntu-server kernel: [    0.042106] PM: hibernation: Registered nosave memory: [mem 0xfd600000-0xfd7fffff]
Feb  8 22:48:39 ubuntu-server kernel: [    0.042106] PM: hibernation: Registered nosave memory: [mem 0xfd800000-0xfe9fffff]
Feb  8 22:48:39 ubuntu-server kernel: [    0.042107] PM: hibernation: Registered nosave memory: [mem 0xfea00000-0xfea0ffff]
Feb  8 22:48:39 ubuntu-server kernel: [    0.042107] PM: hibernation: Registered nosave memory: [mem 0xfea10000-0xfeb7ffff]
Feb  8 22:48:39 ubuntu-server kernel: [    0.042108] PM: hibernation: Registered nosave memory: [mem 0xfeb80000-0xfec01fff]
Feb  8 22:48:39 ubuntu-server kernel: [    0.042109] PM: hibernation: Registered nosave memory: [mem 0xfec02000-0xfec0ffff]
Feb  8 22:48:39 ubuntu-server systemd[1]: Finished Monitoring of LVM2 mirrors, snapshots etc. using dmeventd or progress polling.
Feb  8 22:48:39 ubuntu-server kernel: [    0.042109] PM: hibernation: Registered nosave memory: [mem 0xfec10000-0xfec10fff]
Feb  8 22:48:39 ubuntu-server kernel: [    0.042110] PM: hibernation: Registered nosave memory: [mem 0xfec11000-0xfec2ffff]
Feb  8 22:48:39 ubuntu-server kernel: [    0.042110] PM: hibernation: Registered nosave memory: [mem 0xfec30000-0xfec30fff]
Feb  8 22:48:39 ubuntu-server kernel: [    0.042111] PM: hibernation: Registered nosave memory: [mem 0xfec31000-0xfecfffff]
Feb  8 22:48:39 ubuntu-server kernel: [    0.042111] PM: hibernation: Registered nosave memory: [mem 0xfed00000-0xfed00fff]
Feb  8 22:48:39 ubuntu-server kernel: [    0.042112] PM: hibernation: Registered nosave memory: [mem 0xfed01000-0xfed3ffff]
Feb  8 22:48:39 ubuntu-server kernel: [    0.042112] PM: hibernation: Registered nosave memory: [mem 0xfed40000-0xfed44fff]
Feb  8 22:48:39 ubuntu-server kernel: [    0.042113] PM: hibernation: Registered nosave memory: [mem 0xfed45000-0xfed7ffff]
Feb  8 22:48:39 ubuntu-server kernel: [    0.042114] PM: hibernation: Registered nosave memory: [mem 0xfed80000-0xfed8ffff]
Feb  8 22:48:39 ubuntu-server kernel: [    0.042114] PM: hibernation: Registered nosave memory: [mem 0xfed90000-0xfedc1fff]
Feb  8 22:48:39 ubuntu-server systemd[1]: Reached target Preparation for Local File Systems.
Feb  8 22:48:39 ubuntu-server kernel: [    0.042115] PM: hibernation: Registered nosave memory: [mem 0xfedc2000-0xfedcffff]
Feb  8 22:48:39 ubuntu-server kernel: [    0.042115] PM: hibernation: Registered nosave memory: [mem 0xfedd0000-0xfedd3fff]
Feb  8 22:48:39 ubuntu-server kernel: [    0.042116] PM: hibernation: Registered nosave memory: [mem 0xfedd4000-0xfedd5fff]
Feb  8 22:48:39 ubuntu-server kernel: [    0.042116] PM: hibernation: Registered nosave memory: [mem 0xfedd6000-0xfeffffff]
Feb  8 22:48:39 ubuntu-server kernel: [    0.042117] PM: hibernation: Registered nosave memory: [mem 0xff000000-0xffffffff]
Feb  8 22:48:39 ubuntu-server kernel: [    0.042118] [mem 0xc0000000-0xefffffff] available for PCI devices
Feb  8 22:48:39 ubuntu-server kernel: [    0.042119] Booting paravirtualized kernel on bare hardware
Feb  8 22:48:39 ubuntu-server kernel: [    0.042121] clocksource: refined-jiffies: mask: 0xffffffff max_cycles: 0xffffffff, max_idle_ns: 7645519600211568 ns
Feb  8 22:48:39 ubuntu-server systemd[1]: Mounting Mount unit for core20, revision 1974...
Feb  8 22:48:39 ubuntu-server kernel: [    0.042127] setup_percpu: NR_CPUS:8192 nr_cpumask_bits:32 nr_cpu_ids:32 nr_node_ids:1
Feb  8 22:48:39 ubuntu-server kernel: [    0.042906] percpu: Embedded 60 pages/cpu s208896 r8192 d28672 u262144
Feb  8 22:48:39 ubuntu-server kernel: [    0.042914] pcpu-alloc: s208896 r8192 d28672 u262144 alloc=1*2097152
Feb  8 22:48:39 ubuntu-server kernel: [    0.042916] pcpu-alloc: [0] 00 01 02 03 04 05 06 07 [0] 08 09 10 11 12 13 14 15 
Feb  8 22:48:39 ubuntu-server kernel: [    0.042921] pcpu-alloc: [0] 16 17 18 19 20 21 22 23 [0] 24 25 26 27 28 29 30 31 
Feb  8 22:48:39 ubuntu-server kernel: [    0.042951] Built 1 zonelists, mobility grouping on.  Total pages: 8238501
Feb  8 22:48:39 ubuntu-server kernel: [    0.042952] Policy zone: Normal
Feb  8 22:48:39 ubuntu-server systemd[1]: Mounting Mount unit for core22, revision 858...
Feb  8 22:48:39 ubuntu-server kernel: [    0.042954] Kernel command line: BOOT_IMAGE=/casper/vmlinuz ---
Feb  8 22:48:39 ubuntu-server kernel: [    0.042981] Unknown kernel command line parameters "--- BOOT_IMAGE=/casper/vmlinuz", will be passed to user space.
Feb  8 22:48:39 ubuntu-server kernel: [    0.044302] Dentry cache hash table entries: 4194304 (order: 13, 33554432 bytes, linear)
Feb  8 22:48:39 ubuntu-server kernel: [    0.044964] Inode-cache hash table entries: 2097152 (order: 12, 16777216 bytes, linear)
Feb  8 22:48:39 ubuntu-server kernel: [    0.045046] mem auto-init: stack:off, heap alloc:on, heap free:off
Feb  8 22:48:39 ubuntu-server kernel: [    0.088969] Memory: 32570196K/33477736K available (16393K kernel code, 4383K rwdata, 10844K rodata, 3248K init, 18832K bss, 907280K reserved, 0K cma-reserved)
Feb  8 22:48:39 ubuntu-server systemd[1]: Mounting Mount unit for lxd, revision 24322...
Feb  8 22:48:39 ubuntu-server kernel: [    0.089057] SLUB: HWalign=64, Order=0-3, MinObjects=0, CPUs=32, Nodes=1
Feb  8 22:48:39 ubuntu-server kernel: [    0.089066] ftrace: allocating 50600 entries in 198 pages
Feb  8 22:48:39 ubuntu-server kernel: [    0.104556] ftrace: allocated 198 pages with 4 groups
Feb  8 22:48:39 ubuntu-server kernel: [    0.104654] rcu: Hierarchical RCU implementation.
Feb  8 22:48:39 ubuntu-server kernel: [    0.104655] rcu: 	RCU restricting CPUs from NR_CPUS=8192 to nr_cpu_ids=32.
Feb  8 22:48:39 ubuntu-server kernel: [    0.104657] 	Rude variant of Tasks RCU enabled.
Feb  8 22:48:39 ubuntu-server systemd[1]: Mounting Mount unit for snapd, revision 19457...
Feb  8 22:48:39 ubuntu-server kernel: [    0.104657] 	Tracing variant of Tasks RCU enabled.
Feb  8 22:48:39 ubuntu-server kernel: [    0.104658] rcu: RCU calculated value of scheduler-enlistment delay is 25 jiffies.
Feb  8 22:48:39 ubuntu-server kernel: [    0.104658] rcu: Adjusting geometry for rcu_fanout_leaf=16, nr_cpu_ids=32
Feb  8 22:48:39 ubuntu-server kernel: [    0.106806] NR_IRQS: 524544, nr_irqs: 1224, preallocated irqs: 16
Feb  8 22:48:39 ubuntu-server kernel: [    0.107023] Console: colour dummy device 80x25
Feb  8 22:48:39 ubuntu-server kernel: [    0.107209] printk: console [tty0] enabled
Feb  8 22:48:39 ubuntu-server kernel: [    0.107225] ACPI: Core revision 20210730
Feb  8 22:48:39 ubuntu-server kernel: [    0.107313] clocksource: hpet: mask: 0xffffffff max_cycles: 0xffffffff, max_idle_ns: 133484873504 ns
Feb  8 22:48:39 ubuntu-server systemd[1]: Mounting Mount unit for subiquity, revision 5004...
Feb  8 22:48:39 ubuntu-server kernel: [    0.107329] APIC: Switch to symmetric I/O mode setup
Feb  8 22:48:39 ubuntu-server kernel: [    0.107462] x2apic: IRQ remapping doesn't support X2APIC mode
Feb  8 22:48:39 ubuntu-server kernel: [    0.107523] Switched APIC routing to physical flat.
Feb  8 22:48:39 ubuntu-server kernel: [    0.108121] ..TIMER: vector=0x30 apic1=0 pin1=2 apic2=-1 pin2=-1
Feb  8 22:48:39 ubuntu-server kernel: [    0.127330] clocksource: tsc-early: mask: 0xffffffffffffffff max_cycles: 0x325b8733c12, max_idle_ns: 440795380517 ns
Feb  8 22:48:39 ubuntu-server kernel: [    0.127335] Calibrating delay loop (skipped), value calculated using timer frequency.. 6987.10 BogoMIPS (lpj=13974212)
Feb  8 22:48:39 ubuntu-server kernel: [    0.127337] pid_max: default: 32768 minimum: 301
Feb  8 22:48:39 ubuntu-server systemd[1]: tmp.mount: Directory /tmp to mount over is not empty, mounting anyway.
Feb  8 22:48:39 ubuntu-server kernel: [    0.129190] LSM: Security Framework initializing
Feb  8 22:48:39 ubuntu-server kernel: [    0.129199] landlock: Up and running.
Feb  8 22:48:39 ubuntu-server kernel: [    0.129200] Yama: becoming mindful.
Feb  8 22:48:39 ubuntu-server kernel: [    0.129212] AppArmor: AppArmor initialized
Feb  8 22:48:39 ubuntu-server systemd[1]: Mounting /tmp...
Feb  8 22:48:39 ubuntu-server kernel: [    0.129261] Mount-cache hash table entries: 65536 (order: 7, 524288 bytes, linear)
Feb  8 22:48:39 ubuntu-server kernel: [    0.129298] Mountpoint-cache hash table entries: 65536 (order: 7, 524288 bytes, linear)
Feb  8 22:48:39 ubuntu-server kernel: [    0.129443] x86/cpu: User Mode Instruction Prevention (UMIP) activated
Feb  8 22:48:39 ubuntu-server kernel: [    0.129477] LVT offset 1 assigned for vector 0xf9
Feb  8 22:48:39 ubuntu-server kernel: [    0.129594] LVT offset 2 assigned for vector 0xf4
Feb  8 22:48:39 ubuntu-server kernel: [    0.129628] Last level iTLB entries: 4KB 512, 2MB 512, 4MB 256
Feb  8 22:48:39 ubuntu-server kernel: [    0.129630] Last level dTLB entries: 4KB 2048, 2MB 2048, 4MB 1024, 1GB 0
Feb  8 22:48:39 ubuntu-server kernel: [    0.129632] Spectre V1 : Mitigation: usercopy/swapgs barriers and __user pointer sanitization
Feb  8 22:48:39 ubuntu-server kernel: [    0.129634] Spectre V2 : Mitigation: Retpolines
Feb  8 22:48:39 ubuntu-server kernel: [    0.129635] Spectre V2 : Spectre v2 / SpectreRSB mitigation: Filling RSB on context switch
Feb  8 22:48:39 ubuntu-server kernel: [    0.129637] Spectre V2 : Spectre v2 / SpectreRSB : Filling RSB on VMEXIT
Feb  8 22:48:39 ubuntu-server kernel: [    0.129638] Spectre V2 : Enabling Restricted Speculation for firmware calls
Feb  8 22:48:39 ubuntu-server kernel: [    0.129639] Spectre V2 : mitigation: Enabling conditional Indirect Branch Prediction Barrier
Feb  8 22:48:39 ubuntu-server systemd-udevd[1366]: Using default interface naming scheme 'v249'.
Feb  8 22:48:39 ubuntu-server kernel: [    0.129641] Spectre V2 : User space: Mitigation: STIBP always-on protection
Feb  8 22:48:39 ubuntu-server kernel: [    0.129642] Speculative Store Bypass: Mitigation: Speculative Store Bypass disabled via prctl and seccomp
Feb  8 22:48:39 ubuntu-server kernel: [    0.142957] Freeing SMP alternatives memory: 44K
Feb  8 22:48:39 ubuntu-server kernel: [    0.252305] smpboot: CPU0: AMD Ryzen 5 5600 6-Core Processor (family: 0x19, model: 0x21, stepping: 0x2)
Feb  8 22:48:39 ubuntu-server kernel: [    0.252376] Performance Events: Fam17h+ core perfctr, AMD PMU driver.
Feb  8 22:48:39 ubuntu-server kernel: [    0.252379] ... version:                0
Feb  8 22:48:39 ubuntu-server kernel: [    0.252380] ... bit width:              48
Feb  8 22:48:39 ubuntu-server kernel: [    0.252381] ... generic registers:      6
Feb  8 22:48:39 ubuntu-server systemd[1]: Mounted /tmp.
Feb  8 22:48:39 ubuntu-server kernel: [    0.252382] ... value mask:             0000ffffffffffff
Feb  8 22:48:39 ubuntu-server kernel: [    0.252383] ... max period:             00007fffffffffff
Feb  8 22:48:39 ubuntu-server kernel: [    0.252384] ... fixed-purpose events:   0
Feb  8 22:48:39 ubuntu-server kernel: [    0.252385] ... event mask:             000000000000003f
Feb  8 22:48:39 ubuntu-server kernel: [    0.252418] rcu: Hierarchical SRCU implementation.
Feb  8 22:48:39 ubuntu-server kernel: [    0.252659] NMI watchdog: Enabled. Permanently consumes one hw-PMU counter.
Feb  8 22:48:39 ubuntu-server kernel: [    0.252782] smp: Bringing up secondary CPUs ...
Feb  8 22:48:39 ubuntu-server systemd[1]: Mounted Mount unit for subiquity, revision 5004.
Feb  8 22:48:39 ubuntu-server systemd[1]: Mounted Mount unit for core22, revision 858.
Feb  8 22:48:39 ubuntu-server systemd[1]: Mounted Mount unit for snapd, revision 19457.
Feb  8 22:48:39 ubuntu-server systemd[1]: Mounted Mount unit for lxd, revision 24322.
Feb  8 22:48:39 ubuntu-server systemd[1]: Mounted Mount unit for core20, revision 1974.
Feb  8 22:48:39 ubuntu-server systemd[1]: Reached target Mounted snaps.
Feb  8 22:48:39 ubuntu-server systemd[1]: Reached target Local File Systems.
Feb  8 22:48:39 ubuntu-server systemd[1]: Condition check resulted in Load AppArmor profiles being skipped.
Feb  8 22:48:39 ubuntu-server systemd[1]: Starting Set console font and keymap...
Feb  8 22:48:39 ubuntu-server kernel: [    0.252829] x86: Booting SMP configuration:
Feb  8 22:48:39 ubuntu-server kernel: [    0.252830] .... node  #0, CPUs:        #1  #2  #3  #4  #5  #6
Feb  8 22:48:39 ubuntu-server kernel: [    0.265504] Spectre V2 : Update user space SMT mitigation: STIBP always-on
Feb  8 22:48:39 ubuntu-server kernel: [    0.265504]   #7  #8  #9 #10 #11
Feb  8 22:48:39 ubuntu-server kernel: [    0.275547] smp: Brought up 1 node, 12 CPUs
Feb  8 22:48:39 ubuntu-server kernel: [    0.275552] smpboot: Max logical packages: 3
Feb  8 22:48:39 ubuntu-server kernel: [    0.275554] smpboot: Total of 12 processors activated (83845.27 BogoMIPS)
Feb  8 22:48:39 ubuntu-server kernel: [    0.276749] devtmpfs: initialized
Feb  8 22:48:39 ubuntu-server kernel: [    0.276749] x86/mm: Memory block size: 128MB
Feb  8 22:48:39 ubuntu-server systemd[1]: Starting Create final runtime dir for shutdown pivot root...
Feb  8 22:48:39 ubuntu-server kernel: [    0.276749] ACPI: PM: Registering ACPI NVS region [mem 0x0a200000-0x0a20dfff] (57344 bytes)
Feb  8 22:48:39 ubuntu-server kernel: [    0.276749] ACPI: PM: Registering ACPI NVS region [mem 0xbcda4000-0xbd47efff] (7188480 bytes)
Feb  8 22:48:39 ubuntu-server kernel: [    0.279399] clocksource: jiffies: mask: 0xffffffff max_cycles: 0xffffffff, max_idle_ns: 7645041785100000 ns
Feb  8 22:48:39 ubuntu-server kernel: [    0.279420] futex hash table entries: 8192 (order: 7, 524288 bytes, linear)
Feb  8 22:48:39 ubuntu-server kernel: [    0.279470] pinctrl core: initialized pinctrl subsystem
Feb  8 22:48:39 ubuntu-server kernel: [    0.279538] PM: RTC time: 22:48:21, date: 2024-02-08
Feb  8 22:48:39 ubuntu-server kernel: [    0.279630] NET: Registered PF_NETLINK/PF_ROUTE protocol family
Feb  8 22:48:39 ubuntu-server kernel: [    0.279807] DMA: preallocated 4096 KiB GFP_KERNEL pool for atomic allocations
Feb  8 22:48:39 ubuntu-server kernel: [    0.279948] DMA: preallocated 4096 KiB GFP_KERNEL|GFP_DMA pool for atomic allocations
Feb  8 22:48:39 ubuntu-server systemd[1]: Starting Tell Plymouth To Write Out Runtime Data...
Feb  8 22:48:39 ubuntu-server kernel: [    0.280088] DMA: preallocated 4096 KiB GFP_KERNEL|GFP_DMA32 pool for atomic allocations
Feb  8 22:48:39 ubuntu-server kernel: [    0.280092] audit: initializing netlink subsys (disabled)
Feb  8 22:48:39 ubuntu-server kernel: [    0.280097] audit: type=2000 audit(1707432501.172:1): state=initialized audit_enabled=0 res=1
Feb  8 22:48:39 ubuntu-server kernel: [    0.280097] thermal_sys: Registered thermal governor 'fair_share'
Feb  8 22:48:39 ubuntu-server kernel: [    0.280097] thermal_sys: Registered thermal governor 'bang_bang'
Feb  8 22:48:39 ubuntu-server kernel: [    0.280097] thermal_sys: Registered thermal governor 'step_wise'
Feb  8 22:48:39 ubuntu-server kernel: [    0.280097] thermal_sys: Registered thermal governor 'user_space'
Feb  8 22:48:39 ubuntu-server kernel: [    0.280097] thermal_sys: Registered thermal governor 'power_allocator'
Feb  8 22:48:39 ubuntu-server systemd[1]: Starting Load AppArmor profiles managed internally by snapd...
Feb  8 22:48:39 ubuntu-server kernel: [    0.280097] EISA bus registered
Feb  8 22:48:39 ubuntu-server kernel: [    0.280097] cpuidle: using governor ladder
Feb  8 22:48:39 ubuntu-server kernel: [    0.280097] cpuidle: using governor menu
Feb  8 22:48:39 ubuntu-server kernel: [    0.280097] Detected 1 PCC Subspaces
Feb  8 22:48:39 ubuntu-server kernel: [    0.280097] Registering PCC driver as Mailbox controller
Feb  8 22:48:39 ubuntu-server kernel: [    0.280097] ACPI: bus type PCI registered
Feb  8 22:48:39 ubuntu-server kernel: [    0.280097] acpiphp: ACPI Hot Plug PCI Controller Driver version: 0.5
Feb  8 22:48:39 ubuntu-server kernel: [    0.280097] PCI: MMCONFIG for domain 0000 [bus 00-7f] at [mem 0xf0000000-0xf7ffffff] (base 0xf0000000)
Feb  8 22:48:39 ubuntu-server kernel: [    0.280097] PCI: MMCONFIG at [mem 0xf0000000-0xf7ffffff] reserved in E820
Feb  8 22:48:39 ubuntu-server systemd[1]: Starting Set Up Additional Binary Formats...
Feb  8 22:48:39 ubuntu-server kernel: [    0.280097] PCI: Using configuration type 1 for base access
Feb  8 22:48:39 ubuntu-server kernel: [    0.280283] kprobes: kprobe jump-optimization is enabled. All kprobes are optimized if possible.
Feb  8 22:48:39 ubuntu-server kernel: [    0.280288] HugeTLB registered 1.00 GiB page size, pre-allocated 0 pages
Feb  8 22:48:39 ubuntu-server kernel: [    0.280288] HugeTLB registered 2.00 MiB page size, pre-allocated 0 pages
Feb  8 22:48:39 ubuntu-server kernel: [    0.280288] fbcon: Taking over console
Feb  8 22:48:39 ubuntu-server kernel: [    0.280288] ACPI: Added _OSI(Module Device)
Feb  8 22:48:39 ubuntu-server kernel: [    0.280288] ACPI: Added _OSI(Processor Device)
Feb  8 22:48:39 ubuntu-server kernel: [    0.280288] ACPI: Added _OSI(3.0 _SCP Extensions)
Feb  8 22:48:39 ubuntu-server kernel: [    0.280288] ACPI: Added _OSI(Processor Aggregator Device)
Feb  8 22:48:39 ubuntu-server systemd[1]: Condition check resulted in Store a System Token in an EFI Variable being skipped.
Feb  8 22:48:39 ubuntu-server kernel: [    0.280288] ACPI: Added _OSI(Linux-Dell-Video)
Feb  8 22:48:39 ubuntu-server kernel: [    0.280288] ACPI: Added _OSI(Linux-Lenovo-NV-HDMI-Audio)
Feb  8 22:48:39 ubuntu-server kernel: [    0.280288] ACPI: Added _OSI(Linux-HPI-Hybrid-Graphics)
Feb  8 22:48:39 ubuntu-server kernel: [    0.289901] ACPI: 10 ACPI AML tables successfully acquired and loaded
Feb  8 22:48:39 ubuntu-server kernel: [    0.290788] ACPI: [Firmware Bug]: BIOS _OSI(Linux) query ignored
Feb  8 22:48:39 ubuntu-server kernel: [    0.293268] ACPI: Interpreter enabled
Feb  8 22:48:39 ubuntu-server kernel: [    0.293279] ACPI: PM: (supports S0 S3 S4 S5)
Feb  8 22:48:39 ubuntu-server kernel: [    0.293280] ACPI: Using IOAPIC for interrupt routing
Feb  8 22:48:39 ubuntu-server kernel: [    0.293477] PCI: Using host bridge windows from ACPI; if necessary, use "pci=nocrs" and report a bug
Feb  8 22:48:39 ubuntu-server systemd[1]: Condition check resulted in Commit a transient machine-id on disk being skipped.
Feb  8 22:48:39 ubuntu-server kernel: [    0.293479] PCI: Using E820 reservations for host bridge windows
Feb  8 22:48:39 ubuntu-server kernel: [    0.293713] ACPI: Enabled 8 GPEs in block 00 to 1F
Feb  8 22:48:39 ubuntu-server kernel: [    0.298937] ACPI: PCI Root Bridge [PCI0] (domain 0000 [bus 00-ff])
Feb  8 22:48:39 ubuntu-server kernel: [    0.298942] acpi PNP0A08:00: _OSC: OS supports [ExtendedConfig ASPM ClockPM Segments MSI EDR HPX-Type3]
Feb  8 22:48:39 ubuntu-server kernel: [    0.299038] acpi PNP0A08:00: _OSC: platform does not support [SHPCHotplug LTR DPC]
Feb  8 22:48:39 ubuntu-server kernel: [    0.299126] acpi PNP0A08:00: _OSC: OS now controls [PCIeHotplug PME AER PCIeCapability]
Feb  8 22:48:39 ubuntu-server kernel: [    0.299134] acpi PNP0A08:00: [Firmware Info]: MMCONFIG for domain 0000 [bus 00-7f] only partially covers this bridge
Feb  8 22:48:39 ubuntu-server kernel: [    0.299341] PCI host bridge to bus 0000:00
Feb  8 22:48:39 ubuntu-server systemd[1]: Starting Create Volatile Files and Directories...
Feb  8 22:48:39 ubuntu-server kernel: [    0.299343] pci_bus 0000:00: root bus resource [bus 00-ff]
Feb  8 22:48:39 ubuntu-server kernel: [    0.299345] pci_bus 0000:00: root bus resource [io  0x0000-0x0cf7 window]
Feb  8 22:48:39 ubuntu-server kernel: [    0.299346] pci_bus 0000:00: root bus resource [io  0x0d00-0xffff window]
Feb  8 22:48:39 ubuntu-server kernel: [    0.299348] pci_bus 0000:00: root bus resource [mem 0x000a0000-0x000dffff window]
Feb  8 22:48:39 ubuntu-server kernel: [    0.299349] pci_bus 0000:00: root bus resource [mem 0xc0000000-0xfec2ffff window]
Feb  8 22:48:39 ubuntu-server kernel: [    0.299351] pci_bus 0000:00: root bus resource [mem 0xfee00000-0xffffffff window]
Feb  8 22:48:39 ubuntu-server kernel: [    0.299390] pci 0000:00:00.0: [1022:1480] type 00 class 0x060000
Feb  8 22:48:39 ubuntu-server kernel: [    0.299476] pci 0000:00:01.0: [1022:1482] type 00 class 0x060000
Feb  8 22:48:39 ubuntu-server kernel: [    0.299572] pci 0000:00:01.1: [1022:1483] type 01 class 0x060400
Feb  8 22:48:39 ubuntu-server systemd[1]: Starting Uncomplicated firewall...
Feb  8 22:48:39 ubuntu-server kernel: [    0.299602] pci 0000:00:01.1: enabling Extended Tags
Feb  8 22:48:39 ubuntu-server kernel: [    0.299652] pci 0000:00:01.1: PME# supported from D0 D3hot D3cold
Feb  8 22:48:39 ubuntu-server kernel: [    0.299772] pci 0000:00:01.2: [1022:1483] type 01 class 0x060400
Feb  8 22:48:39 ubuntu-server kernel: [    0.299802] pci 0000:00:01.2: enabling Extended Tags
Feb  8 22:48:39 ubuntu-server kernel: [    0.299852] pci 0000:00:01.2: PME# supported from D0 D3hot D3cold
Feb  8 22:48:39 ubuntu-server kernel: [    0.299951] pci 0000:00:02.0: [1022:1482] type 00 class 0x060000
Feb  8 22:48:39 ubuntu-server kernel: [    0.300030] pci 0000:00:03.0: [1022:1482] type 00 class 0x060000
Feb  8 22:48:39 ubuntu-server kernel: [    0.300121] pci 0000:00:03.1: [1022:1483] type 01 class 0x060400
Feb  8 22:48:39 ubuntu-server kernel: [    0.300147] pci 0000:00:03.1: enabling Extended Tags
Feb  8 22:48:39 ubuntu-server systemd[1]: Finished Create final runtime dir for shutdown pivot root.
Feb  8 22:48:39 ubuntu-server kernel: [    0.300190] pci 0000:00:03.1: PME# supported from D0 D3hot D3cold
Feb  8 22:48:39 ubuntu-server kernel: [    0.300279] pci 0000:00:04.0: [1022:1482] type 00 class 0x060000
Feb  8 22:48:39 ubuntu-server kernel: [    0.300357] pci 0000:00:05.0: [1022:1482] type 00 class 0x060000
Feb  8 22:48:39 ubuntu-server kernel: [    0.300434] pci 0000:00:07.0: [1022:1482] type 00 class 0x060000
Feb  8 22:48:39 ubuntu-server kernel: [    0.300525] pci 0000:00:07.1: [1022:1484] type 01 class 0x060400
Feb  8 22:48:39 ubuntu-server kernel: [    0.300549] pci 0000:00:07.1: enabling Extended Tags
Feb  8 22:48:39 ubuntu-server kernel: [    0.300587] pci 0000:00:07.1: PME# supported from D0 D3hot D3cold
Feb  8 22:48:39 ubuntu-server kernel: [    0.300668] pci 0000:00:08.0: [1022:1482] type 00 class 0x060000
Feb  8 22:48:39 ubuntu-server kernel: [    0.300759] pci 0000:00:08.1: [1022:1484] type 01 class 0x060400
Feb  8 22:48:39 ubuntu-server systemd[1]: Finished Set console font and keymap.
Feb  8 22:48:39 ubuntu-server kernel: [    0.300785] pci 0000:00:08.1: enabling Extended Tags
Feb  8 22:48:39 ubuntu-server kernel: [    0.300826] pci 0000:00:08.1: PME# supported from D0 D3hot D3cold
Feb  8 22:48:39 ubuntu-server kernel: [    0.300939] pci 0000:00:14.0: [1022:790b] type 00 class 0x0c0500
Feb  8 22:48:39 ubuntu-server kernel: [    0.301062] pci 0000:00:14.3: [1022:790e] type 00 class 0x060100
Feb  8 22:48:39 ubuntu-server kernel: [    0.301176] pci 0000:00:18.0: [1022:1440] type 00 class 0x060000
Feb  8 22:48:39 ubuntu-server kernel: [    0.301226] pci 0000:00:18.1: [1022:1441] type 00 class 0x060000
Feb  8 22:48:39 ubuntu-server kernel: [    0.301276] pci 0000:00:18.2: [1022:1442] type 00 class 0x060000
Feb  8 22:48:39 ubuntu-server kernel: [    0.301325] pci 0000:00:18.3: [1022:1443] type 00 class 0x060000
Feb  8 22:48:39 ubuntu-server systemd[1]: Finished Tell Plymouth To Write Out Runtime Data.
Feb  8 22:48:39 ubuntu-server kernel: [    0.301376] pci 0000:00:18.4: [1022:1444] type 00 class 0x060000
Feb  8 22:48:39 ubuntu-server kernel: [    0.301425] pci 0000:00:18.5: [1022:1445] type 00 class 0x060000
Feb  8 22:48:39 ubuntu-server kernel: [    0.301474] pci 0000:00:18.6: [1022:1446] type 00 class 0x060000
Feb  8 22:48:39 ubuntu-server kernel: [    0.301524] pci 0000:00:18.7: [1022:1447] type 00 class 0x060000
Feb  8 22:48:39 ubuntu-server kernel: [    0.301613] pci 0000:01:00.0: [144d:a809] type 00 class 0x010802
Feb  8 22:48:39 ubuntu-server systemd[1]: proc-sys-fs-binfmt_misc.automount: Got automount request for /proc/sys/fs/binfmt_misc, triggered by 1441 (systemd-binfmt)
Feb  8 22:48:39 ubuntu-server kernel: [    0.301634] pci 0000:01:00.0: reg 0x10: [mem 0xfca00000-0xfca03fff 64bit]
Feb  8 22:48:39 ubuntu-server kernel: [    0.301838] pci 0000:00:01.1: PCI bridge to [bus 01]
Feb  8 22:48:39 ubuntu-server kernel: [    0.301843] pci 0000:00:01.1:   bridge window [mem 0xfca00000-0xfcafffff]
Feb  8 22:48:39 ubuntu-server kernel: [    0.301904] pci 0000:02:00.0: [1022:43ee] type 00 class 0x0c0330
Feb  8 22:48:39 ubuntu-server kernel: [    0.301925] pci 0000:02:00.0: reg 0x10: [mem 0xfc9a0000-0xfc9a7fff 64bit]
Feb  8 22:48:39 ubuntu-server kernel: [    0.301969] pci 0000:02:00.0: enabling Extended Tags
Feb  8 22:48:39 ubuntu-server kernel: [    0.302028] pci 0000:02:00.0: PME# supported from D3hot D3cold
Feb  8 22:48:39 ubuntu-server systemd[1]: Mounting Arbitrary Executable File Formats File System...
Feb  8 22:48:39 ubuntu-server kernel: [    0.302118] pci 0000:02:00.1: [1022:43eb] type 00 class 0x010601
Feb  8 22:48:39 ubuntu-server kernel: [    0.302171] pci 0000:02:00.1: reg 0x24: [mem 0xfc980000-0xfc99ffff]
Feb  8 22:48:39 ubuntu-server kernel: [    0.302180] pci 0000:02:00.1: reg 0x30: [mem 0xfc900000-0xfc97ffff pref]
Feb  8 22:48:39 ubuntu-server kernel: [    0.302187] pci 0000:02:00.1: enabling Extended Tags
Feb  8 22:48:39 ubuntu-server kernel: [    0.302231] pci 0000:02:00.1: PME# supported from D3hot D3cold
Feb  8 22:48:39 ubuntu-server kernel: [    0.302297] pci 0000:02:00.2: [1022:43e9] type 01 class 0x060400
Feb  8 22:48:39 ubuntu-server systemd[1]: Mounted Arbitrary Executable File Formats File System.
Feb  8 22:48:39 ubuntu-server systemd[1]: Finished Set Up Additional Binary Formats.
Feb  8 22:48:39 ubuntu-server systemd[1]: Finished Uncomplicated firewall.
Feb  8 22:48:39 ubuntu-server systemd[1]: Finished Create Volatile Files and Directories.
Feb  8 22:48:39 ubuntu-server systemd[1]: Starting Network Time Synchronization...
Feb  8 22:48:39 ubuntu-server systemd[1]: Starting Record System Boot/Shutdown in UTMP...
Feb  8 22:48:39 ubuntu-server systemd[1]: Condition check resulted in Authentication service for virtual machines hosted on VMware being skipped.
Feb  8 22:48:39 ubuntu-server systemd[1]: Condition check resulted in Service for virtual machines hosted on VMware being skipped.
Feb  8 22:48:39 ubuntu-server systemd[1]: Starting Initial cloud-init job (pre-networking)...
Feb  8 22:48:39 ubuntu-server systemd[1]: Finished Record System Boot/Shutdown in UTMP.
Feb  8 22:48:39 ubuntu-server systemd-udevd[1365]: nvme0n1: Process '/usr/bin/unshare -m /usr/bin/snap auto-import --mount=/dev/nvme0n1' failed with exit code 1.
Feb  8 22:48:39 ubuntu-server systemd-udevd[1365]: nvme0n1p3: Process '/usr/bin/unshare -m /usr/bin/snap auto-import --mount=/dev/nvme0n1p3' failed with exit code 1.
Feb  8 22:48:39 ubuntu-server systemd[1]: Created slice Slice /system/lvm2-pvscan.
Feb  8 22:48:39 ubuntu-server kernel: [    0.302347] pci 0000:02:00.2: enabling Extended Tags
Feb  8 22:48:39 ubuntu-server systemd[1]: Starting LVM event activation on device 259:3...
Feb  8 22:48:39 ubuntu-server kernel: [    0.302397] pci 0000:02:00.2: PME# supported from D3hot D3cold
Feb  8 22:48:39 ubuntu-server kernel: [    0.302475] pci 0000:00:01.2: PCI bridge to [bus 02-04]
Feb  8 22:48:39 ubuntu-server kernel: [    0.302479] pci 0000:00:01.2:   bridge window [io  0xf000-0xffff]
Feb  8 22:48:39 ubuntu-server systemd-udevd[1359]: nvme0n1p2: Process '/usr/bin/unshare -m /usr/bin/snap auto-import --mount=/dev/nvme0n1p2' failed with exit code 1.
Feb  8 22:48:39 ubuntu-server kernel: [    0.302481] pci 0000:00:01.2:   bridge window [mem 0xfc800000-0xfc9fffff]
Feb  8 22:48:39 ubuntu-server kernel: [    0.302586] pci 0000:03:08.0: [1022:43ea] type 01 class 0x060400
Feb  8 22:48:39 ubuntu-server kernel: [    0.302639] pci 0000:03:08.0: enabling Extended Tags
Feb  8 22:48:39 ubuntu-server kernel: [    0.302696] pci 0000:03:08.0: PME# supported from D3hot D3cold
Feb  8 22:48:39 ubuntu-server kernel: [    0.302783] pci 0000:02:00.2: PCI bridge to [bus 03-04]
Feb  8 22:48:39 ubuntu-server kernel: [    0.302788] pci 0000:02:00.2:   bridge window [io  0xf000-0xffff]
Feb  8 22:48:39 ubuntu-server systemd-udevd[1361]: nvme0n1p1: Process '/usr/bin/unshare -m /usr/bin/snap auto-import --mount=/dev/nvme0n1p1' failed with exit code 1.
Feb  8 22:48:39 ubuntu-server kernel: [    0.302792] pci 0000:02:00.2:   bridge window [mem 0xfc800000-0xfc8fffff]
Feb  8 22:48:39 ubuntu-server kernel: [    0.302894] pci 0000:04:00.0: [10ec:8168] type 00 class 0x020000
Feb  8 22:48:39 ubuntu-server kernel: [    0.302926] pci 0000:04:00.0: reg 0x10: [io  0xf000-0xf0ff]
Feb  8 22:48:39 ubuntu-server kernel: [    0.302968] pci 0000:04:00.0: reg 0x18: [mem 0xfc804000-0xfc804fff 64bit]
Feb  8 22:48:39 ubuntu-server kernel: [    0.302993] pci 0000:04:00.0: reg 0x20: [mem 0xfc800000-0xfc803fff 64bit]
Feb  8 22:48:39 ubuntu-server lvm[1478]:   pvscan[1478] PV /dev/nvme0n1p3 online, VG pve is complete.
Feb  8 22:48:39 ubuntu-server kernel: [    0.303157] pci 0000:04:00.0: supports D1 D2
Feb  8 22:48:39 ubuntu-server kernel: [    0.303158] pci 0000:04:00.0: PME# supported from D0 D1 D2 D3hot D3cold
Feb  8 22:48:39 ubuntu-server kernel: [    0.303346] pci 0000:03:08.0: PCI bridge to [bus 04]
Feb  8 22:48:39 ubuntu-server kernel: [    0.303352] pci 0000:03:08.0:   bridge window [io  0xf000-0xffff]
Feb  8 22:48:39 ubuntu-server kernel: [    0.303355] pci 0000:03:08.0:   bridge window [mem 0xfc800000-0xfc8fffff]
Feb  8 22:48:39 ubuntu-server kernel: [    0.303423] pci 0000:05:00.0: [8086:4fa1] type 01 class 0x060400
Feb  8 22:48:39 ubuntu-server lvm[1478]:   pvscan[1478] VG pve skip autoactivation.
Feb  8 22:48:39 ubuntu-server kernel: [    0.303441] pci 0000:05:00.0: reg 0x10: [mem 0xe0000000-0xe07fffff 64bit pref]
Feb  8 22:48:39 ubuntu-server kernel: [    0.303462] pci 0000:05:00.0: enabling Extended Tags
Feb  8 22:48:39 ubuntu-server kernel: [    0.303534] pci 0000:05:00.0: PME# supported from D0 D3hot D3cold
Feb  8 22:48:39 ubuntu-server kernel: [    0.303638] pci 0000:00:03.1: PCI bridge to [bus 05-08]
Feb  8 22:48:39 ubuntu-server kernel: [    0.303642] pci 0000:00:03.1:   bridge window [mem 0xfb000000-0xfc3fffff]
Feb  8 22:48:39 ubuntu-server kernel: [    0.303646] pci 0000:00:03.1:   bridge window [mem 0xd0000000-0xe07fffff 64bit pref]
Feb  8 22:48:39 ubuntu-server kernel: [    0.303685] pci 0000:06:01.0: [8086:4fa4] type 01 class 0x060400
Feb  8 22:48:39 ubuntu-server kernel: [    0.303784] pci 0000:06:01.0: PME# supported from D0 D3hot D3cold
Feb  8 22:48:39 ubuntu-server kernel: [    0.303852] pci 0000:06:04.0: [8086:4fa4] type 01 class 0x060400
Feb  8 22:48:39 ubuntu-server kernel: [    0.303975] pci 0000:06:04.0: PME# supported from D0 D3hot D3cold
Feb  8 22:48:39 ubuntu-server kernel: [    0.304061] pci 0000:05:00.0: PCI bridge to [bus 06-08]
Feb  8 22:48:39 ubuntu-server systemd[1]: Started Network Time Synchronization.
Feb  8 22:48:39 ubuntu-server kernel: [    0.304068] pci 0000:05:00.0:   bridge window [mem 0xfb000000-0xfc3fffff]
Feb  8 22:48:39 ubuntu-server kernel: [    0.304073] pci 0000:05:00.0:   bridge window [mem 0xd0000000-0xdfffffff 64bit pref]
Feb  8 22:48:39 ubuntu-server kernel: [    0.304118] pci 0000:07:00.0: [8086:56a5] type 00 class 0x030000
Feb  8 22:48:39 ubuntu-server kernel: [    0.304139] pci 0000:07:00.0: reg 0x10: [mem 0xfb000000-0xfbffffff 64bit]
Feb  8 22:48:39 ubuntu-server kernel: [    0.304153] pci 0000:07:00.0: reg 0x18: [mem 0xd0000000-0xdfffffff 64bit pref]
Feb  8 22:48:39 ubuntu-server kernel: [    0.304179] pci 0000:07:00.0: reg 0x30: [mem 0xfc000000-0xfc1fffff pref]
Feb  8 22:48:39 ubuntu-server kernel: [    0.304187] pci 0000:07:00.0: enabling Extended Tags
Feb  8 22:48:39 ubuntu-server systemd[1]: Reached target System Time Set.
Feb  8 22:48:39 ubuntu-server kernel: [    0.304202] pci 0000:07:00.0: BAR 2: assigned to efifb
Feb  8 22:48:39 ubuntu-server kernel: [    0.304209] pci 0000:07:00.0: Video device with shadowed ROM at [mem 0x000c0000-0x000dffff]
Feb  8 22:48:39 ubuntu-server kernel: [    0.304265] pci 0000:07:00.0: PME# supported from D0 D3hot
Feb  8 22:48:39 ubuntu-server kernel: [    0.304357] pci 0000:06:01.0: PCI bridge to [bus 07]
Feb  8 22:48:39 ubuntu-server kernel: [    0.304362] pci 0000:06:01.0:   bridge window [mem 0xfb000000-0xfc1fffff]
Feb  8 22:48:39 ubuntu-server kernel: [    0.304368] pci 0000:06:01.0:   bridge window [mem 0xd0000000-0xdfffffff 64bit pref]
Feb  8 22:48:39 ubuntu-server systemd[1]: Finished LVM event activation on device 259:3.
Feb  8 22:48:39 ubuntu-server kernel: [    0.304427] pci 0000:08:00.0: [8086:4f92] type 00 class 0x040300
Feb  8 22:48:39 ubuntu-server kernel: [    0.304455] pci 0000:08:00.0: reg 0x10: [mem 0xfc300000-0xfc303fff 64bit]
Feb  8 22:48:39 ubuntu-server kernel: [    0.304577] pci 0000:08:00.0: PME# supported from D3hot D3cold
Feb  8 22:48:39 ubuntu-server kernel: [    0.304667] pci 0000:06:04.0: PCI bridge to [bus 08]
Feb  8 22:48:39 ubuntu-server kernel: [    0.304674] pci 0000:06:04.0:   bridge window [mem 0xfc300000-0xfc3fffff]
Feb  8 22:48:39 ubuntu-server kernel: [    0.304734] pci 0000:09:00.0: [1022:148a] type 00 class 0x130000
Feb  8 22:48:39 ubuntu-server systemd-udevd[1333]: dm-1: Process '/usr/bin/unshare -m /usr/bin/snap auto-import --mount=/dev/dm-1' failed with exit code 1.
Feb  8 22:48:39 ubuntu-server kernel: [    0.304762] pci 0000:09:00.0: enabling Extended Tags
Feb  8 22:48:39 ubuntu-server kernel: [    0.304865] pci 0000:00:07.1: PCI bridge to [bus 09]
Feb  8 22:48:39 ubuntu-server kernel: [    0.304917] pci 0000:0a:00.0: [1022:1485] type 00 class 0x130000
Feb  8 22:48:39 ubuntu-server kernel: [    0.304951] pci 0000:0a:00.0: enabling Extended Tags
Feb  8 22:48:39 ubuntu-server kernel: [    0.305067] pci 0000:0a:00.1: [1022:1486] type 00 class 0x108000
Feb  8 22:48:39 ubuntu-server kernel: [    0.305084] pci 0000:0a:00.1: reg 0x18: [mem 0xfc600000-0xfc6fffff]
Feb  8 22:48:39 ubuntu-server kernel: [    0.305095] pci 0000:0a:00.1: reg 0x24: [mem 0xfc708000-0xfc709fff]
Feb  8 22:48:39 ubuntu-server systemd-udevd[1334]: dm-0: Process '/usr/bin/unshare -m /usr/bin/snap auto-import --mount=/dev/dm-0' failed with exit code 1.
Feb  8 22:48:39 ubuntu-server kernel: [    0.305104] pci 0000:0a:00.1: enabling Extended Tags
Feb  8 22:48:39 ubuntu-server kernel: [    0.305207] pci 0000:0a:00.3: [1022:149c] type 00 class 0x0c0330
Feb  8 22:48:39 ubuntu-server kernel: [    0.305221] pci 0000:0a:00.3: reg 0x10: [mem 0xfc500000-0xfc5fffff 64bit]
Feb  8 22:48:39 ubuntu-server kernel: [    0.305251] pci 0000:0a:00.3: enabling Extended Tags
Feb  8 22:48:39 ubuntu-server kernel: [    0.305296] pci 0000:0a:00.3: PME# supported from D0 D3hot D3cold
Feb  8 22:48:39 ubuntu-server kernel: [    0.305367] pci 0000:0a:00.4: [1022:1487] type 00 class 0x040300
Feb  8 22:48:39 ubuntu-server kernel: [    0.305377] pci 0000:0a:00.4: reg 0x10: [mem 0xfc700000-0xfc707fff]
Feb  8 22:48:39 ubuntu-server kernel: [    0.305403] pci 0000:0a:00.4: enabling Extended Tags
Feb  8 22:48:39 ubuntu-server systemd-udevd[1352]: sda: Process '/usr/bin/unshare -m /usr/bin/snap auto-import --mount=/dev/sda' failed with exit code 1.
Feb  8 22:48:39 ubuntu-server kernel: [    0.305445] pci 0000:0a:00.4: PME# supported from D0 D3hot D3cold
Feb  8 22:48:39 ubuntu-server kernel: [    0.305515] pci 0000:00:08.1: PCI bridge to [bus 0a]
Feb  8 22:48:39 ubuntu-server kernel: [    0.305519] pci 0000:00:08.1:   bridge window [mem 0xfc500000-0xfc7fffff]
Feb  8 22:48:39 ubuntu-server kernel: [    0.305765] ACPI: PCI: Interrupt link LNKA configured for IRQ 0
Feb  8 22:48:39 ubuntu-server kernel: [    0.305799] ACPI: PCI: Interrupt link LNKB configured for IRQ 0
Feb  8 22:48:39 ubuntu-server kernel: [    0.305827] ACPI: PCI: Interrupt link LNKC configured for IRQ 0
Feb  8 22:48:39 ubuntu-server kernel: [    0.305862] ACPI: PCI: Interrupt link LNKD configured for IRQ 0
Feb  8 22:48:39 ubuntu-server kernel: [    0.305896] ACPI: PCI: Interrupt link LNKE configured for IRQ 0
Feb  8 22:48:39 ubuntu-server kernel: [    0.305923] ACPI: PCI: Interrupt link LNKF configured for IRQ 0
Feb  8 22:48:39 ubuntu-server kernel: [    0.305949] ACPI: PCI: Interrupt link LNKG configured for IRQ 0
Feb  8 22:48:39 ubuntu-server kernel: [    0.305975] ACPI: PCI: Interrupt link LNKH configured for IRQ 0
Feb  8 22:48:39 ubuntu-server systemd-udevd[1352]: sda1: Process '/usr/bin/unshare -m /usr/bin/snap auto-import --mount=/dev/sda1' failed with exit code 1.
Feb  8 22:48:39 ubuntu-server kernel: [    0.306434] iommu: Default domain type: Translated 
Feb  8 22:48:39 ubuntu-server kernel: [    0.306434] iommu: DMA domain TLB invalidation policy: lazy mode 
Feb  8 22:48:39 ubuntu-server kernel: [    0.306434] SCSI subsystem initialized
Feb  8 22:48:39 ubuntu-server kernel: [    0.306434] libata version 3.00 loaded.
Feb  8 22:48:39 ubuntu-server kernel: [    0.306434] pci 0000:07:00.0: vgaarb: setting as boot VGA device
Feb  8 22:48:39 ubuntu-server kernel: [    0.306434] pci 0000:07:00.0: vgaarb: VGA device added: decodes=io+mem,owns=io+mem,locks=none
Feb  8 22:48:39 ubuntu-server systemd-udevd[1359]: sda4: Process '/usr/bin/unshare -m /usr/bin/snap auto-import --mount=/dev/sda4' failed with exit code 1.
Feb  8 22:48:39 ubuntu-server kernel: [    0.306434] pci 0000:07:00.0: vgaarb: bridge control possible
Feb  8 22:48:39 ubuntu-server kernel: [    0.306434] vgaarb: loaded
Feb  8 22:48:39 ubuntu-server kernel: [    0.306434] ACPI: bus type USB registered
Feb  8 22:48:39 ubuntu-server kernel: [    0.306434] usbcore: registered new interface driver usbfs
Feb  8 22:48:39 ubuntu-server kernel: [    0.306434] usbcore: registered new interface driver hub
Feb  8 22:48:39 ubuntu-server kernel: [    0.306434] usbcore: registered new device driver usb
Feb  8 22:48:39 ubuntu-server kernel: [    0.306434] pps_core: LinuxPPS API ver. 1 registered
Feb  8 22:48:39 ubuntu-server systemd-udevd[1361]: sda2: Process '/usr/bin/unshare -m /usr/bin/snap auto-import --mount=/dev/sda2' failed with exit code 1.
Feb  8 22:48:39 ubuntu-server kernel: [    0.306434] pps_core: Software ver. 5.3.6 - Copyright 2005-2007 Rodolfo Giometti <giometti@linux.it>
Feb  8 22:48:39 ubuntu-server kernel: [    0.306434] PTP clock support registered
Feb  8 22:48:39 ubuntu-server kernel: [    0.306434] EDAC MC: Ver: 3.0.0
Feb  8 22:48:39 ubuntu-server kernel: [    0.306434] Registered efivars operations
Feb  8 22:48:39 ubuntu-server kernel: [    0.306434] NetLabel: Initializing
Feb  8 22:48:39 ubuntu-server kernel: [    0.306434] NetLabel:  domain hash size = 128
Feb  8 22:48:39 ubuntu-server systemd-udevd[1366]: sda3: Process '/usr/bin/unshare -m /usr/bin/snap auto-import --mount=/dev/sda3' failed with exit code 1.
Feb  8 22:48:39 ubuntu-server kernel: [    0.306434] NetLabel:  protocols = UNLABELED CIPSOv4 CALIPSO
Feb  8 22:48:39 ubuntu-server kernel: [    0.306434] NetLabel:  unlabeled traffic allowed by default
Feb  8 22:48:39 ubuntu-server kernel: [    0.306434] PCI: Using ACPI for IRQ routing
Feb  8 22:48:39 ubuntu-server kernel: [    0.310731] PCI: pci_cache_line_size set to 64 bytes
Feb  8 22:48:39 ubuntu-server kernel: [    0.310793] e820: reserve RAM buffer [mem 0x09bff000-0x0bffffff]
Feb  8 22:48:39 ubuntu-server kernel: [    0.310794] e820: reserve RAM buffer [mem 0x0a200000-0x0bffffff]
Feb  8 22:48:39 ubuntu-server kernel: [    0.310795] e820: reserve RAM buffer [mem 0x0b000000-0x0bffffff]
Feb  8 22:48:39 ubuntu-server kernel: [    0.310795] e820: reserve RAM buffer [mem 0xb6d4c018-0xb7ffffff]
Feb  8 22:48:39 ubuntu-server kernel: [    0.310796] e820: reserve RAM buffer [mem 0xb6f8a000-0xb7ffffff]
Feb  8 22:48:39 ubuntu-server kernel: [    0.310796] e820: reserve RAM buffer [mem 0xb74f9000-0xb7ffffff]
Feb  8 22:48:39 ubuntu-server kernel: [    0.310797] e820: reserve RAM buffer [mem 0xbb629000-0xbbffffff]
Feb  8 22:48:39 ubuntu-server kernel: [    0.310797] e820: reserve RAM buffer [mem 0xbf000000-0xbfffffff]
Feb  8 22:48:39 ubuntu-server kernel: [    0.310798] e820: reserve RAM buffer [mem 0x83f380000-0x83fffffff]
Feb  8 22:48:39 ubuntu-server kernel: [    0.310800] hpet0: at MMIO 0xfed00000, IRQs 2, 8, 0
Feb  8 22:48:39 ubuntu-server kernel: [    0.310800] hpet0: 3 comparators, 32-bit 14.318180 MHz counter
Feb  8 22:48:39 ubuntu-server kernel: [    0.312371] clocksource: Switched to clocksource tsc-early
Feb  8 22:48:39 ubuntu-server kernel: [    0.316450] VFS: Disk quotas dquot_6.6.0
Feb  8 22:48:39 ubuntu-server kernel: [    0.316461] VFS: Dquot-cache hash table entries: 512 (order 0, 4096 bytes)
Feb  8 22:48:39 ubuntu-server kernel: [    0.316523] AppArmor: AppArmor Filesystem Enabled
Feb  8 22:48:39 ubuntu-server snapd-apparmor[1438]: main.go:124: Loading profiles [/var/lib/snapd/apparmor/profiles/snap-confine.snapd.19457 /var/lib/snapd/apparmor/profiles/snap-update-ns.lxd /var/lib/snapd/apparmor/profiles/snap-update-ns.subiquity /var/lib/snapd/apparmor/profiles/snap.lxd.activate /var/lib/snapd/apparmor/profiles/snap.lxd.benchmark /var/lib/snapd/apparmor/profiles/snap.lxd.buginfo /var/lib/snapd/apparmor/profiles/snap.lxd.check-kernel /var/lib/snapd/apparmor/profiles/snap.lxd.daemon /var/lib/snapd/apparmor/profiles/snap.lxd.hook.configure /var/lib/snapd/apparmor/profiles/snap.lxd.hook.install /var/lib/snapd/apparmor/profiles/snap.lxd.hook.remove /var/lib/snapd/apparmor/profiles/snap.lxd.lxc /var/lib/snapd/apparmor/profiles/snap.lxd.lxc-to-lxd /var/lib/snapd/apparmor/profiles/snap.lxd.lxd /var/lib/snapd/apparmor/profiles/snap.lxd.migrate /var/lib/snapd/apparmor/profiles/snap.lxd.user-daemon /var/lib/snapd/apparmor/profiles/snap.subiquity.hook.install /var/lib/snapd/apparmor/profiles/snap.subiquity.hook.post-refresh /var/lib/snapd/apparmor/profiles/snap.subiquity.os-prober /var/lib/snapd/apparmor/profiles/snap.subiquity.probert /var/lib/snapd/apparmor/profiles/snap.subiquity.subiquity /var/lib/snapd/apparmor/profiles/snap.subiquity.subiquity-server /var/lib/snapd/apparmor/profiles/snap.subiquity.subiquity-service]
Feb  8 22:48:39 ubuntu-server kernel: [    0.316541] pnp: PnP ACPI init
Feb  8 22:48:39 ubuntu-server kernel: [    0.316590] system 00:00: [mem 0xf0000000-0xf7ffffff] has been reserved
Feb  8 22:48:39 ubuntu-server kernel: [    0.316608] system 00:01: [mem 0xfeb80000-0xfebfffff] has been reserved
Feb  8 22:48:39 ubuntu-server systemd[1]: Finished Load AppArmor profiles managed internally by snapd.
Feb  8 22:48:39 ubuntu-server systemd[1]: Condition check resulted in OpenVSwitch configuration for cleanup being skipped.
Feb  8 22:48:39 ubuntu-server systemd[1]: message repeated 2 times: [ Condition check resulted in OpenVSwitch configuration for cleanup being skipped.]
Feb  8 22:48:39 ubuntu-server systemd[1]: Finished Initial cloud-init job (pre-networking).
Feb  8 22:48:39 ubuntu-server systemd[1]: Reached target Preparation for Network.
Feb  8 22:48:39 ubuntu-server systemd[1]: Starting Network Configuration...
Feb  8 22:48:39 ubuntu-server systemd-networkd[1561]: lo: Link UP
Feb  8 22:48:39 ubuntu-server systemd-networkd[1561]: lo: Gained carrier
Feb  8 22:48:39 ubuntu-server kernel: [    0.316639] system 00:02: [mem 0xfd200000-0xfd2fffff] has been reserved
Feb  8 22:48:39 ubuntu-server kernel: [    0.316772] system 00:04: [io  0x0280-0x028f] has been reserved
Feb  8 22:48:39 ubuntu-server kernel: [    0.316774] system 00:04: [io  0x0290-0x029f] has been reserved
Feb  8 22:48:39 ubuntu-server kernel: [    0.316775] system 00:04: [io  0x02a0-0x02af] has been reserved
Feb  8 22:48:39 ubuntu-server systemd-networkd[1561]: Enumeration completed
Feb  8 22:48:39 ubuntu-server kernel: [    0.316776] system 00:04: [io  0x02b0-0x02bf] has been reserved
Feb  8 22:48:39 ubuntu-server kernel: [    0.316939] pnp 00:05: [dma 0 disabled]
Feb  8 22:48:39 ubuntu-server kernel: [    0.317087] system 00:06: [io  0x04d0-0x04d1] has been reserved
Feb  8 22:48:39 ubuntu-server kernel: [    0.317089] system 00:06: [io  0x040b] has been reserved
Feb  8 22:48:39 ubuntu-server kernel: [    0.317090] system 00:06: [io  0x04d6] has been reserved
Feb  8 22:48:39 ubuntu-server systemd[1]: Started Network Configuration.
Feb  8 22:48:39 ubuntu-server kernel: [    0.317091] system 00:06: [io  0x0c00-0x0c01] has been reserved
Feb  8 22:48:39 ubuntu-server kernel: [    0.317093] system 00:06: [io  0x0c14] has been reserved
Feb  8 22:48:39 ubuntu-server kernel: [    0.317094] system 00:06: [io  0x0c50-0x0c51] has been reserved
Feb  8 22:48:39 ubuntu-server kernel: [    0.317095] system 00:06: [io  0x0c52] has been reserved
Feb  8 22:48:39 ubuntu-server kernel: [    0.317096] system 00:06: [io  0x0c6c] has been reserved
Feb  8 22:48:39 ubuntu-server kernel: [    0.317097] system 00:06: [io  0x0c6f] has been reserved
Feb  8 22:48:39 ubuntu-server kernel: [    0.317099] system 00:06: [io  0x0cd8-0x0cdf] has been reserved
Feb  8 22:48:39 ubuntu-server kernel: [    0.317100] system 00:06: [io  0x0800-0x089f] has been reserved
Feb  8 22:48:39 ubuntu-server kernel: [    0.317101] system 00:06: [io  0x0b00-0x0b0f] has been reserved
Feb  8 22:48:39 ubuntu-server kernel: [    0.317102] system 00:06: [io  0x0b20-0x0b3f] has been reserved
Feb  8 22:48:39 ubuntu-server kernel: [    0.317104] system 00:06: [io  0x0900-0x090f] has been reserved
Feb  8 22:48:39 ubuntu-server kernel: [    0.317105] system 00:06: [io  0x0910-0x091f] has been reserved
Feb  8 22:48:39 ubuntu-server kernel: [    0.317106] system 00:06: [mem 0xfec00000-0xfec00fff] could not be reserved
Feb  8 22:48:39 ubuntu-server systemd[1]: Starting Wait for Network to be Configured...
Feb  8 22:48:39 ubuntu-server kernel: [    0.317108] system 00:06: [mem 0xfec01000-0xfec01fff] could not be reserved
Feb  8 22:48:39 ubuntu-server kernel: [    0.317109] system 00:06: [mem 0xfedc0000-0xfedc0fff] has been reserved
Feb  8 22:48:39 ubuntu-server kernel: [    0.317111] system 00:06: [mem 0xfee00000-0xfee00fff] has been reserved
Feb  8 22:48:39 ubuntu-server kernel: [    0.317112] system 00:06: [mem 0xfed80000-0xfed8ffff] could not be reserved
Feb  8 22:48:39 ubuntu-server kernel: [    0.317114] system 00:06: [mem 0xfec10000-0xfec10fff] has been reserved
Feb  8 22:48:39 ubuntu-server kernel: [    0.317115] system 00:06: [mem 0xff000000-0xffffffff] has been reserved
Feb  8 22:48:39 ubuntu-server kernel: [    0.317445] pnp: PnP ACPI: found 7 devices
Feb  8 22:48:39 ubuntu-server kernel: [    0.322601] clocksource: acpi_pm: mask: 0xffffff max_cycles: 0xffffff, max_idle_ns: 2085701024 ns
Feb  8 22:48:39 ubuntu-server systemd[1]: Starting Network Name Resolution...
Feb  8 22:48:39 ubuntu-server kernel: [    0.322640] NET: Registered PF_INET protocol family
Feb  8 22:48:39 ubuntu-server kernel: [    0.322781] IP idents hash table entries: 262144 (order: 9, 2097152 bytes, linear)
Feb  8 22:48:39 ubuntu-server kernel: [    0.323671] tcp_listen_portaddr_hash hash table entries: 16384 (order: 6, 262144 bytes, linear)
Feb  8 22:48:39 ubuntu-server kernel: [    0.323702] Table-perturb hash table entries: 65536 (order: 6, 262144 bytes, linear)
Feb  8 22:48:39 ubuntu-server kernel: [    0.323835] TCP established hash table entries: 262144 (order: 9, 2097152 bytes, linear)
Feb  8 22:48:39 ubuntu-server kernel: [    0.324008] TCP bind hash table entries: 65536 (order: 8, 1048576 bytes, linear)
Feb  8 22:48:39 ubuntu-server kernel: [    0.324056] TCP: Hash tables configured (established 262144 bind 65536)
Feb  8 22:48:39 ubuntu-server systemd[1]: Finished Wait for Network to be Configured.
Feb  8 22:48:39 ubuntu-server kernel: [    0.324158] MPTCP token hash table entries: 32768 (order: 7, 786432 bytes, linear)
Feb  8 22:48:39 ubuntu-server kernel: [    0.324206] UDP hash table entries: 16384 (order: 7, 524288 bytes, linear)
Feb  8 22:48:39 ubuntu-server kernel: [    0.324264] UDP-Lite hash table entries: 16384 (order: 7, 524288 bytes, linear)
Feb  8 22:48:39 ubuntu-server kernel: [    0.324323] NET: Registered PF_UNIX/PF_LOCAL protocol family
Feb  8 22:48:39 ubuntu-server kernel: [    0.324326] NET: Registered PF_XDP protocol family
Feb  8 22:48:39 ubuntu-server kernel: [    0.324335] pci 0000:00:01.1: PCI bridge to [bus 01]
Feb  8 22:48:39 ubuntu-server kernel: [    0.324339] pci 0000:00:01.1:   bridge window [mem 0xfca00000-0xfcafffff]
Feb  8 22:48:39 ubuntu-server kernel: [    0.324345] pci 0000:03:08.0: PCI bridge to [bus 04]
Feb  8 22:48:39 ubuntu-server systemd[1]: Starting Initial cloud-init job (metadata service crawler)...
Feb  8 22:48:39 ubuntu-server kernel: [    0.324347] pci 0000:03:08.0:   bridge window [io  0xf000-0xffff]
Feb  8 22:48:39 ubuntu-server kernel: [    0.324352] pci 0000:03:08.0:   bridge window [mem 0xfc800000-0xfc8fffff]
Feb  8 22:48:39 ubuntu-server kernel: [    0.324360] pci 0000:02:00.2: PCI bridge to [bus 03-04]
Feb  8 22:48:39 ubuntu-server kernel: [    0.324362] pci 0000:02:00.2:   bridge window [io  0xf000-0xffff]
Feb  8 22:48:39 ubuntu-server kernel: [    0.324366] pci 0000:02:00.2:   bridge window [mem 0xfc800000-0xfc8fffff]
Feb  8 22:48:39 ubuntu-server kernel: [    0.324374] pci 0000:00:01.2: PCI bridge to [bus 02-04]
Feb  8 22:48:39 ubuntu-server kernel: [    0.324375] pci 0000:00:01.2:   bridge window [io  0xf000-0xffff]
Feb  8 22:48:39 ubuntu-server kernel: [    0.324378] pci 0000:00:01.2:   bridge window [mem 0xfc800000-0xfc9fffff]
Feb  8 22:48:39 ubuntu-server systemd-resolved[1563]: Positive Trust Anchors:
Feb  8 22:48:39 ubuntu-server kernel: [    0.324384] pci 0000:06:01.0: PCI bridge to [bus 07]
Feb  8 22:48:39 ubuntu-server kernel: [    0.324389] pci 0000:06:01.0:   bridge window [mem 0xfb000000-0xfc1fffff]
Feb  8 22:48:39 ubuntu-server kernel: [    0.324392] pci 0000:06:01.0:   bridge window [mem 0xd0000000-0xdfffffff 64bit pref]
Feb  8 22:48:39 ubuntu-server kernel: [    0.324398] pci 0000:06:04.0: PCI bridge to [bus 08]
Feb  8 22:48:39 ubuntu-server kernel: [    0.324404] pci 0000:06:04.0:   bridge window [mem 0xfc300000-0xfc3fffff]
Feb  8 22:48:39 ubuntu-server kernel: [    0.324413] pci 0000:05:00.0: PCI bridge to [bus 06-08]
Feb  8 22:48:39 ubuntu-server kernel: [    0.324417] pci 0000:05:00.0:   bridge window [mem 0xfb000000-0xfc3fffff]
Feb  8 22:48:39 ubuntu-server kernel: [    0.324420] pci 0000:05:00.0:   bridge window [mem 0xd0000000-0xdfffffff 64bit pref]
Feb  8 22:48:39 ubuntu-server kernel: [    0.324425] pci 0000:00:03.1: PCI bridge to [bus 05-08]
Feb  8 22:48:39 ubuntu-server systemd-resolved[1563]: . IN DS 20326 8 2 e06d44b80b8f1d39a95c0b0d7c65d08458e880409bbc683457104237c7f8ec8d
Feb  8 22:48:39 ubuntu-server kernel: [    0.324428] pci 0000:00:03.1:   bridge window [mem 0xfb000000-0xfc3fffff]
Feb  8 22:48:39 ubuntu-server kernel: [    0.324430] pci 0000:00:03.1:   bridge window [mem 0xd0000000-0xe07fffff 64bit pref]
Feb  8 22:48:39 ubuntu-server kernel: [    0.324435] pci 0000:00:07.1: PCI bridge to [bus 09]
Feb  8 22:48:39 ubuntu-server kernel: [    0.324441] pci 0000:00:08.1: PCI bridge to [bus 0a]
Feb  8 22:48:39 ubuntu-server kernel: [    0.324444] pci 0000:00:08.1:   bridge window [mem 0xfc500000-0xfc7fffff]
Feb  8 22:48:39 ubuntu-server kernel: [    0.324449] pci_bus 0000:00: resource 4 [io  0x0000-0x0cf7 window]
Feb  8 22:48:39 ubuntu-server kernel: [    0.324450] pci_bus 0000:00: resource 5 [io  0x0d00-0xffff window]
Feb  8 22:48:39 ubuntu-server kernel: [    0.324452] pci_bus 0000:00: resource 6 [mem 0x000a0000-0x000dffff window]
Feb  8 22:48:39 ubuntu-server kernel: [    0.324453] pci_bus 0000:00: resource 7 [mem 0xc0000000-0xfec2ffff window]
Feb  8 22:48:39 ubuntu-server kernel: [    0.324454] pci_bus 0000:00: resource 8 [mem 0xfee00000-0xffffffff window]
Feb  8 22:48:39 ubuntu-server kernel: [    0.324455] pci_bus 0000:01: resource 1 [mem 0xfca00000-0xfcafffff]
Feb  8 22:48:39 ubuntu-server systemd-resolved[1563]: Negative trust anchors: home.arpa 10.in-addr.arpa 16.172.in-addr.arpa 17.172.in-addr.arpa 18.172.in-addr.arpa 19.172.in-addr.arpa 20.172.in-addr.arpa 21.172.in-addr.arpa 22.172.in-addr.arpa 23.172.in-addr.arpa 24.172.in-addr.arpa 25.172.in-addr.arpa 26.172.in-addr.arpa 27.172.in-addr.arpa 28.172.in-addr.arpa 29.172.in-addr.arpa 30.172.in-addr.arpa 31.172.in-addr.arpa 168.192.in-addr.arpa d.f.ip6.arpa corp home internal intranet lan local private test
Feb  8 22:48:39 ubuntu-server kernel: [    0.324457] pci_bus 0000:02: resource 0 [io  0xf000-0xffff]
Feb  8 22:48:39 ubuntu-server kernel: [    0.324458] pci_bus 0000:02: resource 1 [mem 0xfc800000-0xfc9fffff]
Feb  8 22:48:39 ubuntu-server kernel: [    0.324459] pci_bus 0000:03: resource 0 [io  0xf000-0xffff]
Feb  8 22:48:39 ubuntu-server kernel: [    0.324460] pci_bus 0000:03: resource 1 [mem 0xfc800000-0xfc8fffff]
Feb  8 22:48:39 ubuntu-server kernel: [    0.324461] pci_bus 0000:04: resource 0 [io  0xf000-0xffff]
Feb  8 22:48:39 ubuntu-server kernel: [    0.324463] pci_bus 0000:04: resource 1 [mem 0xfc800000-0xfc8fffff]
Feb  8 22:48:39 ubuntu-server kernel: [    0.324464] pci_bus 0000:05: resource 1 [mem 0xfb000000-0xfc3fffff]
Feb  8 22:48:39 ubuntu-server kernel: [    0.324465] pci_bus 0000:05: resource 2 [mem 0xd0000000-0xe07fffff 64bit pref]
Feb  8 22:48:39 ubuntu-server kernel: [    0.324466] pci_bus 0000:06: resource 1 [mem 0xfb000000-0xfc3fffff]
Feb  8 22:48:39 ubuntu-server systemd-resolved[1563]: Using system hostname 'ubuntu-server'.
Feb  8 22:48:39 ubuntu-server kernel: [    0.324468] pci_bus 0000:06: resource 2 [mem 0xd0000000-0xdfffffff 64bit pref]
Feb  8 22:48:39 ubuntu-server kernel: [    0.324469] pci_bus 0000:07: resource 1 [mem 0xfb000000-0xfc1fffff]
Feb  8 22:48:39 ubuntu-server kernel: [    0.324470] pci_bus 0000:07: resource 2 [mem 0xd0000000-0xdfffffff 64bit pref]
Feb  8 22:48:39 ubuntu-server kernel: [    0.324472] pci_bus 0000:08: resource 1 [mem 0xfc300000-0xfc3fffff]
Feb  8 22:48:39 ubuntu-server kernel: [    0.324473] pci_bus 0000:0a: resource 1 [mem 0xfc500000-0xfc7fffff]
Feb  8 22:48:39 ubuntu-server kernel: [    0.324663] PCI: CLS 64 bytes, default 64
Feb  8 22:48:39 ubuntu-server kernel: [    0.324668] PCI-DMA: Using software bounce buffering for IO (SWIOTLB)
Feb  8 22:48:39 ubuntu-server kernel: [    0.324669] software IO TLB: mapped [mem 0x00000000a968c000-0x00000000ad68c000] (64MB)
Feb  8 22:48:39 ubuntu-server systemd-networkd[1561]: enp4s0: Link UP
Feb  8 22:48:39 ubuntu-server kernel: [    0.324677] LVT offset 0 assigned for vector 0x400
Feb  8 22:48:39 ubuntu-server kernel: [    0.324703] Trying to unpack rootfs image as initramfs...
Feb  8 22:48:39 ubuntu-server kernel: [    0.334707] perf: AMD IBS detected (0x000003ff)
Feb  8 22:48:39 ubuntu-server kernel: [    0.335027] Initialise system trusted keyrings
Feb  8 22:48:39 ubuntu-server kernel: [    0.335034] Key type blacklist registered
Feb  8 22:48:39 ubuntu-server kernel: [    0.335055] workingset: timestamp_bits=36 max_order=23 bucket_order=0
Feb  8 22:48:39 ubuntu-server kernel: [    0.335630] zbud: loaded
Feb  8 22:48:39 ubuntu-server kernel: [    0.335746] squashfs: version 4.0 (2009/01/31) Phillip Lougher
Feb  8 22:48:39 ubuntu-server kernel: [    0.335806] fuse: init (API version 7.34)
Feb  8 22:48:39 ubuntu-server systemd[1]: Started Network Name Resolution.
Feb  8 22:48:39 ubuntu-server kernel: [    0.335882] integrity: Platform Keyring initialized
Feb  8 22:48:39 ubuntu-server kernel: [    0.338284] Key type asymmetric registered
Feb  8 22:48:39 ubuntu-server kernel: [    0.338286] Asymmetric key parser 'x509' registered
Feb  8 22:48:39 ubuntu-server kernel: [    0.338293] Block layer SCSI generic (bsg) driver version 0.4 loaded (major 243)
Feb  8 22:48:39 ubuntu-server kernel: [    0.338317] io scheduler mq-deadline registered
Feb  8 22:48:39 ubuntu-server kernel: [    0.339250] pcieport 0000:00:01.1: PME: Signaling with IRQ 26
Feb  8 22:48:39 ubuntu-server kernel: [    0.339294] pcieport 0000:00:01.1: AER: enabled with IRQ 26
Feb  8 22:48:39 ubuntu-server kernel: [    0.339383] pcieport 0000:00:01.2: PME: Signaling with IRQ 27
Feb  8 22:48:39 ubuntu-server kernel: [    0.339422] pcieport 0000:00:01.2: AER: enabled with IRQ 27
Feb  8 22:48:39 ubuntu-server systemd[1]: Reached target Network.
Feb  8 22:48:39 ubuntu-server kernel: [    0.339507] pcieport 0000:00:03.1: PME: Signaling with IRQ 28
Feb  8 22:48:39 ubuntu-server kernel: [    0.339547] pcieport 0000:00:03.1: AER: enabled with IRQ 28
Feb  8 22:48:39 ubuntu-server kernel: [    0.339653] pcieport 0000:00:07.1: PME: Signaling with IRQ 30
Feb  8 22:48:39 ubuntu-server kernel: [    0.339691] pcieport 0000:00:07.1: AER: enabled with IRQ 30
Feb  8 22:48:39 ubuntu-server kernel: [    0.339764] pcieport 0000:00:08.1: PME: Signaling with IRQ 31
Feb  8 22:48:39 ubuntu-server systemd[1]: Reached target Host and Network Name Lookups.
Feb  8 22:48:39 ubuntu-server kernel: [    0.339805] pcieport 0000:00:08.1: AER: enabled with IRQ 31
Feb  8 22:48:39 ubuntu-server kernel: [    0.340226] shpchp: Standard Hot Plug PCI Controller Driver version: 0.4
Feb  8 22:48:39 ubuntu-server kernel: [    0.340297] input: Power Button as /devices/LNXSYSTM:00/LNXSYBUS:00/PNP0C0C:00/input/input0
Feb  8 22:48:39 ubuntu-server kernel: [    0.340307] ACPI: button: Power Button [PWRB]
Feb  8 22:48:39 ubuntu-server kernel: [    0.340323] input: Power Button as /devices/LNXSYSTM:00/LNXPWRBN:00/input/input1
Feb  8 22:48:39 ubuntu-server kernel: [    0.340341] ACPI: button: Power Button [PWRF]
Feb  8 22:48:39 ubuntu-server kernel: [    0.340363] Monitor-Mwait will be used to enter C-1 state
Feb  8 22:48:39 ubuntu-server kernel: [    0.340365] ACPI: \_SB_.PLTF.C000: Found 2 idle states
Feb  8 22:48:39 ubuntu-server kernel: [    0.340410] ACPI: \_SB_.PLTF.C002: Found 2 idle states
Feb  8 22:48:39 ubuntu-server kernel: [    0.340464] ACPI: \_SB_.PLTF.C004: Found 2 idle states
Feb  8 22:48:39 ubuntu-server kernel: [    0.340515] ACPI: \_SB_.PLTF.C006: Found 2 idle states
Feb  8 22:48:39 ubuntu-server kernel: [    0.340563] ACPI: \_SB_.PLTF.C008: Found 2 idle states
Feb  8 22:48:39 ubuntu-server kernel: [    0.340596] ACPI: \_SB_.PLTF.C00A: Found 2 idle states
Feb  8 22:48:39 ubuntu-server kernel: [    0.340644] ACPI: \_SB_.PLTF.C001: Found 2 idle states
Feb  8 22:48:39 ubuntu-server kernel: [    0.340696] ACPI: \_SB_.PLTF.C003: Found 2 idle states
Feb  8 22:48:39 ubuntu-server kernel: [    0.340749] ACPI: \_SB_.PLTF.C005: Found 2 idle states
Feb  8 22:48:39 ubuntu-server kernel: [    0.340795] ACPI: \_SB_.PLTF.C007: Found 2 idle states
Feb  8 22:48:39 ubuntu-server kernel: [    0.340842] ACPI: \_SB_.PLTF.C009: Found 2 idle states
Feb  8 22:48:39 ubuntu-server kernel: [    0.340887] ACPI: \_SB_.PLTF.C00B: Found 2 idle states
Feb  8 22:48:39 ubuntu-server kernel: [    0.341002] Serial: 8250/16550 driver, 32 ports, IRQ sharing enabled
Feb  8 22:48:39 ubuntu-server kernel: [    0.361537] 00:05: ttyS0 at I/O 0x3f8 (irq = 4, base_baud = 115200) is a 16550A
Feb  8 22:48:39 ubuntu-server kernel: [    0.362955] Linux agpgart interface v0.103
Feb  8 22:48:39 ubuntu-server kernel: [    0.435719] loop: module loaded
Feb  8 22:48:39 ubuntu-server kernel: [    0.435872] tun: Universal TUN/TAP device driver, 1.6
Feb  8 22:48:39 ubuntu-server kernel: [    0.435887] PPP generic driver version 2.4.2
Feb  8 22:48:39 ubuntu-server kernel: [    0.435910] VFIO - User Level meta-driver version: 0.3
Feb  8 22:48:39 ubuntu-server kernel: [    0.435958] ehci_hcd: USB 2.0 'Enhanced' Host Controller (EHCI) Driver
Feb  8 22:48:39 ubuntu-server kernel: [    0.435960] ehci-pci: EHCI PCI platform driver
Feb  8 22:48:39 ubuntu-server kernel: [    0.435966] ehci-platform: EHCI generic platform driver
Feb  8 22:48:39 ubuntu-server kernel: [    0.435970] ohci_hcd: USB 1.1 'Open' Host Controller (OHCI) Driver
Feb  8 22:48:39 ubuntu-server kernel: [    0.435972] ohci-pci: OHCI PCI platform driver
Feb  8 22:48:39 ubuntu-server kernel: [    0.435976] ohci-platform: OHCI generic platform driver
Feb  8 22:48:39 ubuntu-server kernel: [    0.435979] uhci_hcd: USB Universal Host Controller Interface driver
Feb  8 22:48:39 ubuntu-server kernel: [    0.436005] i8042: PNP: No PS/2 controller found.
Feb  8 22:48:39 ubuntu-server kernel: [    0.436027] mousedev: PS/2 mouse device common for all mice
Feb  8 22:48:39 ubuntu-server kernel: [    0.436070] rtc_cmos 00:03: RTC can wake from S4
Feb  8 22:48:39 ubuntu-server kernel: [    0.436231] rtc_cmos 00:03: registered as rtc0
Feb  8 22:48:39 ubuntu-server kernel: [    0.436259] rtc_cmos 00:03: setting system clock to 2024-02-08T22:48:21 UTC (1707432501)
Feb  8 22:48:39 ubuntu-server kernel: [    0.436279] rtc_cmos 00:03: alarms up to one month, y3k, 114 bytes nvram, hpet irqs
Feb  8 22:48:39 ubuntu-server kernel: [    0.436284] i2c_dev: i2c /dev entries driver
Feb  8 22:48:39 ubuntu-server kernel: [    0.436294] device-mapper: core: CONFIG_IMA_DISABLE_HTABLE is disabled. Duplicate IMA measurements will not be recorded in the IMA log.
Feb  8 22:48:39 ubuntu-server kernel: [    0.436313] device-mapper: uevent: version 1.0.3
Feb  8 22:48:39 ubuntu-server kernel: [    0.436334] device-mapper: ioctl: 4.45.0-ioctl (2021-03-22) initialised: dm-devel@redhat.com
Feb  8 22:48:39 ubuntu-server kernel: [    0.436343] platform eisa.0: Probing EISA bus 0
Feb  8 22:48:39 ubuntu-server kernel: [    0.436345] platform eisa.0: EISA: Cannot allocate resource for mainboard
Feb  8 22:48:39 ubuntu-server kernel: [    0.436346] platform eisa.0: Cannot allocate resource for EISA slot 1
Feb  8 22:48:39 ubuntu-server kernel: [    0.436347] platform eisa.0: Cannot allocate resource for EISA slot 2
Feb  8 22:48:39 ubuntu-server kernel: [    0.436349] platform eisa.0: Cannot allocate resource for EISA slot 3
Feb  8 22:48:39 ubuntu-server kernel: [    0.436350] platform eisa.0: Cannot allocate resource for EISA slot 4
Feb  8 22:48:39 ubuntu-server kernel: [    0.436351] platform eisa.0: Cannot allocate resource for EISA slot 5
Feb  8 22:48:39 ubuntu-server kernel: [    0.436352] platform eisa.0: Cannot allocate resource for EISA slot 6
Feb  8 22:48:39 ubuntu-server kernel: [    0.436353] platform eisa.0: Cannot allocate resource for EISA slot 7
Feb  8 22:48:39 ubuntu-server kernel: [    0.436354] platform eisa.0: Cannot allocate resource for EISA slot 8
Feb  8 22:48:39 ubuntu-server kernel: [    0.436355] platform eisa.0: EISA: Detected 0 cards
Feb  8 22:48:39 ubuntu-server kernel: [    0.436447] ledtrig-cpu: registered to indicate activity on CPUs
Feb  8 22:48:39 ubuntu-server kernel: [    0.436457] efifb: probing for efifb
Feb  8 22:48:39 ubuntu-server kernel: [    0.436465] efifb: framebuffer at 0xdc000000, using 8100k, total 8100k
Feb  8 22:48:39 ubuntu-server kernel: [    0.436466] efifb: mode is 1920x1080x32, linelength=7680, pages=1
Feb  8 22:48:39 ubuntu-server kernel: [    0.436468] efifb: scrolling: redraw
Feb  8 22:48:39 ubuntu-server kernel: [    0.436468] efifb: Truecolor: size=8:8:8:8, shift=24:16:8:0
Feb  8 22:48:39 ubuntu-server kernel: [    0.436511] Console: switching to colour frame buffer device 240x67
Feb  8 22:48:39 ubuntu-server kernel: [    0.438459] fb0: EFI VGA frame buffer device
Feb  8 22:48:39 ubuntu-server kernel: [    0.438468] EFI Variables Facility v0.08 2004-May-17
Feb  8 22:48:39 ubuntu-server kernel: [    0.439234] drop_monitor: Initializing network drop monitor service
Feb  8 22:48:39 ubuntu-server kernel: [    0.439317] NET: Registered PF_INET6 protocol family
Feb  8 22:48:39 ubuntu-server kernel: [    0.654426] Freeing initrd memory: 110120K
Feb  8 22:48:39 ubuntu-server kernel: [    0.656914] Segment Routing with IPv6
Feb  8 22:48:39 ubuntu-server kernel: [    0.656931] In-situ OAM (IOAM) with IPv6
Feb  8 22:48:39 ubuntu-server kernel: [    0.656958] NET: Registered PF_PACKET protocol family
Feb  8 22:48:39 ubuntu-server kernel: [    0.656990] Key type dns_resolver registered
Feb  8 22:48:39 ubuntu-server kernel: [    0.657469] microcode: CPU0: patch_level=0x0a20120e
Feb  8 22:48:39 ubuntu-server kernel: [    0.657481] microcode: CPU1: patch_level=0x0a20120e
Feb  8 22:48:39 ubuntu-server kernel: [    0.657495] microcode: CPU2: patch_level=0x0a20120e
Feb  8 22:48:39 ubuntu-server kernel: [    0.657511] microcode: CPU3: patch_level=0x0a20120e
Feb  8 22:48:39 ubuntu-server kernel: [    0.657527] microcode: CPU4: patch_level=0x0a20120e
Feb  8 22:48:39 ubuntu-server kernel: [    0.657542] microcode: CPU5: patch_level=0x0a20120e
Feb  8 22:48:39 ubuntu-server kernel: [    0.657556] microcode: CPU6: patch_level=0x0a20120e
Feb  8 22:48:39 ubuntu-server kernel: [    0.657570] microcode: CPU7: patch_level=0x0a20120e
Feb  8 22:48:39 ubuntu-server kernel: [    0.657583] microcode: CPU8: patch_level=0x0a20120e
Feb  8 22:48:39 ubuntu-server kernel: [    0.657596] microcode: CPU9: patch_level=0x0a20120e
Feb  8 22:48:39 ubuntu-server kernel: [    0.657609] microcode: CPU10: patch_level=0x0a20120e
Feb  8 22:48:39 ubuntu-server kernel: [    0.657622] microcode: CPU11: patch_level=0x0a20120e
Feb  8 22:48:39 ubuntu-server kernel: [    0.657634] microcode: Microcode Update Driver: v2.2.
Feb  8 22:48:39 ubuntu-server kernel: [    0.657698] resctrl: L3 allocation detected
Feb  8 22:48:39 ubuntu-server kernel: [    0.657714] resctrl: MB allocation detected
Feb  8 22:48:39 ubuntu-server kernel: [    0.657721] resctrl: L3 monitoring detected
Feb  8 22:48:39 ubuntu-server kernel: [    0.657730] IPI shorthand broadcast: enabled
Feb  8 22:48:39 ubuntu-server kernel: [    0.657750] sched_clock: Marking stable (657345257, 344956)->(676191445, -18501232)
Feb  8 22:48:39 ubuntu-server kernel: [    0.657925] registered taskstats version 1
Feb  8 22:48:39 ubuntu-server kernel: [    0.657990] Loading compiled-in X.509 certificates
Feb  8 22:48:39 ubuntu-server kernel: [    0.658324] Loaded X.509 cert 'Build time autogenerated kernel key: 9d82e5e7ad5edec3b7fd52847c6ba9a5bea7ed9c'
Feb  8 22:48:39 ubuntu-server kernel: [    0.658605] Loaded X.509 cert 'Canonical Ltd. Live Patch Signing: 14df34d1a87cf37625abec039ef2bf521249b969'
Feb  8 22:48:39 ubuntu-server kernel: [    0.658892] Loaded X.509 cert 'Canonical Ltd. Kernel Module Signing: 88f752e560a1e0737e31163a466ad7b70a850c19'
Feb  8 22:48:39 ubuntu-server kernel: [    0.658910] blacklist: Loading compiled-in revocation X.509 certificates
Feb  8 22:48:39 ubuntu-server kernel: [    0.658929] Loaded X.509 cert 'Canonical Ltd. Secure Boot Signing: 61482aa2830d0ab2ad5af10b7250da9033ddcef0'
Feb  8 22:48:39 ubuntu-server kernel: [    0.658952] Loaded X.509 cert 'Canonical Ltd. Secure Boot Signing (2017): 242ade75ac4a15e50d50c84b0d45ff3eae707a03'
Feb  8 22:48:39 ubuntu-server kernel: [    0.658976] Loaded X.509 cert 'Canonical Ltd. Secure Boot Signing (ESM 2018): 365188c1d374d6b07c3c8f240f8ef722433d6a8b'
Feb  8 22:48:39 ubuntu-server kernel: [    0.658999] Loaded X.509 cert 'Canonical Ltd. Secure Boot Signing (2019): c0746fd6c5da3ae827864651ad66ae47fe24b3e8'
Feb  8 22:48:39 ubuntu-server kernel: [    0.659023] Loaded X.509 cert 'Canonical Ltd. Secure Boot Signing (2021 v1): a8d54bbb3825cfb94fa13c9f8a594a195c107b8d'
Feb  8 22:48:39 ubuntu-server kernel: [    0.659046] Loaded X.509 cert 'Canonical Ltd. Secure Boot Signing (2021 v2): 4cf046892d6fd3c9a5b03f98d845f90851dc6a8c'
Feb  8 22:48:39 ubuntu-server kernel: [    0.659069] Loaded X.509 cert 'Canonical Ltd. Secure Boot Signing (2021 v3): 100437bb6de6e469b581e61cd66bce3ef4ed53af'
Feb  8 22:48:39 ubuntu-server kernel: [    0.659093] Loaded X.509 cert 'Canonical Ltd. Secure Boot Signing (Ubuntu Core 2019): c1d57b8f6b743f23ee41f4f7ee292f06eecadfb9'
Feb  8 22:48:39 ubuntu-server kernel: [    0.659736] zswap: loaded using pool lzo/zbud
Feb  8 22:48:39 ubuntu-server kernel: [    0.660401] Key type .fscrypt registered
Feb  8 22:48:39 ubuntu-server systemd[1]: Finished Initial cloud-init job (metadata service crawler).
Feb  8 22:48:39 ubuntu-server kernel: [    0.660775] Key type fscrypt-provisioning registered
Feb  8 22:48:39 ubuntu-server kernel: [    0.661205] Key type trusted registered
Feb  8 22:48:39 ubuntu-server kernel: [    0.662583] Key type encrypted registered
Feb  8 22:48:39 ubuntu-server kernel: [    0.662955] AppArmor: AppArmor sha1 policy hashing enabled
Feb  8 22:48:39 ubuntu-server kernel: [    0.663365] integrity: Loading X.509 certificate: UEFI:MokListRT (MOKvar table)
Feb  8 22:48:39 ubuntu-server kernel: [    0.663844] integrity: Loaded X.509 cert 'Canonical Ltd. Master Certificate Authority: ad91990bc22ab1f517048c23b6655a268e345a63'
Feb  8 22:48:39 ubuntu-server systemd[1]: Reached target Cloud-config availability.
Feb  8 22:48:39 ubuntu-server kernel: [    0.664222] Loading compiled-in module X.509 certificates
Feb  8 22:48:39 ubuntu-server kernel: [    0.664872] Loaded X.509 cert 'Build time autogenerated kernel key: 9d82e5e7ad5edec3b7fd52847c6ba9a5bea7ed9c'
Feb  8 22:48:39 ubuntu-server kernel: [    0.665261] ima: Allocated hash algorithm: sha1
Feb  8 22:48:39 ubuntu-server kernel: [    0.773384] ima: No architecture policies found
Feb  8 22:48:39 ubuntu-server kernel: [    0.773878] evm: Initialising EVM extended attributes:
Feb  8 22:48:39 ubuntu-server systemd[1]: Reached target Network is Online.
Feb  8 22:48:39 ubuntu-server systemd[1]: Reached target System Initialization.
Feb  8 22:48:39 ubuntu-server systemd[1]: Condition check resulted in Process error reports when automatic reporting is enabled (file watch) being skipped.
Feb  8 22:48:39 ubuntu-server systemd[1]: Condition check resulted in Process error reports when automatic reporting is enabled (timer based) being skipped.
Feb  8 22:48:39 ubuntu-server systemd[1]: Started Daily apt download activities.
Feb  8 22:48:39 ubuntu-server systemd[1]: Started Daily apt upgrade and clean activities.
Feb  8 22:48:39 ubuntu-server systemd[1]: Started Daily dpkg database backup timer.
Feb  8 22:48:39 ubuntu-server systemd[1]: Started Periodic ext4 Online Metadata Check for All Filesystems.
Feb  8 22:48:39 ubuntu-server systemd[1]: Started Discard unused blocks once a week.
